Microchip MPLAB XC8 Compiler V2.10 ()

Linker command line:

-W-3 --edf=C:\Program Files (x86)\Microchip\xc8\v2.10\pic\dat\en_msgs.txt \
  -cs -h+dist/default/production\Semafore.X.production.sym \
  --cmf=dist/default/production\Semafore.X.production.cmf -z -Q16F877A \
  -oC:\Users\Rigna\AppData\Local\Temp\st2s.2 --defsym=__MPLAB_BUILD=1 \
  -Mdist/default/production/Semafore.X.production.map -E1 -ver=XC8 \
  --acfsm=1493 -ASTACK=065h-06Fh -pstack=STACK -ACODE=00h-07FFhx4 \
  -ASTRCODE=00h-01FFFh -ASTRING=00h-0FFhx32 -ACONST=00h-0FFhx32 \
  -AENTRY=00h-0FFhx32 -ACOMMON=070h-07Fh -ABANK0=020h-06Fh \
  -ABANK1=0A0h-0EFh -ABANK2=0110h-016Fh -ABANK3=0190h-01EFh \
  -ARAM=020h-06Fh,0A0h-0EFh,0110h-016Fh,0190h-01EFh \
  -AABS1=020h-07Fh,0A0h-0EFh,0110h-016Fh,0190h-01EFh -ASFR0=00h-01Fh \
  -ASFR1=080h-09Fh -ASFR2=0100h-010Fh -ASFR3=0180h-018Fh \
  -preset_vec=00h,intentry=04h,init,end_init -ppowerup=CODE -pcinit=CODE \
  -pfunctab=ENTRY -ACONFIG=02007h-02007h -pconfig=CONFIG -DCONFIG=2 \
  -AIDLOC=02000h-02003h -pidloc=IDLOC -DIDLOC=2 -AEEDATA=00h-0FFh/02100h \
  -peeprom_data=EEDATA -DEEDATA=2 -DCODE=2 -DSTRCODE=2 -DSTRING=2 -DCONST=2 \
  -DENTRY=2 -k C:\Users\Rigna\AppData\Local\Temp\st2s.o \
  dist/default/production\Semafore.X.production.o 

Object code version is 3.11

Machine type is 16F877A



                Name                               Link     Load   Length Selector   Space Scale
C:\Users\Rigna\AppData\Local\Temp\st2s.o
                end_init                              E        E        3        8       0
                reset_vec                             0        0        3        0       0
                config                             2007     2007        1     400E       0
dist/default/production\Semafore.X.production.o
                cinit                                11       11       46        8       0
                intentry                              4        4        A        8       0
                text21                              AA2      AA2        9     1544       0
                text20                              648      648       E3        8       0
                text19                              C88      C88       5A     1910       0
                text18                              B2A      B2A       26     1654       0
                text17                              D3D      D3D       69     1A7A       0
                text16                              CE2      CE2       5B     19C4       0
                text15                              DA6      DA6       6B     1B4C       0
                text14                              C48      C48       40     1890       0
                text13                              E11      E11       8A     1C22       0
                text12                              ADE      ADE       15     15BC       0
                text11                              E9B      E9B       9D     1D36       0
                text10                              C0E      C0E       3A     181C       0
                text9                               AF3      AF3       17     15E6       0
                text8                               B77      B77       31     16EE       0
                text7                               72B      72B       C9        8       0
                text6                               AB8      AB8       13     1570       0
                text5                               B50      B50       27     16A0       0
                text4                               BD9      BD9       35     17B2       0
                text3                               F38      F38       C8     1E70       0
                text2                               7F4      7F4        B        8       0
                text1                               BA8      BA8       31     1750       0
                maintext                             57       57      5F1        8       0
                cstackBANK0                          20       20       2C       20       1
                cstackCOMMON                         75       75        5       70       1
                cstackBANK2                         158      158       14      110       1
                clrtext                             A9A      A9A        8     1534       0
                inittext                            ACB      ACB       13     1596       0
                bssBANK2                            110      110       48      110       1
                bssBANK3                            190      190       60      190       1
                dataBANK1                            C7       C7       20       A0       1
                bssBANK1                             A0       A0       27       A0       1
                dataBANK0                            4C       4C        D       20       1
                bssBANK0                             59       59        C       20       1
                bssCOMMON                            70       70        5       70       1
                strings                             800      800       11     1000       0
                idataBANK1                          B0A      B0A       20     1614       0
                idataBANK0                          AAB      AAB        D     1556       0

TOTAL           Name                               Link     Load   Length     Space
        CLASS   STACK          

        CLASS   CODE           
                end_init                              E        E        3         0
                cinit                                11       11       46         0
                intentry                              4        4        A         0
                reset_vec                             0        0        3         0
                text21                              AA2      AA2        9         0
                text20                              648      648       E3         0
                text19                              C88      C88       5A         0
                text18                              B2A      B2A       26         0
                text17                              D3D      D3D       69         0
                text16                              CE2      CE2       5B         0
                text15                              DA6      DA6       6B         0
                text14                              C48      C48       40         0
                text13                              E11      E11       8A         0
                text12                              ADE      ADE       15         0
                text11                              E9B      E9B       9D         0
                text10                              C0E      C0E       3A         0
                text9                               AF3      AF3       17         0
                text8                               B77      B77       31         0
                text7                               72B      72B       C9         0
                text6                               AB8      AB8       13         0
                text5                               B50      B50       27         0
                text4                               BD9      BD9       35         0
                text3                               F38      F38       C8         0
                text2                               7F4      7F4        B         0
                text1                               BA8      BA8       31         0
                maintext                             57       57      5F1         0
                clrtext                             A9A      A9A        8         0
                inittext                            ACB      ACB       13         0
                idataBANK1                          B0A      B0A       20         0
                idataBANK0                          AAB      AAB        D         0

        CLASS   STRCODE        

        CLASS   STRING         
                strings                             800      800       11         0

        CLASS   CONST          

        CLASS   ENTRY          

        CLASS   COMMON         
                cstackCOMMON                         75       75        5         1
                bssCOMMON                            70       70        5         1

        CLASS   BANK0          
                cstackBANK0                          20       20       2C         1
                dataBANK0                            4C       4C        D         1
                bssBANK0                             59       59        C         1

        CLASS   BANK1          
                dataBANK1                            C7       C7       20         1
                bssBANK1                             A0       A0       27         1

        CLASS   BANK2          
                cstackBANK2                         158      158       14         1
                bssBANK2                            110      110       48         1

        CLASS   BANK3          
                bssBANK3                            190      190       60         1

        CLASS   RAM            

        CLASS   ABS1           
                abs_s1                               7E       7E        2         1

        CLASS   SFR0           

        CLASS   SFR1           

        CLASS   SFR2           

        CLASS   SFR3           

        CLASS   CONFIG         
                config                             2007     2007        1         0

        CLASS   IDLOC          

        CLASS   EEDATA         



SEGMENTS        Name                           Load    Length   Top    Selector   Space  Class     Delta

                reset_vec                      000000  000003  000003         0       0  CODE        2
                intentry                       000004  0007FB  0007FF         8       0  CODE        2
                cstackBANK0                    000020  000045  000065        20       1  BANK0       1
                bssCOMMON                      000070  00000A  00007A        70       1  COMMON      1
                bssBANK1                       0000A0  000047  0000E7        A0       1  BANK1       1
                bssBANK2                       000110  00005C  00016C       110       1  BANK2       1
                bssBANK3                       000190  000060  0001F0       190       1  BANK3       1
                strings                        000800  000011  000811      1000       0  STRING      2
                clrtext                        000A9A  000008  000AA2      1534       0  CODE        2
                text21                         000AA2  000009  000AAB      1544       0  CODE        2
                idataBANK0                     000AAB  00000D  000AB8      1556       0  CODE        2
                text6                          000AB8  000013  000ACB      1570       0  CODE        2
                inittext                       000ACB  000013  000ADE      1596       0  CODE        2
                text12                         000ADE  000015  000AF3      15BC       0  CODE        2
                text9                          000AF3  000017  000B0A      15E6       0  CODE        2
                idataBANK1                     000B0A  000020  000B2A      1614       0  CODE        2
                text18                         000B2A  000026  000B50      1654       0  CODE        2
                text5                          000B50  000027  000B77      16A0       0  CODE        2
                text8                          000B77  000031  000BA8      16EE       0  CODE        2
                text1                          000BA8  000031  000BD9      1750       0  CODE        2
                text4                          000BD9  000035  000C0E      17B2       0  CODE        2
                text10                         000C0E  00003A  000C48      181C       0  CODE        2
                text14                         000C48  000040  000C88      1890       0  CODE        2
                text19                         000C88  00005A  000CE2      1910       0  CODE        2
                text16                         000CE2  00005B  000D3D      19C4       0  CODE        2
                text17                         000D3D  000069  000DA6      1A7A       0  CODE        2
                text15                         000DA6  00006B  000E11      1B4C       0  CODE        2
                text13                         000E11  00008A  000E9B      1C22       0  CODE        2
                text11                         000E9B  00009D  000F38      1D36       0  CODE        2
                text3                          000F38  0000C8  001000      1E70       0  CODE        2
                config                         002007  000001  002008      400E       0  CONFIG      2


UNUSED ADDRESS RANGES

        Name                Unused          Largest block    Delta
        BANK0            0065-006F              B           1
        BANK1            00E7-00EF              9           1
        BANK2            016C-016F              4           1
        CODE             0003-0003              1           2
                         07FF-07FF              1
                         0811-0A99            289
                         1000-1FFF            800
        COMMON           007A-007D              4           1
        CONST            0003-0003              1           2
                         07FF-07FF              1
                         0811-0A99            100
                         1000-1FFF            100
        EEDATA           2100-21FF            100           2
        ENTRY            0003-0003              1           2
                         07FF-07FF              1
                         0811-0A99            100
                         1000-1FFF            100
        IDLOC            2000-2003              4           2
        RAM              0065-006F              B           1
                         00E7-00EF              9
                         016C-016F              4
        SFR0             0000-001F             20           1
        SFR1             0080-009F             20           1
        SFR2             0100-010F             10           1
        SFR3             0180-018F             10           1
        STACK            0065-006F              B           1
        STRCODE          0003-0003              1           2
                         07FF-07FF              1
                         0811-0A99            289
                         1000-1FFF           1000
        STRING           0003-0003              1           2
                         07FF-07FF              1
                         0811-0A99            100
                         1000-1FFF            100

                                  Symbol Table

?_ADC_Read                 cstackBANK0  0020
?_GetTime                  cstackBANK0  0020
?___aldiv                  cstackBANK0  0020
?___awdiv                  cstackBANK0  0027
?___awmod                  cstackBANK0  0020
?___wmul                   cstackBANK0  0020
?_map                      cstackBANK0  0030
ADC_Read@canale            cstackBANK0  0023
BuildByte@byte0            cstackBANK0  0024
BuildByte@byte1            cstackBANK0  0020
BuildByte@i                cstackBANK0  0030
BuildByte@i_342            cstackBANK0  0032
BuildByte@sommaColumn      cstackBANK0  002B
BuildByte@sommaRow         cstackBANK0  002A
BuildByte@txByte           cstackBANK0  0025
BuildByte@valore           cstackBANK0  0021
BuildByte@y                cstackBANK0  002C
BuildByte@y_343            cstackBANK0  002E
GetDigits@Time             cstackBANK0  0030
GetTime@index              cstackBANK0  0024
GetTime@shortInt           cstackBANK0  0025
GetTime@time               cstackBANK0  0026
SetDefaultTimers@giallo    cstackBANK0  0024
SetDefaultTimers@i         cstackBANK0  002D
SetDefaultTimers@l         cstackBANK0  002C
SetDefaultTimers@rosso     cstackBANK0  0020
SetDefaultTimers@verde     cstackBANK0  0022
SetDisplay@d1              cstackBANK0  0023
SetDisplay@d2              cstackBANK0  0020
SetDisplay@d3              cstackBANK0  0021
SetDisplay@value           cstackBANK0  0022
UART_Init@baudrate         cstackBANK0  002F
UART_TxChar@ch             cstackBANK0  0020
_ADCON0                    (abs)        001F
_ADCON1                    (abs)        009F
_ADC_Read                  text18       0B2A
_ADRESH                    (abs)        001E
_ADRESL                    (abs)        009E
_BuildByte                 text3        0F38
_GO_nDONE                  (abs)        00FA
_GetDigits                 text15       0DA6
_GetDigits$1151            cstackBANK0  0035
_GetTime                   text14       0C48
_INTCON                    (abs)        000B
_INTCONbits                (abs)        000B
_ISR                       text19       0C88
_OPTION_REG                (abs)        0081
_PIE1bits                  (abs)        008C
_PORTAbits                 (abs)        0005
_PORTBbits                 (abs)        0006
_PORTD                     (abs)        0008
_RCIF                      (abs)        0065
_RCREG                     (abs)        001A
_RCSTAbits                 (abs)        0018
_SPBRG                     (abs)        0099
_Semafori                  dataBANK1    00C7
_SetDefaultTimers          text13       0E11
_SetDisplay                text12       0ADE
_T1CON                     (abs)        0010
_TMR0                      (abs)        0001
_TMR0IF                    (abs)        005A
_TMR1H                     (abs)        000F
_TMR1IF                    (abs)        0060
_TMR1L                     (abs)        000E
_TRISA                     (abs)        0085
_TRISB                     (abs)        0086
_TRISC                     (abs)        0087
_TRISCbits                 (abs)        0087
_TRISD                     (abs)        0088
_TRISE                     (abs)        0089
_TXIF                      (abs)        0064
_TXREG                     (abs)        0019
_TXSTAbits                 (abs)        0098
_UART_Init                 text10       0C0E
_UART_Read                 text21       0AA2
_UART_TxChar               text2        07F4
__CFG_BOREN$ON             (abs)        0000
__CFG_CP$OFF               (abs)        0000
__CFG_CPD$OFF              (abs)        0000
__CFG_FOSC$HS              (abs)        0000
__CFG_LVP$ON               (abs)        0000
__CFG_PWRTE$ON             (abs)        0000
__CFG_WDTE$OFF             (abs)        0000
__CFG_WRT$OFF              (abs)        0000
__Habs1                    abs1         0000
__Hbank0                   bank0        0000
__Hbank1                   bank1        0000
__Hbank2                   bank2        0000
__Hbank3                   bank3        0000
__HbssBANK0                bssBANK0     0000
__HbssBANK1                bssBANK1     0000
__HbssBANK2                bssBANK2     0000
__HbssBANK3                bssBANK3     0000
__HbssCOMMON               bssCOMMON    0000
__Hcinit                   cinit        0057
__Hclrtext                 clrtext      0000
__Hcode                    code         0000
__Hcommon                  common       0000
__Hconfig                  config       2008
__HcstackBANK0             cstackBANK0  0000
__HcstackBANK2             cstackBANK2  0000
__HcstackCOMMON            cstackCOMMON 0000
__HdataBANK0               dataBANK0    0000
__HdataBANK1               dataBANK1    0000
__Heeprom_data             eeprom_data  0000
__Hend_init                end_init     0011
__Hfunctab                 functab      0000
__HidataBANK0              idataBANK0   0000
__HidataBANK1              idataBANK1   0000
__Hidloc                   idloc        0000
__Hinit                    init         000E
__Hinittext                inittext     0000
__Hintentry                intentry     000E
__Hmaintext                maintext     0000
__Hpowerup                 powerup      0000
__Hram                     ram          0000
__Hreset_vec               reset_vec    0003
__Hsfr0                    sfr0         0000
__Hsfr1                    sfr1         0000
__Hsfr2                    sfr2         0000
__Hsfr3                    sfr3         0000
__Hspace_0                 (abs)        2008
__Hspace_1                 (abs)        01F0
__Hspace_2                 (abs)        0000
__Hspace_3                 (abs)        0000
__Hstack                   stack        0000
__Hstrings                 strings      0000
__Htext                    text         0000
__Labs1                    abs1         0000
__Lbank0                   bank0        0000
__Lbank1                   bank1        0000
__Lbank2                   bank2        0000
__Lbank3                   bank3        0000
__LbssBANK0                bssBANK0     0000
__LbssBANK1                bssBANK1     0000
__LbssBANK2                bssBANK2     0000
__LbssBANK3                bssBANK3     0000
__LbssCOMMON               bssCOMMON    0000
__Lcinit                   cinit        0011
__Lclrtext                 clrtext      0000
__Lcode                    code         0000
__Lcommon                  common       0000
__Lconfig                  config       2007
__LcstackBANK0             cstackBANK0  0000
__LcstackBANK2             cstackBANK2  0000
__LcstackCOMMON            cstackCOMMON 0000
__LdataBANK0               dataBANK0    0000
__LdataBANK1               dataBANK1    0000
__Leeprom_data             eeprom_data  0000
__Lend_init                end_init     000E
__Lfunctab                 functab      0000
__LidataBANK0              idataBANK0   0000
__LidataBANK1              idataBANK1   0000
__Lidloc                   idloc        0000
__Linit                    init         000E
__Linittext                inittext     0000
__Lintentry                intentry     0004
__Lmaintext                maintext     0000
__Lpowerup                 powerup      0000
__Lram                     ram          0000
__Lreset_vec               reset_vec    0000
__Lsfr0                    sfr0         0000
__Lsfr1                    sfr1         0000
__Lsfr2                    sfr2         0000
__Lsfr3                    sfr3         0000
__Lspace_0                 (abs)        0000
__Lspace_1                 (abs)        0000
__Lspace_2                 (abs)        0000
__Lspace_3                 (abs)        0000
__Lstack                   stack        0000
__Lstrings                 strings      0000
__Ltext                    text         0000
__S0                       (abs)        2008
__S1                       (abs)        01F0
__S2                       (abs)        0000
__S3                       (abs)        0000
___aldiv                   text11       0E9B
___aldiv@counter           cstackBANK0  0029
___aldiv@dividend          cstackBANK0  0024
___aldiv@divisor           cstackBANK0  0020
___aldiv@quotient          cstackBANK0  002B
___aldiv@sign              cstackBANK0  002A
___awdiv                   text17       0D3D
___awdiv@counter           cstackBANK0  002C
___awdiv@dividend          cstackBANK0  0029
___awdiv@divisor           cstackBANK0  0027
___awdiv@quotient          cstackBANK0  002E
___awdiv@sign              cstackBANK0  002D
___awmod                   text16       0CE2
___awmod@counter           cstackBANK0  0025
___awmod@dividend          cstackBANK0  0022
___awmod@divisor           cstackBANK0  0020
___awmod@sign              cstackBANK0  0026
___bmul                    text9        0AF3
___bmul@multiplicand       cstackBANK0  0020
___bmul@multiplier         cstackBANK0  0023
___bmul@product            cstackBANK0  0022
___int_sp                  stack        0000
___latbits                 (abs)        0002
___sp                      stack        0000
___stackhi                 (abs)        0000
___stacklo                 (abs)        0000
___wmul                    text5        0B50
___wmul@multiplicand       cstackBANK0  0022
___wmul@multiplier         cstackBANK0  0020
___wmul@product            cstackBANK0  0024
__end_of_ADC_Read          text18       0B50
__end_of_BuildByte         text3        1000
__end_of_GetDigits         text15       0E11
__end_of_GetTime           text14       0C88
__end_of_ISR               text19       0CE2
__end_of_SetDefaultTimers  text13       0E9B
__end_of_SetDisplay        text12       0AF3
__end_of_UART_Init         text10       0C48
__end_of_UART_Read         text21       0AAB
__end_of_UART_TxChar       text2        07FF
__end_of___aldiv           text11       0F38
__end_of___awdiv           text17       0DA6
__end_of___awmod           text16       0D3D
__end_of___bmul            text9        0B0A
__end_of___wmul            text5        0B77
__end_of__initialization   cinit        0053
__end_of__stringtab        strings      0806
__end_of_bitChange         text8        0BA8
__end_of_bitParita         text7        07F4
__end_of_conteggioVeicoli  text20       072B
__end_of_display           strings      0811
__end_of_init_ADC          text6        0ACB
__end_of_main              maintext     0648
__end_of_map               text4        0C0E
__end_of_sendByte          text1        0BD9
__initialization           cinit        0011
__pbssBANK0                bssBANK0     0059
__pbssBANK1                bssBANK1     00A0
__pbssBANK2                bssBANK2     0110
__pbssBANK3                bssBANK3     0190
__pbssCOMMON               bssCOMMON    0070
__pcstackBANK0             cstackBANK0  0020
__pcstackBANK2             cstackBANK2  0158
__pcstackCOMMON            cstackCOMMON 0075
__pdataBANK0               dataBANK0    004C
__pdataBANK1               dataBANK1    00C7
__pidataBANK0              idataBANK0   0AAB
__pidataBANK1              idataBANK1   0B0A
__pintentry                intentry     0004
__pmaintext                maintext     0057
__pstrings                 strings      0800
__ptext1                   text1        0BA8
__ptext10                  text10       0C0E
__ptext11                  text11       0E9B
__ptext12                  text12       0ADE
__ptext13                  text13       0E11
__ptext14                  text14       0C48
__ptext15                  text15       0DA6
__ptext16                  text16       0CE2
__ptext17                  text17       0D3D
__ptext18                  text18       0B2A
__ptext19                  text19       0C88
__ptext2                   text2        07F4
__ptext20                  text20       0648
__ptext21                  text21       0AA2
__ptext3                   text3        0F38
__ptext4                   text4        0BD9
__ptext5                   text5        0B50
__ptext6                   text6        0AB8
__ptext7                   text7        072B
__ptext8                   text8        0B77
__ptext9                   text9        0AF3
__size_of_ADC_Read         (abs)        0000
__size_of_BuildByte        (abs)        0000
__size_of_GetDigits        (abs)        0000
__size_of_GetTime          (abs)        0000
__size_of_ISR              (abs)        0000
__size_of_SetDefaultTimers (abs)        0000
__size_of_SetDisplay       (abs)        0000
__size_of_UART_Init        (abs)        0000
__size_of_UART_Read        (abs)        0000
__size_of_UART_TxChar      (abs)        0000
__size_of___aldiv          (abs)        0000
__size_of___awdiv          (abs)        0000
__size_of___awmod          (abs)        0000
__size_of___bmul           (abs)        0000
__size_of___wmul           (abs)        0000
__size_of_bitChange        (abs)        0000
__size_of_bitParita        (abs)        0000
__size_of_conteggioVeicoli (abs)        0000
__size_of_init_ADC         (abs)        0000
__size_of_main             (abs)        0000
__size_of_map              (abs)        0000
__size_of_sendByte         (abs)        0000
__stringbase               strings      0805
__stringtab                strings      0800
_bitChange                 text8        0B77
_bitParita                 text7        072B
_car                       dataBANK0    0050
_centinaia                 bssBANK0     005E
_conteggioVeicoli          text20       0648
_count                     bssCOMMON    0070
_count_lux                 bssCOMMON    0074
_countdown                 bssBANK0     005B
_cycled                    bssBANK0     0061
_dataFromGateway           bssBANK1     00A0
_dataFromGatewayIndex      bssBANK0     005A
_decine                    bssBANK0     005F
_disp                      bssBANK0     005C
_display                   strings      0806
_init_ADC                  text6        0AB8
_main                      maintext     0057
_map                       text4        0BD9
_motorcycle                dataBANK0    0054
_n_semafori                dataBANK0    0058
_old_disp                  bssBANK0     005D
_readGateway               bssBANK0     0063
_readGatewayDone           bssBANK0     0064
_s0                        bssBANK1     00BB
_s1                        bssBANK1     00AF
_s10                       bssBANK2     014C
_s11                       bssBANK2     0140
_s12                       bssBANK2     0134
_s13                       bssBANK2     0128
_s14                       bssBANK2     011C
_s15                       bssBANK2     0110
_s2                        bssBANK3     01E4
_s3                        bssBANK3     01D8
_s4                        bssBANK3     01CC
_s5                        bssBANK3     01C0
_s6                        bssBANK3     01B4
_s7                        bssBANK3     01A8
_s8                        bssBANK3     019C
_s9                        bssBANK3     0190
_secondPassed              bssBANK0     0062
_sendByte                  text1        0BA8
_timerReadFromGateway      bssBANK0     0059
_truck                     dataBANK0    004C
_unita                     bssBANK0     0060
bitChange@dato             cstackBANK0  0023
bitChange@n                cstackBANK0  0020
bitParita@error            cstackBANK0  002B
bitParita@errorColumn      cstackBANK0  002A
bitParita@errorRow         cstackBANK0  002C
bitParita@i                cstackBANK0  0032
bitParita@i_330            cstackBANK0  0034
bitParita@rx               cstackBANK0  0031
bitParita@sommaColumn      cstackBANK0  0029
bitParita@sommaRow         cstackBANK0  0028
bitParita@y                cstackBANK0  002D
bitParita@y_331            cstackBANK0  002F
btemp                      (abs)        007E
clear_ram0                 clrtext      0A9A
end_of_initialization      cinit        0053
init_fetch0                inittext     0ACB
init_ram0                  inittext     0ACF
interrupt_function         intentry     0004
intlevel0                  functab      0000
intlevel1                  functab      0000
intlevel2                  functab      0000
intlevel3                  functab      0000
intlevel4                  functab      0000
intlevel5                  functab      0000
main@colorId               cstackBANK2  0159
main@endCiclo              cstackBANK2  015D
main@i                     cstackBANK2  016A
main@i_436                 cstackBANK2  0166
main@i_437                 cstackBANK2  0163
main@i_439                 cstackBANK2  0164
main@i_442                 cstackBANK2  0165
main@i_449                 cstackBANK2  0169
main@index                 cstackBANK2  0160
main@l                     cstackBANK2  0168
main@lux_select            cstackBANK2  015F
main@pressione             cstackBANK2  015C
main@semaforoId            cstackBANK2  0158
main@temp                  cstackBANK2  015A
main@time                  cstackBANK2  0161
main@tmp                   cstackBANK2  015E
main@umidita               cstackBANK2  015B
map@in_max                 cstackBANK0  0034
map@in_min                 cstackBANK0  0032
map@out_max                cstackBANK0  0038
map@out_min                cstackBANK0  0036
map@x                      cstackBANK0  0030
reset_vec                  reset_vec    0000
saved_w                    (abs)        007E
sendByte@byte0             cstackBANK0  0039
sendByte@byte1             cstackBANK0  0034
sendByte@i                 cstackBANK0  003B
sendByte@txByte            cstackBANK0  003A
sendByte@valore            cstackBANK0  0035
start                      init         000E
start_initialization       cinit        0011
wtemp0                     (abs)        007E


FUNCTION INFORMATION:

 *************** function _main *****************
 Defined at:
		line 129 in file "main.c"
 Parameters:    Size  Location     Type
		None
 Auto vars:     Size  Location     Type
  i               1   17[BANK2 ] unsigned char 
  index           1    8[BANK2 ] unsigned char 
  colorId         1    1[BANK2 ] unsigned char 
  semaforoId      1    0[BANK2 ] unsigned char 
  i               1   13[BANK2 ] unsigned char 
  i               1   12[BANK2 ] unsigned char 
  i               1   11[BANK2 ] unsigned char 
  i               2   14[BANK2 ] int 
  i               2   18[BANK2 ] int 
  l               1   16[BANK2 ] unsigned char 
  tmp             1    6[BANK2 ] unsigned char 
  time            2    9[BANK2 ] int 
  lux_select      1    7[BANK2 ] unsigned char 
  endCiclo        1    5[BANK2 ] struct .
  pressione       1    4[BANK2 ] unsigned char 
  umidita         1    3[BANK2 ] unsigned char 
  temp            1    2[BANK2 ] unsigned char 
 Return value:  Size  Location     Type
                  1    wreg      void 
 Registers used:
		wreg, fsr0l, fsr0h, status,2, status,0, btemp+1, pclath, cstack
 Tracked objects:
		On entry : 
		On exit  : 
		Unchanged: 
 Data sizes:     COMMON   BANK0   BANK1   BANK3   BANK2
      Params:         0       0       0       0       0
      Locals:         0       0       0       0      20
      Temps:          0      16       0       0       0
      Totals:         0      16       0       0      20
Total ram usage:       36 bytes
 Hardware stack levels required when called:    4
 This function calls:
		_ADC_Read
		_GetDigits
		_GetTime
		_SetDefaultTimers
		_SetDisplay
		_UART_Init
		___awmod
		___bmul
		_bitParita
		_init_ADC
		_map
		_sendByte
 This function is called by:
		Startup code after reset
 This function uses a non-reentrant model


 *************** function _sendByte *****************
 Defined at:
		line 425 in file "main.c"
 Parameters:    Size  Location     Type
  byte0           1    wreg     unsigned char 
  byte1           1   20[BANK0 ] unsigned char 
  valore          1   21[BANK0 ] unsigned char 
 Auto vars:     Size  Location     Type
  byte0           1   25[BANK0 ] unsigned char 
  i               1   27[BANK0 ] unsigned char 
  txByte          1   26[BANK0 ] PTR unsigned char 
		 -> BuildByte@txByte(5), 
 Return value:  Size  Location     Type
                  1    wreg      void 
 Registers used:
		wreg, fsr0l, fsr0h, status,2, status,0, btemp+1, pclath, cstack
 Tracked objects:
		On entry : 
		On exit  : 
		Unchanged: 
 Data sizes:     COMMON   BANK0   BANK1   BANK3   BANK2
      Params:         0       2       0       0       0
      Locals:         0       3       0       0       0
      Temps:          0       3       0       0       0
      Totals:         0       8       0       0       0
Total ram usage:        8 bytes
 Hardware stack levels used:    1
 Hardware stack levels required when called:    3
 This function calls:
		_BuildByte
		_UART_TxChar
 This function is called by:
		_main
 This function uses a non-reentrant model


 *************** function _UART_TxChar *****************
 Defined at:
		line 400 in file "main.c"
 Parameters:    Size  Location     Type
  ch              1    wreg     unsigned char 
 Auto vars:     Size  Location     Type
  ch              1    0[BANK0 ] unsigned char 
 Return value:  Size  Location     Type
                  1    wreg      void 
 Registers used:
		wreg
 Tracked objects:
		On entry : 
		On exit  : 
		Unchanged: 
 Data sizes:     COMMON   BANK0   BANK1   BANK3   BANK2
      Params:         0       0       0       0       0
      Locals:         0       1       0       0       0
      Temps:          0       0       0       0       0
      Totals:         0       1       0       0       0
Total ram usage:        1 bytes
 Hardware stack levels used:    1
 Hardware stack levels required when called:    2
 This function calls:
		Nothing
 This function is called by:
		_sendByte
		_UART_Write_Text
 This function uses a non-reentrant model


 *************** function _BuildByte *****************
 Defined at:
		line 2 in file "./CustomLib/Serial.h"
 Parameters:    Size  Location     Type
  byte0           1    wreg     unsigned char 
  byte1           1    0[BANK0 ] unsigned char 
  valore          1    1[BANK0 ] unsigned char 
 Auto vars:     Size  Location     Type
  byte0           1    4[BANK0 ] unsigned char 
  y               2   14[BANK0 ] int 
  y               2   12[BANK0 ] int 
  i               2   18[BANK0 ] int 
  i               2   16[BANK0 ] int 
  txByte          5    5[BANK0 ] unsigned char [5]
  sommaColumn     1   11[BANK0 ] unsigned char 
  sommaRow        1   10[BANK0 ] unsigned char 
 Return value:  Size  Location     Type
                  1    wreg      PTR unsigned char 
 Registers used:
		wreg, fsr0l, fsr0h, status,2, status,0, btemp+1
 Tracked objects:
		On entry : 
		On exit  : 
		Unchanged: 
 Data sizes:     COMMON   BANK0   BANK1   BANK3   BANK2
      Params:         0       2       0       0       0
      Locals:         0      16       0       0       0
      Temps:          0       2       0       0       0
      Totals:         0      20       0       0       0
Total ram usage:       20 bytes
 Hardware stack levels used:    1
 Hardware stack levels required when called:    2
 This function calls:
		Nothing
 This function is called by:
		_sendByte
 This function uses a non-reentrant model


 *************** function _map *****************
 Defined at:
		line 1 in file "./CustomLib/Conversions.h"
 Parameters:    Size  Location     Type
  x               2   16[BANK0 ] int 
  in_min          2   18[BANK0 ] int 
  in_max          2   20[BANK0 ] int 
  out_min         2   22[BANK0 ] int 
  out_max         2   24[BANK0 ] int 
 Auto vars:     Size  Location     Type
		None
 Return value:  Size  Location     Type
                  2   16[BANK0 ] int 
 Registers used:
		wreg, status,2, status,0, pclath, cstack
 Tracked objects:
		On entry : 
		On exit  : 
		Unchanged: 
 Data sizes:     COMMON   BANK0   BANK1   BANK3   BANK2
      Params:         0      10       0       0       0
      Locals:         0       0       0       0       0
      Temps:          0       0       0       0       0
      Totals:         0      10       0       0       0
Total ram usage:       10 bytes
 Hardware stack levels used:    1
 Hardware stack levels required when called:    3
 This function calls:
		___awdiv
		___wmul
 This function is called by:
		_main
 This function uses a non-reentrant model


 *************** function ___wmul *****************
 Defined at:
		line 15 in file "C:\Program Files (x86)\Microchip\xc8\v2.10\pic\sources\c90\common\Umul16.c"
 Parameters:    Size  Location     Type
  multiplier      2    0[BANK0 ] unsigned int 
  multiplicand    2    2[BANK0 ] unsigned int 
 Auto vars:     Size  Location     Type
  product         2    4[BANK0 ] unsigned int 
 Return value:  Size  Location     Type
                  2    0[BANK0 ] unsigned int 
 Registers used:
		wreg, status,2, status,0
 Tracked objects:
		On entry : 
		On exit  : 
		Unchanged: 
 Data sizes:     COMMON   BANK0   BANK1   BANK3   BANK2
      Params:         0       4       0       0       0
      Locals:         0       2       0       0       0
      Temps:          0       0       0       0       0
      Totals:         0       6       0       0       0
Total ram usage:        6 bytes
 Hardware stack levels used:    1
 Hardware stack levels required when called:    2
 This function calls:
		Nothing
 This function is called by:
		_map
 This function uses a non-reentrant model


 *************** function _init_ADC *****************
 Defined at:
		line 369 in file "main.c"
 Parameters:    Size  Location     Type
		None
 Auto vars:     Size  Location     Type
		None
 Return value:  Size  Location     Type
                  1    wreg      void 
 Registers used:
		wreg, status,2
 Tracked objects:
		On entry : 
		On exit  : 
		Unchanged: 
 Data sizes:     COMMON   BANK0   BANK1   BANK3   BANK2
      Params:         0       0       0       0       0
      Locals:         0       0       0       0       0
      Temps:          0       1       0       0       0
      Totals:         0       1       0       0       0
Total ram usage:        1 bytes
 Hardware stack levels used:    1
 Hardware stack levels required when called:    2
 This function calls:
		Nothing
 This function is called by:
		_main
 This function uses a non-reentrant model


 *************** function _bitParita *****************
 Defined at:
		line 14 in file "./CustomLib/BitsFlow.h"
 Parameters:    Size  Location     Type
  rx              1    wreg     PTR unsigned char 
		 -> dataFromGateway(15), 
 Auto vars:     Size  Location     Type
  rx              1   17[BANK0 ] PTR unsigned char 
		 -> dataFromGateway(15), 
  y               2   15[BANK0 ] int 
  y               2   13[BANK0 ] int 
  i               2   20[BANK0 ] int 
  i               2   18[BANK0 ] int 
  errorRow        1   12[BANK0 ] unsigned char 
  error           1   11[BANK0 ] unsigned char 
  errorColumn     1   10[BANK0 ] unsigned char 
  sommaColumn     1    9[BANK0 ] unsigned char 
  sommaRow        1    8[BANK0 ] unsigned char 
 Return value:  Size  Location     Type
                  1    wreg      void 
 Registers used:
		wreg, fsr0l, fsr0h, status,2, status,0, btemp+1, pclath, cstack
 Tracked objects:
		On entry : 
		On exit  : 
		Unchanged: 
 Data sizes:     COMMON   BANK0   BANK1   BANK3   BANK2
      Params:         0       0       0       0       0
      Locals:         0      14       0       0       0
      Temps:          0       4       0       0       0
      Totals:         0      18       0       0       0
Total ram usage:       18 bytes
 Hardware stack levels used:    1
 Hardware stack levels required when called:    3
 This function calls:
		_bitChange
 This function is called by:
		_main
 This function uses a non-reentrant model


 *************** function _bitChange *****************
 Defined at:
		line 1 in file "./CustomLib/BitsFlow.h"
 Parameters:    Size  Location     Type
  dato            1    wreg     unsigned char 
  n               1    0[BANK0 ] unsigned char 
 Auto vars:     Size  Location     Type
  dato            1    3[BANK0 ] unsigned char 
 Return value:  Size  Location     Type
                  1    wreg      unsigned char 
 Registers used:
		wreg, status,2, status,0
 Tracked objects:
		On entry : 
		On exit  : 
		Unchanged: 
 Data sizes:     COMMON   BANK0   BANK1   BANK3   BANK2
      Params:         0       1       0       0       0
      Locals:         0       1       0       0       0
      Temps:          0       2       0       0       0
      Totals:         0       4       0       0       0
Total ram usage:        4 bytes
 Hardware stack levels used:    1
 Hardware stack levels required when called:    2
 This function calls:
		Nothing
 This function is called by:
		_bitParita
 This function uses a non-reentrant model


 *************** function ___bmul *****************
 Defined at:
		line 4 in file "C:\Program Files (x86)\Microchip\xc8\v2.10\pic\sources\c90\common\Umul8.c"
 Parameters:    Size  Location     Type
  multiplier      1    wreg     unsigned char 
  multiplicand    1    0[BANK0 ] unsigned char 
 Auto vars:     Size  Location     Type
  multiplier      1    3[BANK0 ] unsigned char 
  product         1    2[BANK0 ] unsigned char 
 Return value:  Size  Location     Type
                  1    wreg      unsigned char 
 Registers used:
		wreg, status,2, status,0
 Tracked objects:
		On entry : 
		On exit  : 
		Unchanged: 
 Data sizes:     COMMON   BANK0   BANK1   BANK3   BANK2
      Params:         0       1       0       0       0
      Locals:         0       2       0       0       0
      Temps:          0       1       0       0       0
      Totals:         0       4       0       0       0
Total ram usage:        4 bytes
 Hardware stack levels used:    1
 Hardware stack levels required when called:    2
 This function calls:
		Nothing
 This function is called by:
		_main
 This function uses a non-reentrant model


 *************** function _UART_Init *****************
 Defined at:
		line 388 in file "main.c"
 Parameters:    Size  Location     Type
  baudrate        2   15[BANK0 ] int 
 Auto vars:     Size  Location     Type
		None
 Return value:  Size  Location     Type
                  1    wreg      void 
 Registers used:
		wreg, status,2, status,0, pclath, cstack
 Tracked objects:
		On entry : 
		On exit  : 
		Unchanged: 
 Data sizes:     COMMON   BANK0   BANK1   BANK3   BANK2
      Params:         0       2       0       0       0
      Locals:         0       0       0       0       0
      Temps:          0       4       0       0       0
      Totals:         0       6       0       0       0
Total ram usage:        6 bytes
 Hardware stack levels used:    1
 Hardware stack levels required when called:    3
 This function calls:
		___aldiv
 This function is called by:
		_main
 This function uses a non-reentrant model


 *************** function ___aldiv *****************
 Defined at:
		line 5 in file "C:\Program Files (x86)\Microchip\xc8\v2.10\pic\sources\c90\common\aldiv.c"
 Parameters:    Size  Location     Type
  divisor         4    0[BANK0 ] long 
  dividend        4    4[BANK0 ] long 
 Auto vars:     Size  Location     Type
  quotient        4   11[BANK0 ] long 
  sign            1   10[BANK0 ] unsigned char 
  counter         1    9[BANK0 ] unsigned char 
 Return value:  Size  Location     Type
                  4    0[BANK0 ] long 
 Registers used:
		wreg, status,2, status,0
 Tracked objects:
		On entry : 
		On exit  : 
		Unchanged: 
 Data sizes:     COMMON   BANK0   BANK1   BANK3   BANK2
      Params:         0       8       0       0       0
      Locals:         0       6       0       0       0
      Temps:          0       1       0       0       0
      Totals:         0      15       0       0       0
Total ram usage:       15 bytes
 Hardware stack levels used:    1
 Hardware stack levels required when called:    2
 This function calls:
		Nothing
 This function is called by:
		_UART_Init
 This function uses a non-reentrant model


 *************** function _SetDisplay *****************
 Defined at:
		line 462 in file "main.c"
 Parameters:    Size  Location     Type
  d1              1    wreg     unsigned char 
  d2              1    0[BANK0 ] unsigned char 
  d3              1    1[BANK0 ] unsigned char 
  value           1    2[BANK0 ] unsigned char 
 Auto vars:     Size  Location     Type
  d1              1    3[BANK0 ] unsigned char 
 Return value:  Size  Location     Type
                  1    wreg      void 
 Registers used:
		wreg, status,0
 Tracked objects:
		On entry : 
		On exit  : 
		Unchanged: 
 Data sizes:     COMMON   BANK0   BANK1   BANK3   BANK2
      Params:         0       3       0       0       0
      Locals:         0       1       0       0       0
      Temps:          0       0       0       0       0
      Totals:         0       4       0       0       0
Total ram usage:        4 bytes
 Hardware stack levels used:    1
 Hardware stack levels required when called:    2
 This function calls:
		Nothing
 This function is called by:
		_main
 This function uses a non-reentrant model


 *************** function _SetDefaultTimers *****************
 Defined at:
		line 470 in file "main.c"
 Parameters:    Size  Location     Type
  rosso           2    0[BANK0 ] int 
  verde           2    2[BANK0 ] int 
  giallo          2    4[BANK0 ] int 
 Auto vars:     Size  Location     Type
  i               1   13[BANK0 ] unsigned char 
  l               1   12[BANK0 ] unsigned char 
 Return value:  Size  Location     Type
                  1    wreg      void 
 Registers used:
		wreg, fsr0l, fsr0h, status,2, status,0
 Tracked objects:
		On entry : 
		On exit  : 
		Unchanged: 
 Data sizes:     COMMON   BANK0   BANK1   BANK3   BANK2
      Params:         0       6       0       0       0
      Locals:         0       2       0       0       0
      Temps:          0       6       0       0       0
      Totals:         0      14       0       0       0
Total ram usage:       14 bytes
 Hardware stack levels used:    1
 Hardware stack levels required when called:    2
 This function calls:
		Nothing
 This function is called by:
		_main
 This function uses a non-reentrant model


 *************** function _GetTime *****************
 Defined at:
		line 436 in file "main.c"
 Parameters:    Size  Location     Type
  index           1    wreg     unsigned char 
 Auto vars:     Size  Location     Type
  index           1    4[BANK0 ] unsigned char 
  time            2    6[BANK0 ] int 
  shortInt        1    5[BANK0 ] struct .
 Return value:  Size  Location     Type
                  2    0[BANK0 ] int 
 Registers used:
		wreg, fsr0l, fsr0h, status,2, status,0, btemp+1
 Tracked objects:
		On entry : 
		On exit  : 
		Unchanged: 
 Data sizes:     COMMON   BANK0   BANK1   BANK3   BANK2
      Params:         0       2       0       0       0
      Locals:         0       4       0       0       0
      Temps:          0       2       0       0       0
      Totals:         0       8       0       0       0
Total ram usage:        8 bytes
 Hardware stack levels used:    1
 Hardware stack levels required when called:    2
 This function calls:
		Nothing
 This function is called by:
		_main
 This function uses a non-reentrant model


 *************** function _GetDigits *****************
 Defined at:
		line 454 in file "main.c"
 Parameters:    Size  Location     Type
  Time            2   16[BANK0 ] int 
 Auto vars:     Size  Location     Type
		None
 Return value:  Size  Location     Type
                  1    wreg      void 
 Registers used:
		wreg, status,2, status,0, pclath, cstack
 Tracked objects:
		On entry : 
		On exit  : 
		Unchanged: 
 Data sizes:     COMMON   BANK0   BANK1   BANK3   BANK2
      Params:         0       2       0       0       0
      Locals:         0       2       0       0       0
      Temps:          0       3       0       0       0
      Totals:         0       7       0       0       0
Total ram usage:        7 bytes
 Hardware stack levels used:    1
 Hardware stack levels required when called:    3
 This function calls:
		___awdiv
		___awmod
 This function is called by:
		_main
 This function uses a non-reentrant model


 *************** function ___awmod *****************
 Defined at:
		line 5 in file "C:\Program Files (x86)\Microchip\xc8\v2.10\pic\sources\c90\common\awmod.c"
 Parameters:    Size  Location     Type
  divisor         2    0[BANK0 ] int 
  dividend        2    2[BANK0 ] int 
 Auto vars:     Size  Location     Type
  sign            1    6[BANK0 ] unsigned char 
  counter         1    5[BANK0 ] unsigned char 
 Return value:  Size  Location     Type
                  2    0[BANK0 ] int 
 Registers used:
		wreg, status,2, status,0
 Tracked objects:
		On entry : 
		On exit  : 
		Unchanged: 
 Data sizes:     COMMON   BANK0   BANK1   BANK3   BANK2
      Params:         0       4       0       0       0
      Locals:         0       2       0       0       0
      Temps:          0       1       0       0       0
      Totals:         0       7       0       0       0
Total ram usage:        7 bytes
 Hardware stack levels used:    1
 Hardware stack levels required when called:    2
 This function calls:
		Nothing
 This function is called by:
		_main
		_GetDigits
		_intToString
 This function uses a non-reentrant model


 *************** function ___awdiv *****************
 Defined at:
		line 5 in file "C:\Program Files (x86)\Microchip\xc8\v2.10\pic\sources\c90\common\awdiv.c"
 Parameters:    Size  Location     Type
  divisor         2    7[BANK0 ] int 
  dividend        2    9[BANK0 ] int 
 Auto vars:     Size  Location     Type
  quotient        2   14[BANK0 ] int 
  sign            1   13[BANK0 ] unsigned char 
  counter         1   12[BANK0 ] unsigned char 
 Return value:  Size  Location     Type
                  2    7[BANK0 ] int 
 Registers used:
		wreg, status,2, status,0
 Tracked objects:
		On entry : 
		On exit  : 
		Unchanged: 
 Data sizes:     COMMON   BANK0   BANK1   BANK3   BANK2
      Params:         0       4       0       0       0
      Locals:         0       4       0       0       0
      Temps:          0       1       0       0       0
      Totals:         0       9       0       0       0
Total ram usage:        9 bytes
 Hardware stack levels used:    1
 Hardware stack levels required when called:    2
 This function calls:
		Nothing
 This function is called by:
		_map
		_GetDigits
		_intToString
 This function uses a non-reentrant model


 *************** function _ADC_Read *****************
 Defined at:
		line 378 in file "main.c"
 Parameters:    Size  Location     Type
  canale          1    wreg     unsigned char 
 Auto vars:     Size  Location     Type
  canale          1    3[BANK0 ] unsigned char 
 Return value:  Size  Location     Type
                  2    0[BANK0 ] int 
 Registers used:
		wreg, status,2, status,0
 Tracked objects:
		On entry : 
		On exit  : 
		Unchanged: 
 Data sizes:     COMMON   BANK0   BANK1   BANK3   BANK2
      Params:         0       2       0       0       0
      Locals:         0       1       0       0       0
      Temps:          0       1       0       0       0
      Totals:         0       4       0       0       0
Total ram usage:        4 bytes
 Hardware stack levels used:    1
 Hardware stack levels required when called:    2
 This function calls:
		Nothing
 This function is called by:
		_main
 This function uses a non-reentrant model


 *************** function _ISR *****************
 Defined at:
		line 580 in file "main.c"
 Parameters:    Size  Location     Type
		None
 Auto vars:     Size  Location     Type
		None
 Return value:  Size  Location     Type
                  1    wreg      void 
 Registers used:
		wreg, fsr0l, fsr0h, status,2, status,0, pclath, cstack
 Tracked objects:
		On entry : 
		On exit  : 
		Unchanged: 
 Data sizes:     COMMON   BANK0   BANK1   BANK3   BANK2
      Params:         0       0       0       0       0
      Locals:         0       0       0       0       0
      Temps:          4       0       0       0       0
      Totals:         4       0       0       0       0
Total ram usage:        4 bytes
 Hardware stack levels used:    1
 Hardware stack levels required when called:    1
 This function calls:
		_UART_Read
		_conteggioVeicoli
 This function is called by:
		Interrupt level 1
 This function uses a non-reentrant model


 *************** function _conteggioVeicoli *****************
 Defined at:
		line 492 in file "main.c"
 Parameters:    Size  Location     Type
		None
 Auto vars:     Size  Location     Type
		None
 Return value:  Size  Location     Type
                  1    wreg      void 
 Registers used:
		wreg, status,2, status,0
 Tracked objects:
		On entry : 
		On exit  : 
		Unchanged: 
 Data sizes:     COMMON   BANK0   BANK1   BANK3   BANK2
      Params:         0       0       0       0       0
      Locals:         0       0       0       0       0
      Temps:          1       0       0       0       0
      Totals:         1       0       0       0       0
Total ram usage:        1 bytes
 Hardware stack levels used:    1
 This function calls:
		Nothing
 This function is called by:
		_ISR
 This function uses a non-reentrant model


 *************** function _UART_Read *****************
 Defined at:
		line 417 in file "main.c"
 Parameters:    Size  Location     Type
		None
 Auto vars:     Size  Location     Type
		None
 Return value:  Size  Location     Type
                  1    wreg      unsigned char 
 Registers used:
		wreg
 Tracked objects:
		On entry : 
		On exit  : 
		Unchanged: 
 Data sizes:     COMMON   BANK0   BANK1   BANK3   BANK2
      Params:         0       0       0       0       0
      Locals:         0       0       0       0       0
      Temps:          0       0       0       0       0
      Totals:         0       0       0       0       0
Total ram usage:        0 bytes
 Hardware stack levels used:    1
 This function calls:
		Nothing
 This function is called by:
		_ISR
 This function uses a non-reentrant model



MODULE INFORMATION

Module		Function		Class		Link	Load	Size
./CustomLib/BitsFlow.h
		_bitChange     		CODE           	0B77	0000	50
		_bitParita     		CODE           	072B	0000	202

./CustomLib/BitsFlow.h estimated size: 252

C:\Program Files (x86)\Microchip\xc8\v2.10\pic\sources\c90\common\awdiv.c
		___awdiv       		CODE           	0D3D	0000	106

C:\Program Files (x86)\Microchip\xc8\v2.10\pic\sources\c90\common\awdiv.c estimated size: 106

./CustomLib/Conversions.h
		_map           		CODE           	0BD9	0000	54

./CustomLib/Conversions.h estimated size: 54

C:\Program Files (x86)\Microchip\xc8\v2.10\pic\sources\c90\common\Umul16.c
		___wmul        		CODE           	0B50	0000	40

C:\Program Files (x86)\Microchip\xc8\v2.10\pic\sources\c90\common\Umul16.c estimated size: 40

C:\Program Files (x86)\Microchip\xc8\v2.10\pic\sources\c90\common\Umul8.c
		___bmul        		CODE           	0AF3	0000	24

C:\Program Files (x86)\Microchip\xc8\v2.10\pic\sources\c90\common\Umul8.c estimated size: 24

C:\Program Files (x86)\Microchip\xc8\v2.10\pic\sources\c90\common\aldiv.c
		___aldiv       		CODE           	0E9B	0000	158

C:\Program Files (x86)\Microchip\xc8\v2.10\pic\sources\c90\common\aldiv.c estimated size: 158

./CustomLib/Serial.h
		_BuildByte     		CODE           	0F38	0000	201

./CustomLib/Serial.h estimated size: 201

shared
		__stringtab    		STRING         	0800	0000	7
		_display       		STRING         	0806	0000	12
		__initialization		CODE           	0011	0000	67

shared estimated size: 86

C:\Program Files (x86)\Microchip\xc8\v2.10\pic\sources\c90\common\awmod.c
		___awmod       		CODE           	0CE2	0000	92

C:\Program Files (x86)\Microchip\xc8\v2.10\pic\sources\c90\common\awmod.c estimated size: 92

main.c
		_conteggioVeicoli		CODE           	0648	0000	228
		_ISR           		CODE           	0C88	0000	91
		_UART_Read     		CODE           	0AA2	0000	10
		_GetTime       		CODE           	0C48	0000	65
		_UART_Init     		CODE           	0C0E	0000	59
		_main          		CODE           	0057	0000	1522
		_SetDefaultTimers		CODE           	0E11	0000	139
		_init_ADC      		CODE           	0AB8	0000	20
		_GetDigits     		CODE           	0DA6	0000	108
		_sendByte      		CODE           	0BA8	0000	50
		_SetDisplay    		CODE           	0ADE	0000	22
		_ADC_Read      		CODE           	0B2A	0000	39
		_UART_TxChar   		CODE           	07F4	0000	12

main.c estimated size: 2365

