Microchip MPLAB XC8 Compiler V2.10 ()

Linker command line:

-W-3 --edf=C:\Program Files (x86)\Microchip\xc8\v2.10\pic\dat\en_msgs.txt \
  -cs -h+dist/default/production\Semafore.X.production.sym \
  --cmf=dist/default/production\Semafore.X.production.cmf -z -Q16F877A \
  -oC:\Users\PC\AppData\Local\Temp\s7jo.2 --defsym=__MPLAB_BUILD=1 \
  -Mdist/default/production/Semafore.X.production.map -E1 -ver=XC8 \
  --acfsm=1493 -ASTACK=065h-06Fh -pstack=STACK -ACODE=00h-07FFhx4 \
  -ASTRCODE=00h-01FFFh -ASTRING=00h-0FFhx32 -ACONST=00h-0FFhx32 \
  -AENTRY=00h-0FFhx32 -ACOMMON=070h-07Fh -ABANK0=020h-06Fh \
  -ABANK1=0A0h-0EFh -ABANK2=0110h-016Fh -ABANK3=0190h-01EFh \
  -ARAM=020h-06Fh,0A0h-0EFh,0110h-016Fh,0190h-01EFh \
  -AABS1=020h-07Fh,0A0h-0EFh,0110h-016Fh,0190h-01EFh -ASFR0=00h-01Fh \
  -ASFR1=080h-09Fh -ASFR2=0100h-010Fh -ASFR3=0180h-018Fh \
  -preset_vec=00h,intentry=04h,init,end_init -ppowerup=CODE -pcinit=CODE \
  -pfunctab=ENTRY -ACONFIG=02007h-02007h -pconfig=CONFIG -DCONFIG=2 \
  -AIDLOC=02000h-02003h -pidloc=IDLOC -DIDLOC=2 -AEEDATA=00h-0FFh/02100h \
  -peeprom_data=EEDATA -DEEDATA=2 -DCODE=2 -DSTRCODE=2 -DSTRING=2 -DCONST=2 \
  -DENTRY=2 -k C:\Users\PC\AppData\Local\Temp\s7jo.o \
  dist/default/production\Semafore.X.production.o 

Object code version is 3.11

Machine type is 16F877A



                Name                               Link     Load   Length Selector   Space Scale
C:\Users\PC\AppData\Local\Temp\s7jo.o
                end_init                              E        E        3        8       0
                reset_vec                             0        0        3        0       0
                config                             2007     2007        1     400E       0
dist/default/production\Semafore.X.production.o
                cinit                                11       11       3D        8       0
                intentry                              4        4        A        8       0
                text21                              C22      C22        9     1844       0
                text20                              E3F      E3F       63     1C7E       0
                text19                              CA6      CA6       21     194C       0
                text18                              EA2      EA2       69     1D44       0
                text17                              DE4      DE4       5B     1BC8       0
                text16                              F0B      F0B       6B     1E16       0
                text15                              DA4      DA4       40     1B48       0
                text14                              F76      F76       8A     1EEC       0
                text13                              C5A      C5A       15     18B4       0
                text12                              725      725       9D        8       0
                text11                              7C2      7C2       3A        8       0
                text10                              C6F      C6F       17     18DE       0
                text9                               D3E      D3E       31     1A7C       0
                text8                               594      594       C9        8       0
                text7                               C36      C36       11     186C       0
                text6                               CE9      CE9       27     19D2       0
                text5                               D6F      D6F       35     1ADE       0
                text4                               65D      65D       C8        8       0
                text3                               C2B      C2B        B     1856       0
                text2                               CC7      CC7       22     198E       0
                text1                               D10      D10       2E     1A20       0
                maintext                             4E       4E      546        8       0
                cstackBANK0                          20       20       2A       20       1
                cstackCOMMON                         70       70        7       70       1
                cstackBANK2                         158      158       14      110       1
                clrtext                             C1A      C1A        8     1834       0
                inittext                            C47      C47       13     188E       0
                bssBANK2                            110      110       48      110       1
                bssBANK3                            190      190       60      190       1
                dataBANK1                            C7       C7       20       A0       1
                bssBANK1                             A0       A0       27       A0       1
                dataBANK0                            64       64        1       20       1
                bssBANK0                             4A       4A       1A       20       1
                bssCOMMON                            77       77        3       70       1
                strings                             800      800       11     1000       0
                idataBANK1                          C86      C86       20     190C       0
                idataBANK0                          7FC      7FC        1        8       0

TOTAL           Name                               Link     Load   Length     Space
        CLASS   STACK          

        CLASS   CODE           
                end_init                              E        E        3         0
                cinit                                11       11       3D         0
                intentry                              4        4        A         0
                reset_vec                             0        0        3         0
                text21                              C22      C22        9         0
                text20                              E3F      E3F       63         0
                text19                              CA6      CA6       21         0
                text18                              EA2      EA2       69         0
                text17                              DE4      DE4       5B         0
                text16                              F0B      F0B       6B         0
                text15                              DA4      DA4       40         0
                text14                              F76      F76       8A         0
                text13                              C5A      C5A       15         0
                text12                              725      725       9D         0
                text11                              7C2      7C2       3A         0
                text10                              C6F      C6F       17         0
                text9                               D3E      D3E       31         0
                text8                               594      594       C9         0
                text7                               C36      C36       11         0
                text6                               CE9      CE9       27         0
                text5                               D6F      D6F       35         0
                text4                               65D      65D       C8         0
                text3                               C2B      C2B        B         0
                text2                               CC7      CC7       22         0
                text1                               D10      D10       2E         0
                maintext                             4E       4E      546         0
                clrtext                             C1A      C1A        8         0
                inittext                            C47      C47       13         0
                idataBANK1                          C86      C86       20         0
                idataBANK0                          7FC      7FC        1         0

        CLASS   STRCODE        

        CLASS   STRING         
                strings                             800      800       11         0

        CLASS   CONST          

        CLASS   ENTRY          

        CLASS   COMMON         
                cstackCOMMON                         70       70        7         1
                bssCOMMON                            77       77        3         1

        CLASS   BANK0          
                cstackBANK0                          20       20       2A         1
                dataBANK0                            64       64        1         1
                bssBANK0                             4A       4A       1A         1

        CLASS   BANK1          
                dataBANK1                            C7       C7       20         1
                bssBANK1                             A0       A0       27         1

        CLASS   BANK2          
                cstackBANK2                         158      158       14         1
                bssBANK2                            110      110       48         1

        CLASS   BANK3          
                bssBANK3                            190      190       60         1

        CLASS   RAM            

        CLASS   ABS1           
                abs_s1                               7E       7E        2         1

        CLASS   SFR0           

        CLASS   SFR1           

        CLASS   SFR2           

        CLASS   SFR3           

        CLASS   CONFIG         
                config                             2007     2007        1         0

        CLASS   IDLOC          

        CLASS   EEDATA         



SEGMENTS        Name                           Load    Length   Top    Selector   Space  Class     Delta

                reset_vec                      000000  000003  000003         0       0  CODE        2
                intentry                       000004  0007F9  0007FD         8       0  CODE        2
                cstackBANK0                    000020  000045  000065        20       1  BANK0       1
                cstackCOMMON                   000070  00000A  00007A        70       1  COMMON      1
                bssBANK1                       0000A0  000047  0000E7        A0       1  BANK1       1
                bssBANK2                       000110  00005C  00016C       110       1  BANK2       1
                bssBANK3                       000190  000060  0001F0       190       1  BANK3       1
                strings                        000800  000011  000811      1000       0  STRING      2
                clrtext                        000C1A  000008  000C22      1834       0  CODE        2
                text21                         000C22  000009  000C2B      1844       0  CODE        2
                text3                          000C2B  00000B  000C36      1856       0  CODE        2
                text7                          000C36  000011  000C47      186C       0  CODE        2
                inittext                       000C47  000013  000C5A      188E       0  CODE        2
                text13                         000C5A  000015  000C6F      18B4       0  CODE        2
                text10                         000C6F  000017  000C86      18DE       0  CODE        2
                idataBANK1                     000C86  000020  000CA6      190C       0  CODE        2
                text19                         000CA6  000021  000CC7      194C       0  CODE        2
                text2                          000CC7  000022  000CE9      198E       0  CODE        2
                text6                          000CE9  000027  000D10      19D2       0  CODE        2
                text1                          000D10  00002E  000D3E      1A20       0  CODE        2
                text9                          000D3E  000031  000D6F      1A7C       0  CODE        2
                text5                          000D6F  000035  000DA4      1ADE       0  CODE        2
                text15                         000DA4  000040  000DE4      1B48       0  CODE        2
                text17                         000DE4  00005B  000E3F      1BC8       0  CODE        2
                text20                         000E3F  000063  000EA2      1C7E       0  CODE        2
                text18                         000EA2  000069  000F0B      1D44       0  CODE        2
                text16                         000F0B  00006B  000F76      1E16       0  CODE        2
                text14                         000F76  00008A  001000      1EEC       0  CODE        2
                config                         002007  000001  002008      400E       0  CONFIG      2


UNUSED ADDRESS RANGES

        Name                Unused          Largest block    Delta
        BANK0            0065-006F              B           1
        BANK1            00E7-00EF              9           1
        BANK2            016C-016F              4           1
        CODE             0003-0003              1           2
                         07FD-07FF              3
                         0811-0C19            409
                         1000-1FFF            800
        COMMON           007A-007D              4           1
        CONST            0003-0003              1           2
                         07FD-07FF              3
                         0811-0C19            100
                         1000-1FFF            100
        EEDATA           2100-21FF            100           2
        ENTRY            0003-0003              1           2
                         07FD-07FF              3
                         0811-0C19            100
                         1000-1FFF            100
        IDLOC            2000-2003              4           2
        RAM              0065-006F              B           1
                         00E7-00EF              9
                         016C-016F              4
        SFR0             0000-001F             20           1
        SFR1             0080-009F             20           1
        SFR2             0100-010F             10           1
        SFR3             0180-018F             10           1
        STACK            0065-006F              B           1
        STRCODE          0003-0003              1           2
                         07FD-07FF              3
                         0811-0C19            409
                         1000-1FFF           1000
        STRING           0003-0003              1           2
                         07FD-07FF              3
                         0811-0C19            100
                         1000-1FFF            100

                                  Symbol Table

?_ADC_Read                 cstackCOMMON 0074
?_GetTime                  cstackCOMMON 0074
?___aldiv                  cstackBANK0  0020
?___awdiv                  cstackBANK0  0024
?___awmod                  cstackBANK0  0020
?___wmul                   cstackBANK0  0020
?_map                      cstackBANK0  002D
ADC_Read@canale            cstackBANK0  0020
BuildByte@byte0            cstackBANK0  0022
BuildByte@byte1            cstackCOMMON 0074
BuildByte@i                cstackBANK0  002E
BuildByte@i_342            cstackBANK0  0030
BuildByte@sommaColumn      cstackBANK0  0029
BuildByte@sommaRow         cstackBANK0  0028
BuildByte@txByte           cstackBANK0  0023
BuildByte@valore           cstackCOMMON 0075
BuildByte@y                cstackBANK0  002A
BuildByte@y_343            cstackBANK0  002C
GetDigits@Time             cstackBANK0  002D
GetTime@index              cstackBANK0  0022
GetTime@shortInt           cstackBANK0  0023
GetTime@time               cstackBANK0  0024
SetDefaultTimers@giallo    cstackBANK0  0024
SetDefaultTimers@i         cstackCOMMON 0075
SetDefaultTimers@l         cstackCOMMON 0074
SetDefaultTimers@rosso     cstackBANK0  0020
SetDefaultTimers@verde     cstackBANK0  0022
SetDisplay@d1              cstackBANK0  0020
SetDisplay@d2              cstackCOMMON 0074
SetDisplay@d3              cstackCOMMON 0075
SetDisplay@value           cstackCOMMON 0076
UART_Init@baudrate         cstackBANK0  002E
UART_TxChar@ch             cstackCOMMON 0074
UART_Write_Text@i          cstackBANK0  0021
UART_Write_Text@text       cstackBANK0  0020
_ADCON0                    (abs)        001F
_ADCON1                    (abs)        009F
_ADC_Read                  text19       0CA6
_ADRESH                    (abs)        001E
_ADRESL                    (abs)        009E
_BuildByte                 text4        065D
_GO_nDONE                  (abs)        00FA
_GetDigits                 text16       0F0B
_GetDigits$1147            cstackBANK0  0032
_GetTime                   text15       0DA4
_INTCON                    (abs)        000B
_INTCONbits                (abs)        000B
_ISR                       text20       0E3F
_OPTION_REG                (abs)        0081
_PIE1bits                  (abs)        008C
_PORTAbits                 (abs)        0005
_PORTBbits                 (abs)        0006
_PORTD                     (abs)        0008
_RCIF                      (abs)        0065
_RCREG                     (abs)        001A
_RCSTAbits                 (abs)        0018
_SPBRG                     (abs)        0099
_Semafori                  dataBANK1    00C7
_SetDefaultTimers          text14       0F76
_SetDisplay                text13       0C5A
_T1CON                     (abs)        0010
_TMR0                      (abs)        0001
_TMR0IF                    (abs)        005A
_TMR1H                     (abs)        000F
_TMR1IF                    (abs)        0060
_TMR1L                     (abs)        000E
_TRISA                     (abs)        0085
_TRISB                     (abs)        0086
_TRISC                     (abs)        0087
_TRISCbits                 (abs)        0087
_TRISD                     (abs)        0088
_TRISE                     (abs)        0089
_TXIF                      (abs)        0064
_TXREG                     (abs)        0019
_TXSTAbits                 (abs)        0098
_UART_Init                 text11       07C2
_UART_Read                 text21       0C22
_UART_TxChar               text3        0C2B
_UART_Write_Text           text2        0CC7
__CFG_BOREN$ON             (abs)        0000
__CFG_CP$OFF               (abs)        0000
__CFG_CPD$OFF              (abs)        0000
__CFG_FOSC$HS              (abs)        0000
__CFG_LVP$ON               (abs)        0000
__CFG_PWRTE$ON             (abs)        0000
__CFG_WDTE$OFF             (abs)        0000
__CFG_WRT$OFF              (abs)        0000
__Habs1                    abs1         0000
__Hbank0                   bank0        0000
__Hbank1                   bank1        0000
__Hbank2                   bank2        0000
__Hbank3                   bank3        0000
__HbssBANK0                bssBANK0     0000
__HbssBANK1                bssBANK1     0000
__HbssBANK2                bssBANK2     0000
__HbssBANK3                bssBANK3     0000
__HbssCOMMON               bssCOMMON    0000
__Hcinit                   cinit        004E
__Hclrtext                 clrtext      0000
__Hcode                    code         0000
__Hcommon                  common       0000
__Hconfig                  config       2008
__HcstackBANK0             cstackBANK0  0000
__HcstackBANK2             cstackBANK2  0000
__HcstackCOMMON            cstackCOMMON 0000
__HdataBANK0               dataBANK0    0000
__HdataBANK1               dataBANK1    0000
__Heeprom_data             eeprom_data  0000
__Hend_init                end_init     0011
__Hfunctab                 functab      0000
__HidataBANK0              idataBANK0   0000
__HidataBANK1              idataBANK1   0000
__Hidloc                   idloc        0000
__Hinit                    init         000E
__Hinittext                inittext     0000
__Hintentry                intentry     000E
__Hmaintext                maintext     0000
__Hpowerup                 powerup      0000
__Hram                     ram          0000
__Hreset_vec               reset_vec    0003
__Hsfr0                    sfr0         0000
__Hsfr1                    sfr1         0000
__Hsfr2                    sfr2         0000
__Hsfr3                    sfr3         0000
__Hspace_0                 (abs)        2008
__Hspace_1                 (abs)        01F0
__Hspace_2                 (abs)        0000
__Hspace_3                 (abs)        0000
__Hstack                   stack        0000
__Hstrings                 strings      0000
__Htext                    text         0000
__Labs1                    abs1         0000
__Lbank0                   bank0        0000
__Lbank1                   bank1        0000
__Lbank2                   bank2        0000
__Lbank3                   bank3        0000
__LbssBANK0                bssBANK0     0000
__LbssBANK1                bssBANK1     0000
__LbssBANK2                bssBANK2     0000
__LbssBANK3                bssBANK3     0000
__LbssCOMMON               bssCOMMON    0000
__Lcinit                   cinit        0011
__Lclrtext                 clrtext      0000
__Lcode                    code         0000
__Lcommon                  common       0000
__Lconfig                  config       2007
__LcstackBANK0             cstackBANK0  0000
__LcstackBANK2             cstackBANK2  0000
__LcstackCOMMON            cstackCOMMON 0000
__LdataBANK0               dataBANK0    0000
__LdataBANK1               dataBANK1    0000
__Leeprom_data             eeprom_data  0000
__Lend_init                end_init     000E
__Lfunctab                 functab      0000
__LidataBANK0              idataBANK0   0000
__LidataBANK1              idataBANK1   0000
__Lidloc                   idloc        0000
__Linit                    init         000E
__Linittext                inittext     0000
__Lintentry                intentry     0004
__Lmaintext                maintext     0000
__Lpowerup                 powerup      0000
__Lram                     ram          0000
__Lreset_vec               reset_vec    0000
__Lsfr0                    sfr0         0000
__Lsfr1                    sfr1         0000
__Lsfr2                    sfr2         0000
__Lsfr3                    sfr3         0000
__Lspace_0                 (abs)        0000
__Lspace_1                 (abs)        0000
__Lspace_2                 (abs)        0000
__Lspace_3                 (abs)        0000
__Lstack                   stack        0000
__Lstrings                 strings      0000
__Ltext                    text         0000
__S0                       (abs)        2008
__S1                       (abs)        01F0
__S2                       (abs)        0000
__S3                       (abs)        0000
___aldiv                   text12       0725
___aldiv@counter           cstackBANK0  0028
___aldiv@dividend          cstackBANK0  0024
___aldiv@divisor           cstackBANK0  0020
___aldiv@quotient          cstackBANK0  002A
___aldiv@sign              cstackBANK0  0029
___awdiv                   text18       0EA2
___awdiv@counter           cstackBANK0  0029
___awdiv@dividend          cstackBANK0  0026
___awdiv@divisor           cstackBANK0  0024
___awdiv@quotient          cstackBANK0  002B
___awdiv@sign              cstackBANK0  002A
___awmod                   text17       0DE4
___awmod@counter           cstackCOMMON 0075
___awmod@dividend          cstackBANK0  0022
___awmod@divisor           cstackBANK0  0020
___awmod@sign              cstackCOMMON 0076
___bmul                    text10       0C6F
___bmul@multiplicand       cstackCOMMON 0074
___bmul@multiplier         cstackBANK0  0021
___bmul@product            cstackBANK0  0020
___int_sp                  stack        0000
___latbits                 (abs)        0002
___sp                      stack        0000
___stackhi                 (abs)        0000
___stacklo                 (abs)        0000
___wmul                    text6        0CE9
___wmul@multiplicand       cstackBANK0  0022
___wmul@multiplier         cstackBANK0  0020
___wmul@product            cstackCOMMON 0074
__end_of_ADC_Read          text19       0CC7
__end_of_BuildByte         text4        0725
__end_of_GetDigits         text16       0F76
__end_of_GetTime           text15       0DE4
__end_of_ISR               text20       0EA2
__end_of_SetDefaultTimers  text14       1000
__end_of_SetDisplay        text13       0C6F
__end_of_UART_Init         text11       07FC
__end_of_UART_Read         text21       0C2B
__end_of_UART_TxChar       text3        0C36
__end_of_UART_Write_Text   text2        0CE9
__end_of___aldiv           text12       07C2
__end_of___awdiv           text18       0F0B
__end_of___awmod           text17       0E3F
__end_of___bmul            text10       0C86
__end_of___wmul            text6        0D10
__end_of__initialization   cinit        004A
__end_of__stringtab        strings      0806
__end_of_bitChange         text9        0D6F
__end_of_bitParita         text8        065D
__end_of_display           strings      0811
__end_of_init_ADC          text7        0C47
__end_of_main              maintext     0594
__end_of_map               text5        0DA4
__end_of_sendByte          text1        0D3E
__initialization           cinit        0011
__pbssBANK0                bssBANK0     004A
__pbssBANK1                bssBANK1     00A0
__pbssBANK2                bssBANK2     0110
__pbssBANK3                bssBANK3     0190
__pbssCOMMON               bssCOMMON    0077
__pcstackBANK0             cstackBANK0  0020
__pcstackBANK2             cstackBANK2  0158
__pcstackCOMMON            cstackCOMMON 0070
__pdataBANK0               dataBANK0    0064
__pdataBANK1               dataBANK1    00C7
__pidataBANK0              idataBANK0   07FC
__pidataBANK1              idataBANK1   0C86
__pintentry                intentry     0004
__pmaintext                maintext     004E
__pstrings                 strings      0800
__ptext1                   text1        0D10
__ptext10                  text10       0C6F
__ptext11                  text11       07C2
__ptext12                  text12       0725
__ptext13                  text13       0C5A
__ptext14                  text14       0F76
__ptext15                  text15       0DA4
__ptext16                  text16       0F0B
__ptext17                  text17       0DE4
__ptext18                  text18       0EA2
__ptext19                  text19       0CA6
__ptext2                   text2        0CC7
__ptext20                  text20       0E3F
__ptext21                  text21       0C22
__ptext3                   text3        0C2B
__ptext4                   text4        065D
__ptext5                   text5        0D6F
__ptext6                   text6        0CE9
__ptext7                   text7        0C36
__ptext8                   text8        0594
__ptext9                   text9        0D3E
__size_of_ADC_Read         (abs)        0000
__size_of_BuildByte        (abs)        0000
__size_of_GetDigits        (abs)        0000
__size_of_GetTime          (abs)        0000
__size_of_ISR              (abs)        0000
__size_of_SetDefaultTimers (abs)        0000
__size_of_SetDisplay       (abs)        0000
__size_of_UART_Init        (abs)        0000
__size_of_UART_Read        (abs)        0000
__size_of_UART_TxChar      (abs)        0000
__size_of_UART_Write_Text  (abs)        0000
__size_of___aldiv          (abs)        0000
__size_of___awdiv          (abs)        0000
__size_of___awmod          (abs)        0000
__size_of___bmul           (abs)        0000
__size_of___wmul           (abs)        0000
__size_of_bitChange        (abs)        0000
__size_of_bitParita        (abs)        0000
__size_of_init_ADC         (abs)        0000
__size_of_main             (abs)        0000
__size_of_map              (abs)        0000
__size_of_sendByte         (abs)        0000
__stringbase               strings      0805
__stringtab                strings      0800
_bitChange                 text9        0D3E
_bitParita                 text8        0594
_car                       bssBANK0     004E
_centinaia                 bssBANK0     005D
_count                     bssBANK0     0056
_count_lux                 bssCOMMON    0079
_countdown                 bssBANK0     005A
_cycled                    bssBANK0     0060
_dataFromGateway           bssBANK1     00A0
_dataFromGatewayIndex      bssBANK0     0059
_decine                    bssBANK0     005E
_disp                      bssBANK0     005B
_display                   strings      0806
_init_ADC                  text7        0C36
_main                      maintext     004E
_map                       text5        0D6F
_motorcycle                bssBANK0     0052
_n_semafori                dataBANK0    0064
_old_disp                  bssBANK0     005C
_readGateway               bssBANK0     0062
_readGatewayDone           bssBANK0     0063
_s0                        bssBANK1     00BB
_s1                        bssBANK1     00AF
_s10                       bssBANK2     014C
_s11                       bssBANK2     0140
_s12                       bssBANK2     0134
_s13                       bssBANK2     0128
_s14                       bssBANK2     011C
_s15                       bssBANK2     0110
_s2                        bssBANK3     01E4
_s3                        bssBANK3     01D8
_s4                        bssBANK3     01CC
_s5                        bssBANK3     01C0
_s6                        bssBANK3     01B4
_s7                        bssBANK3     01A8
_s8                        bssBANK3     019C
_s9                        bssBANK3     0190
_secondPassed              bssBANK0     0061
_sendByte                  text1        0D10
_timerReadFromGateway      bssBANK0     0058
_truck                     bssBANK0     004A
_unita                     bssBANK0     005F
bitChange@dato             cstackBANK0  0020
bitChange@n                cstackCOMMON 0074
bitParita@error            cstackBANK0  0028
bitParita@errorColumn      cstackBANK0  0027
bitParita@errorRow         cstackBANK0  0029
bitParita@i                cstackBANK0  002F
bitParita@i_330            cstackBANK0  0031
bitParita@rx               cstackBANK0  002E
bitParita@sommaColumn      cstackBANK0  0026
bitParita@sommaRow         cstackBANK0  0025
bitParita@y                cstackBANK0  002A
bitParita@y_331            cstackBANK0  002C
btemp                      (abs)        007E
clear_ram0                 clrtext      0C1A
end_of_initialization      cinit        004A
init_fetch0                inittext     0C47
init_ram0                  inittext     0C4B
interrupt_function         intentry     0004
intlevel0                  functab      0000
intlevel1                  functab      0000
intlevel2                  functab      0000
intlevel3                  functab      0000
intlevel4                  functab      0000
intlevel5                  functab      0000
main@colorId               cstackBANK2  0159
main@endCiclo              cstackBANK2  015D
main@i                     cstackBANK2  0163
main@i_444                 cstackBANK2  0169
main@i_445                 cstackBANK2  016A
main@i_446                 cstackBANK2  0166
main@i_447                 cstackBANK2  0164
main@i_449                 cstackBANK2  0165
main@index                 cstackBANK2  0162
main@l                     cstackBANK2  0168
main@lux_select            cstackBANK2  0161
main@pressione             cstackBANK2  015C
main@semaforoId            cstackBANK2  0158
main@temp                  cstackBANK2  015A
main@time                  cstackBANK2  015F
main@tmp                   cstackBANK2  015E
main@umidita               cstackBANK2  015B
map@in_max                 cstackBANK0  0031
map@in_min                 cstackBANK0  002F
map@out_max                cstackBANK0  0035
map@out_min                cstackBANK0  0033
map@x                      cstackBANK0  002D
reset_vec                  reset_vec    0000
saved_w                    (abs)        007E
sendByte@byte0             cstackBANK0  0037
sendByte@byte1             cstackBANK0  0032
sendByte@i                 cstackBANK0  0039
sendByte@txByte            cstackBANK0  0038
sendByte@valore            cstackBANK0  0033
start                      init         000E
start_initialization       cinit        0011
wtemp0                     (abs)        007E


FUNCTION INFORMATION:

 *************** function _main *****************
 Defined at:
		line 130 in file "main.c"
 Parameters:    Size  Location     Type
		None
 Auto vars:     Size  Location     Type
  i               1   17[BANK2 ] unsigned char 
  index           1   10[BANK2 ] unsigned char 
  colorId         1    1[BANK2 ] unsigned char 
  semaforoId      1    0[BANK2 ] unsigned char 
  i               1   11[BANK2 ] unsigned char 
  i               1   13[BANK2 ] unsigned char 
  i               1   12[BANK2 ] unsigned char 
  i               2   14[BANK2 ] int 
  i               2   18[BANK2 ] int 
  l               1   16[BANK2 ] unsigned char 
  tmp             1    6[BANK2 ] unsigned char 
  time            2    7[BANK2 ] int 
  lux_select      1    9[BANK2 ] unsigned char 
  endCiclo        1    5[BANK2 ] struct .
  pressione       1    4[BANK2 ] unsigned char 
  umidita         1    3[BANK2 ] unsigned char 
  temp            1    2[BANK2 ] unsigned char 
 Return value:  Size  Location     Type
                  1    wreg      void 
 Registers used:
		wreg, fsr0l, fsr0h, status,2, status,0, btemp+1, pclath, cstack
 Tracked objects:
		On entry : 
		On exit  : 
		Unchanged: 
 Data sizes:     COMMON   BANK0   BANK1   BANK3   BANK2
      Params:         0       0       0       0       0
      Locals:         0       0       0       0      20
      Temps:          0      16       0       0       0
      Totals:         0      16       0       0      20
Total ram usage:       36 bytes
 Hardware stack levels required when called:    5
 This function calls:
		_ADC_Read
		_GetDigits
		_GetTime
		_SetDefaultTimers
		_SetDisplay
		_UART_Init
		___awmod
		___bmul
		_bitParita
		_init_ADC
		_map
		_sendByte
 This function is called by:
		Startup code after reset
 This function uses a non-reentrant model


 *************** function _sendByte *****************
 Defined at:
		line 413 in file "main.c"
 Parameters:    Size  Location     Type
  byte0           1    wreg     unsigned char 
  byte1           1   18[BANK0 ] unsigned char 
  valore          1   19[BANK0 ] unsigned char 
 Auto vars:     Size  Location     Type
  byte0           1   23[BANK0 ] unsigned char 
  i               1   25[BANK0 ] unsigned char 
  txByte          1   24[BANK0 ] PTR unsigned char 
		 -> BuildByte@txByte(5), 
 Return value:  Size  Location     Type
                  1    wreg      void 
 Registers used:
		wreg, fsr0l, fsr0h, status,2, status,0, btemp+1, pclath, cstack
 Tracked objects:
		On entry : 
		On exit  : 
		Unchanged: 
 Data sizes:     COMMON   BANK0   BANK1   BANK3   BANK2
      Params:         0       2       0       0       0
      Locals:         0       3       0       0       0
      Temps:          0       3       0       0       0
      Totals:         0       8       0       0       0
Total ram usage:        8 bytes
 Hardware stack levels used:    1
 Hardware stack levels required when called:    4
 This function calls:
		_BuildByte
		_UART_Write_Text
 This function is called by:
		_main
 This function uses a non-reentrant model


 *************** function _UART_Write_Text *****************
 Defined at:
		line 397 in file "main.c"
 Parameters:    Size  Location     Type
  text            1    wreg     PTR unsigned char 
		 -> BuildByte@txByte(5), 
 Auto vars:     Size  Location     Type
  text            1    0[BANK0 ] PTR unsigned char 
		 -> BuildByte@txByte(5), 
  i               1    1[BANK0 ] unsigned char 
 Return value:  Size  Location     Type
                  1    wreg      void 
 Registers used:
		wreg, fsr0l, fsr0h, status,2, status,0, pclath, cstack
 Tracked objects:
		On entry : 
		On exit  : 
		Unchanged: 
 Data sizes:     COMMON   BANK0   BANK1   BANK3   BANK2
      Params:         0       0       0       0       0
      Locals:         0       2       0       0       0
      Temps:          1       0       0       0       0
      Totals:         1       2       0       0       0
Total ram usage:        3 bytes
 Hardware stack levels used:    1
 Hardware stack levels required when called:    3
 This function calls:
		_UART_TxChar
 This function is called by:
		_sendByte
 This function uses a non-reentrant model


 *************** function _UART_TxChar *****************
 Defined at:
		line 390 in file "main.c"
 Parameters:    Size  Location     Type
  ch              1    wreg     unsigned char 
 Auto vars:     Size  Location     Type
  ch              1    4[COMMON] unsigned char 
 Return value:  Size  Location     Type
                  1    wreg      void 
 Registers used:
		wreg
 Tracked objects:
		On entry : 
		On exit  : 
		Unchanged: 
 Data sizes:     COMMON   BANK0   BANK1   BANK3   BANK2
      Params:         0       0       0       0       0
      Locals:         1       0       0       0       0
      Temps:          0       0       0       0       0
      Totals:         1       0       0       0       0
Total ram usage:        1 bytes
 Hardware stack levels used:    1
 Hardware stack levels required when called:    2
 This function calls:
		Nothing
 This function is called by:
		_UART_Write_Text
 This function uses a non-reentrant model


 *************** function _BuildByte *****************
 Defined at:
		line 2 in file "./CustomLib/Serial.h"
 Parameters:    Size  Location     Type
  byte0           1    wreg     unsigned char 
  byte1           1    4[COMMON] unsigned char 
  valore          1    5[COMMON] unsigned char 
 Auto vars:     Size  Location     Type
  byte0           1    2[BANK0 ] unsigned char 
  y               2   12[BANK0 ] int 
  y               2   10[BANK0 ] int 
  i               2   16[BANK0 ] int 
  i               2   14[BANK0 ] int 
  txByte          5    3[BANK0 ] unsigned char [5]
  sommaColumn     1    9[BANK0 ] unsigned char 
  sommaRow        1    8[BANK0 ] unsigned char 
 Return value:  Size  Location     Type
                  1    wreg      PTR unsigned char 
 Registers used:
		wreg, fsr0l, fsr0h, status,2, status,0, btemp+1
 Tracked objects:
		On entry : 
		On exit  : 
		Unchanged: 
 Data sizes:     COMMON   BANK0   BANK1   BANK3   BANK2
      Params:         2       0       0       0       0
      Locals:         0      16       0       0       0
      Temps:          0       2       0       0       0
      Totals:         2      18       0       0       0
Total ram usage:       20 bytes
 Hardware stack levels used:    1
 Hardware stack levels required when called:    2
 This function calls:
		Nothing
 This function is called by:
		_sendByte
 This function uses a non-reentrant model


 *************** function _map *****************
 Defined at:
		line 1 in file "./CustomLib/Conversions.h"
 Parameters:    Size  Location     Type
  x               2   13[BANK0 ] int 
  in_min          2   15[BANK0 ] int 
  in_max          2   17[BANK0 ] int 
  out_min         2   19[BANK0 ] int 
  out_max         2   21[BANK0 ] int 
 Auto vars:     Size  Location     Type
		None
 Return value:  Size  Location     Type
                  2   13[BANK0 ] int 
 Registers used:
		wreg, status,2, status,0, pclath, cstack
 Tracked objects:
		On entry : 
		On exit  : 
		Unchanged: 
 Data sizes:     COMMON   BANK0   BANK1   BANK3   BANK2
      Params:         0      10       0       0       0
      Locals:         0       0       0       0       0
      Temps:          0       0       0       0       0
      Totals:         0      10       0       0       0
Total ram usage:       10 bytes
 Hardware stack levels used:    1
 Hardware stack levels required when called:    3
 This function calls:
		___awdiv
		___wmul
 This function is called by:
		_main
 This function uses a non-reentrant model


 *************** function ___wmul *****************
 Defined at:
		line 15 in file "C:\Program Files (x86)\Microchip\xc8\v2.10\pic\sources\c90\common\Umul16.c"
 Parameters:    Size  Location     Type
  multiplier      2    0[BANK0 ] unsigned int 
  multiplicand    2    2[BANK0 ] unsigned int 
 Auto vars:     Size  Location     Type
  product         2    4[COMMON] unsigned int 
 Return value:  Size  Location     Type
                  2    0[BANK0 ] unsigned int 
 Registers used:
		wreg, status,2, status,0
 Tracked objects:
		On entry : 
		On exit  : 
		Unchanged: 
 Data sizes:     COMMON   BANK0   BANK1   BANK3   BANK2
      Params:         0       4       0       0       0
      Locals:         2       0       0       0       0
      Temps:          0       0       0       0       0
      Totals:         2       4       0       0       0
Total ram usage:        6 bytes
 Hardware stack levels used:    1
 Hardware stack levels required when called:    2
 This function calls:
		Nothing
 This function is called by:
		_map
 This function uses a non-reentrant model


 *************** function _init_ADC *****************
 Defined at:
		line 360 in file "main.c"
 Parameters:    Size  Location     Type
		None
 Auto vars:     Size  Location     Type
		None
 Return value:  Size  Location     Type
                  1    wreg      void 
 Registers used:
		wreg, status,2
 Tracked objects:
		On entry : 
		On exit  : 
		Unchanged: 
 Data sizes:     COMMON   BANK0   BANK1   BANK3   BANK2
      Params:         0       0       0       0       0
      Locals:         0       0       0       0       0
      Temps:          1       0       0       0       0
      Totals:         1       0       0       0       0
Total ram usage:        1 bytes
 Hardware stack levels used:    1
 Hardware stack levels required when called:    2
 This function calls:
		Nothing
 This function is called by:
		_main
 This function uses a non-reentrant model


 *************** function _bitParita *****************
 Defined at:
		line 14 in file "./CustomLib/BitsFlow.h"
 Parameters:    Size  Location     Type
  rx              1    wreg     PTR unsigned char 
		 -> dataFromGateway(15), 
 Auto vars:     Size  Location     Type
  rx              1   14[BANK0 ] PTR unsigned char 
		 -> dataFromGateway(15), 
  y               2   12[BANK0 ] int 
  y               2   10[BANK0 ] int 
  i               2   17[BANK0 ] int 
  i               2   15[BANK0 ] int 
  errorRow        1    9[BANK0 ] unsigned char 
  error           1    8[BANK0 ] unsigned char 
  errorColumn     1    7[BANK0 ] unsigned char 
  sommaColumn     1    6[BANK0 ] unsigned char 
  sommaRow        1    5[BANK0 ] unsigned char 
 Return value:  Size  Location     Type
                  1    wreg      void 
 Registers used:
		wreg, fsr0l, fsr0h, status,2, status,0, btemp+1, pclath, cstack
 Tracked objects:
		On entry : 
		On exit  : 
		Unchanged: 
 Data sizes:     COMMON   BANK0   BANK1   BANK3   BANK2
      Params:         0       0       0       0       0
      Locals:         0      14       0       0       0
      Temps:          0       4       0       0       0
      Totals:         0      18       0       0       0
Total ram usage:       18 bytes
 Hardware stack levels used:    1
 Hardware stack levels required when called:    3
 This function calls:
		_bitChange
 This function is called by:
		_main
 This function uses a non-reentrant model


 *************** function _bitChange *****************
 Defined at:
		line 1 in file "./CustomLib/BitsFlow.h"
 Parameters:    Size  Location     Type
  dato            1    wreg     unsigned char 
  n               1    4[COMMON] unsigned char 
 Auto vars:     Size  Location     Type
  dato            1    0[BANK0 ] unsigned char 
 Return value:  Size  Location     Type
                  1    wreg      unsigned char 
 Registers used:
		wreg, status,2, status,0
 Tracked objects:
		On entry : 
		On exit  : 
		Unchanged: 
 Data sizes:     COMMON   BANK0   BANK1   BANK3   BANK2
      Params:         1       0       0       0       0
      Locals:         0       1       0       0       0
      Temps:          2       0       0       0       0
      Totals:         3       1       0       0       0
Total ram usage:        4 bytes
 Hardware stack levels used:    1
 Hardware stack levels required when called:    2
 This function calls:
		Nothing
 This function is called by:
		_bitParita
 This function uses a non-reentrant model


 *************** function ___bmul *****************
 Defined at:
		line 4 in file "C:\Program Files (x86)\Microchip\xc8\v2.10\pic\sources\c90\common\Umul8.c"
 Parameters:    Size  Location     Type
  multiplier      1    wreg     unsigned char 
  multiplicand    1    4[COMMON] unsigned char 
 Auto vars:     Size  Location     Type
  multiplier      1    1[BANK0 ] unsigned char 
  product         1    0[BANK0 ] unsigned char 
 Return value:  Size  Location     Type
                  1    wreg      unsigned char 
 Registers used:
		wreg, status,2, status,0
 Tracked objects:
		On entry : 
		On exit  : 
		Unchanged: 
 Data sizes:     COMMON   BANK0   BANK1   BANK3   BANK2
      Params:         1       0       0       0       0
      Locals:         0       2       0       0       0
      Temps:          1       0       0       0       0
      Totals:         2       2       0       0       0
Total ram usage:        4 bytes
 Hardware stack levels used:    1
 Hardware stack levels required when called:    2
 This function calls:
		Nothing
 This function is called by:
		_main
 This function uses a non-reentrant model


 *************** function _UART_Init *****************
 Defined at:
		line 378 in file "main.c"
 Parameters:    Size  Location     Type
  baudrate        2   14[BANK0 ] int 
 Auto vars:     Size  Location     Type
		None
 Return value:  Size  Location     Type
                  1    wreg      void 
 Registers used:
		wreg, status,2, status,0, pclath, cstack
 Tracked objects:
		On entry : 
		On exit  : 
		Unchanged: 
 Data sizes:     COMMON   BANK0   BANK1   BANK3   BANK2
      Params:         0       2       0       0       0
      Locals:         0       0       0       0       0
      Temps:          0       4       0       0       0
      Totals:         0       6       0       0       0
Total ram usage:        6 bytes
 Hardware stack levels used:    1
 Hardware stack levels required when called:    3
 This function calls:
		___aldiv
 This function is called by:
		_main
 This function uses a non-reentrant model


 *************** function ___aldiv *****************
 Defined at:
		line 5 in file "C:\Program Files (x86)\Microchip\xc8\v2.10\pic\sources\c90\common\aldiv.c"
 Parameters:    Size  Location     Type
  divisor         4    0[BANK0 ] long 
  dividend        4    4[BANK0 ] long 
 Auto vars:     Size  Location     Type
  quotient        4   10[BANK0 ] long 
  sign            1    9[BANK0 ] unsigned char 
  counter         1    8[BANK0 ] unsigned char 
 Return value:  Size  Location     Type
                  4    0[BANK0 ] long 
 Registers used:
		wreg, status,2, status,0
 Tracked objects:
		On entry : 
		On exit  : 
		Unchanged: 
 Data sizes:     COMMON   BANK0   BANK1   BANK3   BANK2
      Params:         0       8       0       0       0
      Locals:         0       6       0       0       0
      Temps:          1       0       0       0       0
      Totals:         1      14       0       0       0
Total ram usage:       15 bytes
 Hardware stack levels used:    1
 Hardware stack levels required when called:    2
 This function calls:
		Nothing
 This function is called by:
		_UART_Init
 This function uses a non-reentrant model


 *************** function _SetDisplay *****************
 Defined at:
		line 450 in file "main.c"
 Parameters:    Size  Location     Type
  d1              1    wreg     unsigned char 
  d2              1    4[COMMON] unsigned char 
  d3              1    5[COMMON] unsigned char 
  value           1    6[COMMON] unsigned char 
 Auto vars:     Size  Location     Type
  d1              1    0[BANK0 ] unsigned char 
 Return value:  Size  Location     Type
                  1    wreg      void 
 Registers used:
		wreg, status,0
 Tracked objects:
		On entry : 
		On exit  : 
		Unchanged: 
 Data sizes:     COMMON   BANK0   BANK1   BANK3   BANK2
      Params:         3       0       0       0       0
      Locals:         0       1       0       0       0
      Temps:          0       0       0       0       0
      Totals:         3       1       0       0       0
Total ram usage:        4 bytes
 Hardware stack levels used:    1
 Hardware stack levels required when called:    2
 This function calls:
		Nothing
 This function is called by:
		_main
 This function uses a non-reentrant model


 *************** function _SetDefaultTimers *****************
 Defined at:
		line 458 in file "main.c"
 Parameters:    Size  Location     Type
  rosso           2    0[BANK0 ] int 
  verde           2    2[BANK0 ] int 
  giallo          2    4[BANK0 ] int 
 Auto vars:     Size  Location     Type
  i               1    5[COMMON] unsigned char 
  l               1    4[COMMON] unsigned char 
 Return value:  Size  Location     Type
                  1    wreg      void 
 Registers used:
		wreg, fsr0l, fsr0h, status,2, status,0
 Tracked objects:
		On entry : 
		On exit  : 
		Unchanged: 
 Data sizes:     COMMON   BANK0   BANK1   BANK3   BANK2
      Params:         0       6       0       0       0
      Locals:         2       0       0       0       0
      Temps:          0       6       0       0       0
      Totals:         2      12       0       0       0
Total ram usage:       14 bytes
 Hardware stack levels used:    1
 Hardware stack levels required when called:    2
 This function calls:
		Nothing
 This function is called by:
		_main
 This function uses a non-reentrant model


 *************** function _GetTime *****************
 Defined at:
		line 424 in file "main.c"
 Parameters:    Size  Location     Type
  index           1    wreg     unsigned char 
 Auto vars:     Size  Location     Type
  index           1    2[BANK0 ] unsigned char 
  time            2    4[BANK0 ] int 
  shortInt        1    3[BANK0 ] struct .
 Return value:  Size  Location     Type
                  2    4[COMMON] int 
 Registers used:
		wreg, fsr0l, fsr0h, status,2, status,0, btemp+1
 Tracked objects:
		On entry : 
		On exit  : 
		Unchanged: 
 Data sizes:     COMMON   BANK0   BANK1   BANK3   BANK2
      Params:         2       0       0       0       0
      Locals:         0       4       0       0       0
      Temps:          0       2       0       0       0
      Totals:         2       6       0       0       0
Total ram usage:        8 bytes
 Hardware stack levels used:    1
 Hardware stack levels required when called:    2
 This function calls:
		Nothing
 This function is called by:
		_main
 This function uses a non-reentrant model


 *************** function _GetDigits *****************
 Defined at:
		line 442 in file "main.c"
 Parameters:    Size  Location     Type
  Time            2   13[BANK0 ] int 
 Auto vars:     Size  Location     Type
		None
 Return value:  Size  Location     Type
                  1    wreg      void 
 Registers used:
		wreg, status,2, status,0, pclath, cstack
 Tracked objects:
		On entry : 
		On exit  : 
		Unchanged: 
 Data sizes:     COMMON   BANK0   BANK1   BANK3   BANK2
      Params:         0       2       0       0       0
      Locals:         0       2       0       0       0
      Temps:          0       3       0       0       0
      Totals:         0       7       0       0       0
Total ram usage:        7 bytes
 Hardware stack levels used:    1
 Hardware stack levels required when called:    3
 This function calls:
		___awdiv
		___awmod
 This function is called by:
		_main
 This function uses a non-reentrant model


 *************** function ___awmod *****************
 Defined at:
		line 5 in file "C:\Program Files (x86)\Microchip\xc8\v2.10\pic\sources\c90\common\awmod.c"
 Parameters:    Size  Location     Type
  divisor         2    0[BANK0 ] int 
  dividend        2    2[BANK0 ] int 
 Auto vars:     Size  Location     Type
  sign            1    6[COMMON] unsigned char 
  counter         1    5[COMMON] unsigned char 
 Return value:  Size  Location     Type
                  2    0[BANK0 ] int 
 Registers used:
		wreg, status,2, status,0
 Tracked objects:
		On entry : 
		On exit  : 
		Unchanged: 
 Data sizes:     COMMON   BANK0   BANK1   BANK3   BANK2
      Params:         0       4       0       0       0
      Locals:         2       0       0       0       0
      Temps:          1       0       0       0       0
      Totals:         3       4       0       0       0
Total ram usage:        7 bytes
 Hardware stack levels used:    1
 Hardware stack levels required when called:    2
 This function calls:
		Nothing
 This function is called by:
		_main
		_GetDigits
		_intToString
 This function uses a non-reentrant model


 *************** function ___awdiv *****************
 Defined at:
		line 5 in file "C:\Program Files (x86)\Microchip\xc8\v2.10\pic\sources\c90\common\awdiv.c"
 Parameters:    Size  Location     Type
  divisor         2    4[BANK0 ] int 
  dividend        2    6[BANK0 ] int 
 Auto vars:     Size  Location     Type
  quotient        2   11[BANK0 ] int 
  sign            1   10[BANK0 ] unsigned char 
  counter         1    9[BANK0 ] unsigned char 
 Return value:  Size  Location     Type
                  2    4[BANK0 ] int 
 Registers used:
		wreg, status,2, status,0
 Tracked objects:
		On entry : 
		On exit  : 
		Unchanged: 
 Data sizes:     COMMON   BANK0   BANK1   BANK3   BANK2
      Params:         0       4       0       0       0
      Locals:         0       4       0       0       0
      Temps:          0       1       0       0       0
      Totals:         0       9       0       0       0
Total ram usage:        9 bytes
 Hardware stack levels used:    1
 Hardware stack levels required when called:    2
 This function calls:
		Nothing
 This function is called by:
		_map
		_GetDigits
		_intToString
 This function uses a non-reentrant model


 *************** function _ADC_Read *****************
 Defined at:
		line 369 in file "main.c"
 Parameters:    Size  Location     Type
  canale          1    wreg     unsigned char 
 Auto vars:     Size  Location     Type
  canale          1    0[BANK0 ] unsigned char 
 Return value:  Size  Location     Type
                  2    4[COMMON] int 
 Registers used:
		wreg, status,2, status,0
 Tracked objects:
		On entry : 
		On exit  : 
		Unchanged: 
 Data sizes:     COMMON   BANK0   BANK1   BANK3   BANK2
      Params:         2       0       0       0       0
      Locals:         0       1       0       0       0
      Temps:          1       0       0       0       0
      Totals:         3       1       0       0       0
Total ram usage:        4 bytes
 Hardware stack levels used:    1
 Hardware stack levels required when called:    2
 This function calls:
		Nothing
 This function is called by:
		_main
 This function uses a non-reentrant model


 *************** function _ISR *****************
 Defined at:
		line 474 in file "main.c"
 Parameters:    Size  Location     Type
		None
 Auto vars:     Size  Location     Type
		None
 Return value:  Size  Location     Type
                  1    wreg      void 
 Registers used:
		wreg, fsr0l, fsr0h, status,2, status,0, pclath, cstack
 Tracked objects:
		On entry : 
		On exit  : 
		Unchanged: 
 Data sizes:     COMMON   BANK0   BANK1   BANK3   BANK2
      Params:         0       0       0       0       0
      Locals:         0       0       0       0       0
      Temps:          4       0       0       0       0
      Totals:         4       0       0       0       0
Total ram usage:        4 bytes
 Hardware stack levels used:    1
 Hardware stack levels required when called:    1
 This function calls:
		_UART_Read
 This function is called by:
		Interrupt level 1
 This function uses a non-reentrant model


 *************** function _UART_Read *****************
 Defined at:
		line 406 in file "main.c"
 Parameters:    Size  Location     Type
		None
 Auto vars:     Size  Location     Type
		None
 Return value:  Size  Location     Type
                  1    wreg      unsigned char 
 Registers used:
		wreg
 Tracked objects:
		On entry : 
		On exit  : 
		Unchanged: 
 Data sizes:     COMMON   BANK0   BANK1   BANK3   BANK2
      Params:         0       0       0       0       0
      Locals:         0       0       0       0       0
      Temps:          0       0       0       0       0
      Totals:         0       0       0       0       0
Total ram usage:        0 bytes
 Hardware stack levels used:    1
 This function calls:
		Nothing
 This function is called by:
		_ISR
 This function uses a non-reentrant model



MODULE INFORMATION

Module		Function		Class		Link	Load	Size
./CustomLib/BitsFlow.h
		_bitChange     		CODE           	0D3E	0000	50
		_bitParita     		CODE           	0594	0000	202

./CustomLib/BitsFlow.h estimated size: 252

C:\Program Files (x86)\Microchip\xc8\v2.10\pic\sources\c90\common\awdiv.c
		___awdiv       		CODE           	0EA2	0000	106

C:\Program Files (x86)\Microchip\xc8\v2.10\pic\sources\c90\common\awdiv.c estimated size: 106

./CustomLib/Conversions.h
		_map           		CODE           	0D6F	0000	54

./CustomLib/Conversions.h estimated size: 54

C:\Program Files (x86)\Microchip\xc8\v2.10\pic\sources\c90\common\Umul16.c
		___wmul        		CODE           	0CE9	0000	40

C:\Program Files (x86)\Microchip\xc8\v2.10\pic\sources\c90\common\Umul16.c estimated size: 40

C:\Program Files (x86)\Microchip\xc8\v2.10\pic\sources\c90\common\Umul8.c
		___bmul        		CODE           	0C6F	0000	24

C:\Program Files (x86)\Microchip\xc8\v2.10\pic\sources\c90\common\Umul8.c estimated size: 24

C:\Program Files (x86)\Microchip\xc8\v2.10\pic\sources\c90\common\aldiv.c
		___aldiv       		CODE           	0725	0000	158

C:\Program Files (x86)\Microchip\xc8\v2.10\pic\sources\c90\common\aldiv.c estimated size: 158

./CustomLib/Serial.h
		_BuildByte     		CODE           	065D	0000	201

./CustomLib/Serial.h estimated size: 201

shared
		__stringtab    		STRING         	0800	0000	7
		_display       		STRING         	0806	0000	12
		__initialization		CODE           	0011	0000	58

shared estimated size: 77

C:\Program Files (x86)\Microchip\xc8\v2.10\pic\sources\c90\common\awmod.c
		___awmod       		CODE           	0DE4	0000	92

C:\Program Files (x86)\Microchip\xc8\v2.10\pic\sources\c90\common\awmod.c estimated size: 92

main.c
		_ISR           		CODE           	0E3F	0000	100
		_UART_Read     		CODE           	0C22	0000	10
		_GetTime       		CODE           	0DA4	0000	65
		_UART_Init     		CODE           	07C2	0000	59
		_main          		CODE           	004E	0000	1351
		_SetDefaultTimers		CODE           	0F76	0000	139
		_UART_Write_Text		CODE           	0CC7	0000	35
		_init_ADC      		CODE           	0C36	0000	18
		_GetDigits     		CODE           	0F0B	0000	108
		_sendByte      		CODE           	0D10	0000	47
		_SetDisplay    		CODE           	0C5A	0000	22
		_ADC_Read      		CODE           	0CA6	0000	34
		_UART_TxChar   		CODE           	0C2B	0000	12

main.c estimated size: 2000

