Microchip MPLAB XC8 Compiler V2.10 ()

Linker command line:

-W-3 --edf=C:\Program Files (x86)\Microchip\xc8\v2.10\pic\dat\en_msgs.txt \
  -cs -h+dist/default/production\Semafore.X.production.sym \
  --cmf=dist/default/production\Semafore.X.production.cmf -z -Q16F877A \
  -oC:\Users\PC\AppData\Local\Temp\s23s.2 --defsym=__MPLAB_BUILD=1 \
  -Mdist/default/production/Semafore.X.production.map -E1 -ver=XC8 \
  --acfsm=1493 -ASTACK=0110h-016Fh -pstack=STACK -ACODE=00h-07FFhx4 \
  -ASTRCODE=00h-01FFFh -ASTRING=00h-0FFhx32 -ACONST=00h-0FFhx32 \
  -AENTRY=00h-0FFhx32 -ACOMMON=070h-07Fh -ABANK0=020h-06Fh \
  -ABANK1=0A0h-0EFh -ABANK2=0110h-016Fh -ABANK3=0190h-01EFh \
  -ARAM=020h-06Fh,0A0h-0EFh,0110h-016Fh,0190h-01EFh \
  -AABS1=020h-07Fh,0A0h-0EFh,0110h-016Fh,0190h-01EFh -ASFR0=00h-01Fh \
  -ASFR1=080h-09Fh -ASFR2=0100h-010Fh -ASFR3=0180h-018Fh \
  -preset_vec=00h,intentry=04h,init,end_init -ppowerup=CODE -pcinit=CODE \
  -pfunctab=ENTRY -ACONFIG=02007h-02007h -pconfig=CONFIG -DCONFIG=2 \
  -AIDLOC=02000h-02003h -pidloc=IDLOC -DIDLOC=2 -AEEDATA=00h-0FFh/02100h \
  -peeprom_data=EEDATA -DEEDATA=2 -DCODE=2 -DSTRCODE=2 -DSTRING=2 -DCONST=2 \
  -DENTRY=2 -k C:\Users\PC\AppData\Local\Temp\s23s.o \
  dist/default/production\Semafore.X.production.o 

Object code version is 3.11

Machine type is 16F877A



                Name                               Link     Load   Length Selector   Space Scale
C:\Users\PC\AppData\Local\Temp\s23s.o
                end_init                             10       10        3        8       0
                reset_vec                             0        0        3        0       0
                config                             2007     2007        1     400E       0
dist/default/production\Semafore.X.production.o
                cinit                                13       13       2C        8       0
                intentry                              4        4        C        8       0
                text24                              945      945        9     128A       0
                text23                              AAC      AAC       4C     1558       0
                text22                              C53      C53       65     18A6       0
                text21                              BA0      BA0       58     1740       0
                text20                              9A0      9A0       26     1340       0
                text19                              CB8      CB8       69     1970       0
                text18                              BF8      BF8       5B     17F0       0
                text17                              989      989       17     1312       0
                text16                              F33      F33       CD     1E66       0
                text15                              501      501      14F        8       0
                text14                              A66      A66       46     14CC       0
                text13                              76A      76A       6E        8       0
                text12                              B4B      B4B       55     1696       0
                text11                              DBE      DBE       AD     1B7C       0
                text10                              D21      D21       9D     1A42       0
                text9                               A2C      A2C       3A     1458       0
                text8                               650      650      11A        8       0
                text7                               963      963       13     12C6       0
                text6                               AF8      AF8       53     15F0       0
                text5                               7D8      7D8       27        8       0
                text4                               9F7      9F7       35     13EE       0
                text3                               E6B      E6B       C8     1CD6       0
                text2                               958      958        B     12B0       0
                text1                               9C6      9C6       31     138C       0
                maintext                             3F       3F      4C2        8       0
                cstackBANK0                          20       20       28       20       1
                cstackCOMMON                         70       70        E       70       1
                cstackBANK3                         19E      19E        D      190       1
                clrtext                             93D      93D        8     127A       0
                inittext                            976      976       13     12EC       0
                bssBANK3                            190      190        E      190       1
                bssBANK1                             A0       A0       4B       A0       1
                dataBANK0                            61       61        A       20       1
                bssBANK0                             48       48       19       20       1
                strings                             800      800       12     1000       0
                idataBANK0                          94E      94E        A     129C       0

TOTAL           Name                               Link     Load   Length     Space
        CLASS   STACK          

        CLASS   CODE           
                end_init                             10       10        3         0
                cinit                                13       13       2C         0
                intentry                              4        4        C         0
                reset_vec                             0        0        3         0
                text24                              945      945        9         0
                text23                              AAC      AAC       4C         0
                text22                              C53      C53       65         0
                text21                              BA0      BA0       58         0
                text20                              9A0      9A0       26         0
                text19                              CB8      CB8       69         0
                text18                              BF8      BF8       5B         0
                text17                              989      989       17         0
                text16                              F33      F33       CD         0
                text15                              501      501      14F         0
                text14                              A66      A66       46         0
                text13                              76A      76A       6E         0
                text12                              B4B      B4B       55         0
                text11                              DBE      DBE       AD         0
                text10                              D21      D21       9D         0
                text9                               A2C      A2C       3A         0
                text8                               650      650      11A         0
                text7                               963      963       13         0
                text6                               AF8      AF8       53         0
                text5                               7D8      7D8       27         0
                text4                               9F7      9F7       35         0
                text3                               E6B      E6B       C8         0
                text2                               958      958        B         0
                text1                               9C6      9C6       31         0
                maintext                             3F       3F      4C2         0
                clrtext                             93D      93D        8         0
                inittext                            976      976       13         0
                idataBANK0                          94E      94E        A         0

        CLASS   STRCODE        

        CLASS   STRING         
                strings                             800      800       12         0

        CLASS   CONST          

        CLASS   ENTRY          

        CLASS   COMMON         
                cstackCOMMON                         70       70        E         1

        CLASS   BANK0          
                cstackBANK0                          20       20       28         1
                dataBANK0                            61       61        A         1
                bssBANK0                             48       48       19         1

        CLASS   BANK1          
                bssBANK1                             A0       A0       4B         1

        CLASS   BANK2          

        CLASS   BANK3          
                cstackBANK3                         19E      19E        D         1
                bssBANK3                            190      190        E         1

        CLASS   RAM            

        CLASS   ABS1           
                abs_s1                               7E       7E        2         1

        CLASS   SFR0           

        CLASS   SFR1           

        CLASS   SFR2           

        CLASS   SFR3           

        CLASS   CONFIG         
                config                             2007     2007        1         0

        CLASS   IDLOC          

        CLASS   EEDATA         



SEGMENTS        Name                           Load    Length   Top    Selector   Space  Class     Delta

                reset_vec                      000000  000003  000003         0       0  CODE        2
                intentry                       000004  0007FB  0007FF         8       0  CODE        2
                cstackBANK0                    000020  00004B  00006B        20       1  BANK0       1
                cstackCOMMON                   000070  00000E  00007E        70       1  COMMON      1
                bssBANK1                       0000A0  00004B  0000EB        A0       1  BANK1       1
                bssBANK3                       000190  00001B  0001AB       190       1  BANK3       1
                strings                        000800  000012  000812      1000       0  STRING      2
                clrtext                        00093D  000008  000945      127A       0  CODE        2
                text24                         000945  000009  00094E      128A       0  CODE        2
                idataBANK0                     00094E  00000A  000958      129C       0  CODE        2
                text2                          000958  00000B  000963      12B0       0  CODE        2
                text7                          000963  000013  000976      12C6       0  CODE        2
                inittext                       000976  000013  000989      12EC       0  CODE        2
                text17                         000989  000017  0009A0      1312       0  CODE        2
                text20                         0009A0  000026  0009C6      1340       0  CODE        2
                text1                          0009C6  000031  0009F7      138C       0  CODE        2
                text4                          0009F7  000035  000A2C      13EE       0  CODE        2
                text9                          000A2C  00003A  000A66      1458       0  CODE        2
                text14                         000A66  000046  000AAC      14CC       0  CODE        2
                text23                         000AAC  00004C  000AF8      1558       0  CODE        2
                text6                          000AF8  000053  000B4B      15F0       0  CODE        2
                text12                         000B4B  000055  000BA0      1696       0  CODE        2
                text21                         000BA0  000058  000BF8      1740       0  CODE        2
                text18                         000BF8  00005B  000C53      17F0       0  CODE        2
                text22                         000C53  000065  000CB8      18A6       0  CODE        2
                text19                         000CB8  000069  000D21      1970       0  CODE        2
                text10                         000D21  00009D  000DBE      1A42       0  CODE        2
                text11                         000DBE  0000AD  000E6B      1B7C       0  CODE        2
                text3                          000E6B  0000C8  000F33      1CD6       0  CODE        2
                text16                         000F33  0000CD  001000      1E66       0  CODE        2
                config                         002007  000001  002008      400E       0  CONFIG      2


UNUSED ADDRESS RANGES

        Name                Unused          Largest block    Delta
        BANK0            006B-006F              5           1
        BANK1            00EB-00EF              5           1
        BANK2            0110-016F             60           1
        BANK3            01AB-01EF             45           1
        CODE             0003-0003              1           2
                         07FF-07FF              1
                         0812-093C            12B
                         1000-1FFF            800
        CONST            0003-0003              1           2
                         07FF-07FF              1
                         0812-093C             EE
                         1000-1FFF            100
        EEDATA           2100-21FF            100           2
        ENTRY            0003-0003              1           2
                         07FF-07FF              1
                         0812-093C             EE
                         1000-1FFF            100
        IDLOC            2000-2003              4           2
        RAM              006B-006F              5           1
                         00EB-00EF              5
                         0110-016F             60
                         01AB-01EF             45
        SFR0             0000-001F             20           1
        SFR1             0080-009F             20           1
        SFR2             0100-010F             10           1
        SFR3             0180-018F             10           1
        STACK            0110-016F             60           1
        STRCODE          0003-0003              1           2
                         07FF-07FF              1
                         0812-093C            12B
                         1000-1FFF           1000
        STRING           0003-0003              1           2
                         07FF-07FF              1
                         0812-093C             EE
                         1000-1FFF            100

                                  Symbol Table

?_ADC_Read                        cstackBANK0  0024
?_GetTime                         cstackBANK0  0024
?___aldiv                         cstackBANK0  0024
?___awdiv                         cstackBANK0  002B
?___awmod                         cstackBANK0  0024
?___wmul                          cstackBANK0  0024
?_map                             cstackBANK0  0034
ADC_Read@canale                   cstackBANK0  0027
BuildByte@byte0                   cstackBANK0  0028
BuildByte@byte1                   cstackBANK0  0024
BuildByte@i                       cstackBANK0  0034
BuildByte@i_337                   cstackBANK0  0036
BuildByte@sommaColumn             cstackBANK0  002F
BuildByte@sommaRow                cstackBANK0  002E
BuildByte@txByte                  cstackBANK0  0029
BuildByte@valore                  cstackBANK0  0025
BuildByte@y                       cstackBANK0  0030
BuildByte@y_338                   cstackBANK0  0032
Conteggio@_car                    cstackCOMMON 0073
Conteggio@_count                  cstackCOMMON 0070
Conteggio@_motorcycle             cstackCOMMON 0072
Conteggio@_truck                  cstackCOMMON 0074
Conteggio@index                   cstackCOMMON 0075
GetDigits@Time                    cstackBANK0  0035
GetDigits@_digits                 cstackBANK0  003C
GetDigits@index                   cstackBANK0  0034
GetTime@_dataFromGateway          cstackBANK0  0024
GetTime@index                     cstackBANK0  0028
GetTime@shortInt                  cstackBANK0  0029
GetTime@tmp                       cstackBANK0  002A
SetDefaultTimers@_semafori        cstackBANK0  002A
SetDefaultTimers@giallo           cstackBANK0  0028
SetDefaultTimers@i                cstackBANK0  0033
SetDefaultTimers@l                cstackBANK0  0032
SetDefaultTimers@rosso            cstackBANK0  0024
SetDefaultTimers@verde            cstackBANK0  0026
SetDisplay@d1                     cstackBANK0  0024
SetDisplay@d2                     cstackBANK0  0025
SetDisplay@d3                     cstackBANK0  0026
SetDisplay@display_index          cstackBANK0  002A
SetDisplay@value                  cstackBANK0  0027
SetReceivedTimes@_dataFromGateway cstackBANK0  0037
SetReceivedTimes@_semafori        cstackBANK0  002C
SetReceivedTimes@colorId          cstackBANK0  0036
SetReceivedTimes@i                cstackBANK0  0039
SetReceivedTimes@index            cstackBANK0  0038
SetReceivedTimes@semaforoId       cstackBANK0  0035
ShowDigitsOnDisplay@display_index cstackBANK0  002D
UART_Init@baudrate                cstackBANK0  0033
UART_TxChar@ch                    cstackBANK0  0024
UpdateTimes@_semafori             cstackBANK0  0037
UpdateTimes@i                     cstackBANK0  0036
UpdateTimes@l                     cstackBANK0  0038
_ADCON0                           (abs)        001F
_ADCON1                           (abs)        009F
_ADC_Read                         text20       09A0
_ADRESH                           (abs)        001E
_ADRESL                           (abs)        009E
_BuildByte                        text3        0E6B
_Conteggio                        text23       0AAC
_DigitsArr                        dataBANK0    0069
_GO_nDONE                         (abs)        00FA
_GetDigits                        text16       0F33
_GetDigits$1199                   cstackBANK0  003A
_GetTime                          text14       0A66
_INTCON                           (abs)        000B
_INTCONbits                       (abs)        000B
_ISR                              text21       0BA0
_OPTION_REG                       (abs)        0081
_PIE1bits                         (abs)        008C
_PORTAbits                        (abs)        0005
_PORTBbits                        (abs)        0006
_PORTCbits                        (abs)        0007
_PORTD                            (abs)        0008
_RCIF                             (abs)        0065
_RCREG                            (abs)        001A
_RCSTAbits                        (abs)        0018
_RoadsSensors                     bssBANK1     00A8
_SPBRG                            (abs)        0099
_Semafori                         dataBANK0    0061
_SetDefaultTimers                 text15       0501
_SetDisplay                       text12       0B4B
_SetReceivedTimes                 text13       076A
_ShowDigitsOnDisplay              text11       0DBE
_T1CON                            (abs)        0010
_TMR0                             (abs)        0001
_TMR0IF                           (abs)        005A
_TMR1H                            (abs)        000F
_TMR1IF                           (abs)        0060
_TMR1L                            (abs)        000E
_TRISA                            (abs)        0085
_TRISB                            (abs)        0086
_TRISC                            (abs)        0087
_TRISCbits                        (abs)        0087
_TRISD                            (abs)        0088
_TRISE                            (abs)        0089
_TXIF                             (abs)        0064
_TXREG                            (abs)        0019
_TXSTAbits                        (abs)        0098
_UART_Init                        text9        0A2C
_UART_Read                        text24       0945
_UART_TxChar                      text2        0958
_UpdateTimes                      text8        0650
__CFG_BOREN$ON                    (abs)        0000
__CFG_CP$OFF                      (abs)        0000
__CFG_CPD$OFF                     (abs)        0000
__CFG_FOSC$HS                     (abs)        0000
__CFG_LVP$ON                      (abs)        0000
__CFG_PWRTE$ON                    (abs)        0000
__CFG_WDTE$OFF                    (abs)        0000
__CFG_WRT$OFF                     (abs)        0000
__Habs1                           abs1         0000
__Hbank0                          bank0        0000
__Hbank1                          bank1        0000
__Hbank2                          bank2        0000
__Hbank3                          bank3        0000
__HbssBANK0                       bssBANK0     0000
__HbssBANK1                       bssBANK1     0000
__HbssBANK3                       bssBANK3     0000
__Hcinit                          cinit        003F
__Hclrtext                        clrtext      0000
__Hcode                           code         0000
__Hcommon                         common       0000
__Hconfig                         config       2008
__HcstackBANK0                    cstackBANK0  0000
__HcstackBANK3                    cstackBANK3  0000
__HcstackCOMMON                   cstackCOMMON 0000
__HdataBANK0                      dataBANK0    0000
__Heeprom_data                    eeprom_data  0000
__Hend_init                       end_init     0013
__Hfunctab                        functab      0000
__HidataBANK0                     idataBANK0   0000
__Hidloc                          idloc        0000
__Hinit                           init         0010
__Hinittext                       inittext     0000
__Hintentry                       intentry     0010
__Hmaintext                       maintext     0000
__Hpowerup                        powerup      0000
__Hram                            ram          0000
__Hreset_vec                      reset_vec    0003
__Hsfr0                           sfr0         0000
__Hsfr1                           sfr1         0000
__Hsfr2                           sfr2         0000
__Hsfr3                           sfr3         0000
__Hspace_0                        (abs)        2008
__Hspace_1                        (abs)        01AB
__Hspace_2                        (abs)        0000
__Hspace_3                        (abs)        0000
__Hstack                          stack        0000
__Hstrings                        strings      0000
__Htext                           text         0000
__Labs1                           abs1         0000
__Lbank0                          bank0        0000
__Lbank1                          bank1        0000
__Lbank2                          bank2        0000
__Lbank3                          bank3        0000
__LbssBANK0                       bssBANK0     0000
__LbssBANK1                       bssBANK1     0000
__LbssBANK3                       bssBANK3     0000
__Lcinit                          cinit        0013
__Lclrtext                        clrtext      0000
__Lcode                           code         0000
__Lcommon                         common       0000
__Lconfig                         config       2007
__LcstackBANK0                    cstackBANK0  0000
__LcstackBANK3                    cstackBANK3  0000
__LcstackCOMMON                   cstackCOMMON 0000
__LdataBANK0                      dataBANK0    0000
__Leeprom_data                    eeprom_data  0000
__Lend_init                       end_init     0010
__Lfunctab                        functab      0000
__LidataBANK0                     idataBANK0   0000
__Lidloc                          idloc        0000
__Linit                           init         0010
__Linittext                       inittext     0000
__Lintentry                       intentry     0004
__Lmaintext                       maintext     0000
__Lpowerup                        powerup      0000
__Lram                            ram          0000
__Lreset_vec                      reset_vec    0000
__Lsfr0                           sfr0         0000
__Lsfr1                           sfr1         0000
__Lsfr2                           sfr2         0000
__Lsfr3                           sfr3         0000
__Lspace_0                        (abs)        0000
__Lspace_1                        (abs)        0000
__Lspace_2                        (abs)        0000
__Lspace_3                        (abs)        0000
__Lstack                          stack        0000
__Lstrings                        strings      0000
__Ltext                           text         0000
__S0                              (abs)        2008
__S1                              (abs)        01AB
__S2                              (abs)        0000
__S3                              (abs)        0000
___aldiv                          text10       0D21
___aldiv@counter                  cstackBANK0  002D
___aldiv@dividend                 cstackBANK0  0028
___aldiv@divisor                  cstackBANK0  0024
___aldiv@quotient                 cstackBANK0  002F
___aldiv@sign                     cstackBANK0  002E
___awdiv                          text19       0CB8
___awdiv@counter                  cstackBANK0  0030
___awdiv@dividend                 cstackBANK0  002D
___awdiv@divisor                  cstackBANK0  002B
___awdiv@quotient                 cstackBANK0  0032
___awdiv@sign                     cstackBANK0  0031
___awmod                          text18       0BF8
___awmod@counter                  cstackBANK0  0029
___awmod@dividend                 cstackBANK0  0026
___awmod@divisor                  cstackBANK0  0024
___awmod@sign                     cstackBANK0  002A
___bmul                           text17       0989
___bmul@multiplicand              cstackBANK0  0024
___bmul@multiplier                cstackBANK0  0027
___bmul@product                   cstackBANK0  0026
___int_sp                         stack        0000
___latbits                        (abs)        0002
___sp                             stack        0000
___stackhi                        (abs)        0000
___stacklo                        (abs)        0000
___wmul                           text5        07D8
___wmul@multiplicand              cstackBANK0  0026
___wmul@multiplier                cstackBANK0  0024
___wmul@product                   cstackBANK0  0028
__end_of_ADC_Read                 text20       09C6
__end_of_BuildByte                text3        0F33
__end_of_Conteggio                text23       0AF8
__end_of_GetDigits                text16       1000
__end_of_GetTime                  text14       0AAC
__end_of_ISR                      text21       0BF8
__end_of_SetDefaultTimers         text15       0650
__end_of_SetDisplay               text12       0BA0
__end_of_SetReceivedTimes         text13       07D8
__end_of_ShowDigitsOnDisplay      text11       0E6B
__end_of_UART_Init                text9        0A66
__end_of_UART_Read                text24       094E
__end_of_UART_TxChar              text2        0963
__end_of_UpdateTimes              text8        076A
__end_of___aldiv                  text10       0DBE
__end_of___awdiv                  text19       0D21
__end_of___awmod                  text18       0C53
__end_of___bmul                   text17       09A0
__end_of___wmul                   text5        07FF
__end_of__initialization          cinit        003B
__end_of__stringtab               strings      0806
__end_of_conteggioVeicoli         text22       0CB8
__end_of_display                  strings      0811
__end_of_init_ADC                 text7        0976
__end_of_luciSemaforo             text6        0B4B
__end_of_main                     maintext     0501
__end_of_map                      text4        0A2C
__end_of_n_semafori               strings      0812
__end_of_sendByte                 text1        09F7
__initialization                  cinit        0013
__pbssBANK0                       bssBANK0     0048
__pbssBANK1                       bssBANK1     00A0
__pbssBANK3                       bssBANK3     0190
__pcstackBANK0                    cstackBANK0  0020
__pcstackBANK3                    cstackBANK3  019E
__pcstackCOMMON                   cstackCOMMON 0070
__pdataBANK0                      dataBANK0    0061
__pidataBANK0                     idataBANK0   094E
__pintentry                       intentry     0004
__pmaintext                       maintext     003F
__pstrings                        strings      0800
__ptext1                          text1        09C6
__ptext10                         text10       0D21
__ptext11                         text11       0DBE
__ptext12                         text12       0B4B
__ptext13                         text13       076A
__ptext14                         text14       0A66
__ptext15                         text15       0501
__ptext16                         text16       0F33
__ptext17                         text17       0989
__ptext18                         text18       0BF8
__ptext19                         text19       0CB8
__ptext2                          text2        0958
__ptext20                         text20       09A0
__ptext21                         text21       0BA0
__ptext22                         text22       0C53
__ptext23                         text23       0AAC
__ptext24                         text24       0945
__ptext3                          text3        0E6B
__ptext4                          text4        09F7
__ptext5                          text5        07D8
__ptext6                          text6        0AF8
__ptext7                          text7        0963
__ptext8                          text8        0650
__ptext9                          text9        0A2C
__size_of_ADC_Read                (abs)        0000
__size_of_BuildByte               (abs)        0000
__size_of_Conteggio               (abs)        0000
__size_of_GetDigits               (abs)        0000
__size_of_GetTime                 (abs)        0000
__size_of_ISR                     (abs)        0000
__size_of_SetDefaultTimers        (abs)        0000
__size_of_SetDisplay              (abs)        0000
__size_of_SetReceivedTimes        (abs)        0000
__size_of_ShowDigitsOnDisplay     (abs)        0000
__size_of_UART_Init               (abs)        0000
__size_of_UART_Read               (abs)        0000
__size_of_UART_TxChar             (abs)        0000
__size_of_UpdateTimes             (abs)        0000
__size_of___aldiv                 (abs)        0000
__size_of___awdiv                 (abs)        0000
__size_of___awmod                 (abs)        0000
__size_of___bmul                  (abs)        0000
__size_of___wmul                  (abs)        0000
__size_of_conteggioVeicoli        (abs)        0000
__size_of_init_ADC                (abs)        0000
__size_of_luciSemaforo            (abs)        0000
__size_of_main                    (abs)        0000
__size_of_map                     (abs)        0000
__size_of_sendByte                (abs)        0000
__stringbase                      strings      0805
__stringtab                       strings      0800
_car                              bssBANK0     0059
_conteggioVeicoli                 text22       0C53
_count                            bssBANK0     0048
_count_lux                        bssBANK0     004F
_cycled                           bssBANK0     0051
_dataFromGateway                  bssBANK1     00AC
_dataFromGatewayIndex             bssBANK0     004E
_digits0                          bssBANK1     00E8
_digits1                          bssBANK1     00E5
_disp                             bssBANK0     0050
_display                          strings      0806
_init_ADC                         text7        0963
_luciSemaforo                     text6        0AF8
_main                             maintext     003F
_map                              text4        09F7
_motorcycle                       bssBANK0     005D
_pressione                        bssBANK0     004A
_readGateway                      bssBANK0     0053
_readGatewayDone                  bssBANK0     0054
_s0                               bssBANK1     00D7
_s1                               bssBANK1     00C9
_s2                               bssBANK1     00BB
_s3                               bssBANK3     0190
_secondPassed                     bssBANK0     0052
_sendByte                         text1        09C6
_temp                             bssBANK0     004C
_time                             bssBANK1     00A0
_timerReadFromGateway             bssBANK0     004D
_truck                            bssBANK0     0055
_umidita                          bssBANK0     004B
btemp                             (abs)        007E
clear_ram0                        clrtext      093D
conteggioVeicoli@i                cstackCOMMON 007D
end_of_initialization             cinit        003B
init_fetch0                       inittext     0976
init_ram0                         inittext     097A
interrupt_function                intentry     0004
intlevel0                         functab      0000
intlevel1                         functab      0000
intlevel2                         functab      0000
intlevel3                         functab      0000
intlevel4                         functab      0000
intlevel5                         functab      0000
luciSemaforo@index                cstackBANK0  0027
luciSemaforo@lux                  cstackBANK0  0024
main@i                            cstackBANK0  0046
main@i_483                        cstackBANK0  0042
main@i_484                        cstackBANK0  0040
main@i_486                        cstackBANK0  0041
main@i_488                        cstackBANK0  0045
main@lux_select                   cstackBANK0  0044
map@in_max                        cstackBANK0  0038
map@in_min                        cstackBANK0  0036
map@out_max                       cstackBANK0  003C
map@out_min                       cstackBANK0  003A
map@x                             cstackBANK0  0034
reset_vec                         reset_vec    0000
saved_w                           (abs)        007E
sendByte@byte0                    cstackBANK0  003D
sendByte@byte1                    cstackBANK0  0038
sendByte@i                        cstackBANK0  003F
sendByte@txByte                   cstackBANK0  003E
sendByte@valore                   cstackBANK0  0039
start                             init         0010
start_initialization              cinit        0013
wtemp0                            (abs)        007E


FUNCTION INFORMATION:

 *************** function _main *****************
 Defined at:
		line 136 in file "main.c"
 Parameters:    Size  Location     Type
		None
 Auto vars:     Size  Location     Type
  lux_select      1   36[BANK0 ] unsigned char 
  i               1   33[BANK0 ] unsigned char 
  i               1   32[BANK0 ] unsigned char 
  i               2   34[BANK0 ] int 
  i               2   38[BANK0 ] int 
  i               1   37[BANK0 ] unsigned char 
 Return value:  Size  Location     Type
                  1    wreg      void 
 Registers used:
		wreg, fsr0l, fsr0h, status,2, status,0, btemp+1, pclath, cstack
 Tracked objects:
		On entry : 
		On exit  : 
		Unchanged: 
 Data sizes:     COMMON   BANK0   BANK1   BANK3   BANK2
      Params:         0       0       0       0       0
      Locals:         0       8       0       0       0
      Temps:          0       0       0      13       0
      Totals:         0       8       0      13       0
Total ram usage:       21 bytes
 Hardware stack levels required when called:    5
 This function calls:
		_ADC_Read
		_GetDigits
		_SetDefaultTimers
		_SetReceivedTimes
		_ShowDigitsOnDisplay
		_UART_Init
		_UpdateTimes
		_init_ADC
		_luciSemaforo
		_map
		_sendByte
 This function is called by:
		Startup code after reset
 This function uses a non-reentrant model


 *************** function _sendByte *****************
 Defined at:
		line 386 in file "main.c"
 Parameters:    Size  Location     Type
  byte0           1    wreg     unsigned char 
  byte1           1   24[BANK0 ] unsigned char 
  valore          1   25[BANK0 ] unsigned char 
 Auto vars:     Size  Location     Type
  byte0           1   29[BANK0 ] unsigned char 
  i               1   31[BANK0 ] unsigned char 
  txByte          1   30[BANK0 ] PTR unsigned char 
		 -> BuildByte@txByte(5), 
 Return value:  Size  Location     Type
                  1    wreg      void 
 Registers used:
		wreg, fsr0l, fsr0h, status,2, status,0, btemp+1, pclath, cstack
 Tracked objects:
		On entry : 
		On exit  : 
		Unchanged: 
 Data sizes:     COMMON   BANK0   BANK1   BANK3   BANK2
      Params:         0       2       0       0       0
      Locals:         0       3       0       0       0
      Temps:          0       3       0       0       0
      Totals:         0       8       0       0       0
Total ram usage:        8 bytes
 Hardware stack levels used:    1
 Hardware stack levels required when called:    4
 This function calls:
		_BuildByte
		_UART_TxChar
 This function is called by:
		_main
 This function uses a non-reentrant model


 *************** function _UART_TxChar *****************
 Defined at:
		line 361 in file "main.c"
 Parameters:    Size  Location     Type
  ch              1    wreg     unsigned char 
 Auto vars:     Size  Location     Type
  ch              1    4[BANK0 ] unsigned char 
 Return value:  Size  Location     Type
                  1    wreg      void 
 Registers used:
		wreg
 Tracked objects:
		On entry : 
		On exit  : 
		Unchanged: 
 Data sizes:     COMMON   BANK0   BANK1   BANK3   BANK2
      Params:         0       0       0       0       0
      Locals:         0       1       0       0       0
      Temps:          0       0       0       0       0
      Totals:         0       1       0       0       0
Total ram usage:        1 bytes
 Hardware stack levels used:    1
 Hardware stack levels required when called:    3
 This function calls:
		Nothing
 This function is called by:
		_sendByte
		_UART_Write_Text
 This function uses a non-reentrant model


 *************** function _BuildByte *****************
 Defined at:
		line 2 in file "./CustomLib/Serial.h"
 Parameters:    Size  Location     Type
  byte0           1    wreg     unsigned char 
  byte1           1    4[BANK0 ] unsigned char 
  valore          1    5[BANK0 ] unsigned char 
 Auto vars:     Size  Location     Type
  byte0           1    8[BANK0 ] unsigned char 
  y               2   18[BANK0 ] int 
  y               2   16[BANK0 ] int 
  i               2   22[BANK0 ] int 
  i               2   20[BANK0 ] int 
  txByte          5    9[BANK0 ] unsigned char [5]
  sommaColumn     1   15[BANK0 ] unsigned char 
  sommaRow        1   14[BANK0 ] unsigned char 
 Return value:  Size  Location     Type
                  1    wreg      PTR unsigned char 
 Registers used:
		wreg, fsr0l, fsr0h, status,2, status,0, btemp+1
 Tracked objects:
		On entry : 
		On exit  : 
		Unchanged: 
 Data sizes:     COMMON   BANK0   BANK1   BANK3   BANK2
      Params:         0       2       0       0       0
      Locals:         0      16       0       0       0
      Temps:          0       2       0       0       0
      Totals:         0      20       0       0       0
Total ram usage:       20 bytes
 Hardware stack levels used:    1
 Hardware stack levels required when called:    3
 This function calls:
		Nothing
 This function is called by:
		_sendByte
 This function uses a non-reentrant model


 *************** function _map *****************
 Defined at:
		line 134 in file "./CustomLib/TrafficLight.h"
 Parameters:    Size  Location     Type
  x               2   20[BANK0 ] int 
  in_min          2   22[BANK0 ] int 
  in_max          2   24[BANK0 ] int 
  out_min         2   26[BANK0 ] int 
  out_max         2   28[BANK0 ] int 
 Auto vars:     Size  Location     Type
		None
 Return value:  Size  Location     Type
                  2   20[BANK0 ] int 
 Registers used:
		wreg, status,2, status,0, pclath, cstack
 Tracked objects:
		On entry : 
		On exit  : 
		Unchanged: 
 Data sizes:     COMMON   BANK0   BANK1   BANK3   BANK2
      Params:         0      10       0       0       0
      Locals:         0       0       0       0       0
      Temps:          0       0       0       0       0
      Totals:         0      10       0       0       0
Total ram usage:       10 bytes
 Hardware stack levels used:    1
 Hardware stack levels required when called:    4
 This function calls:
		___awdiv
		___wmul
 This function is called by:
		_main
 This function uses a non-reentrant model


 *************** function ___wmul *****************
 Defined at:
		line 15 in file "C:\Program Files (x86)\Microchip\xc8\v2.10\pic\sources\c90\common\Umul16.c"
 Parameters:    Size  Location     Type
  multiplier      2    4[BANK0 ] unsigned int 
  multiplicand    2    6[BANK0 ] unsigned int 
 Auto vars:     Size  Location     Type
  product         2    8[BANK0 ] unsigned int 
 Return value:  Size  Location     Type
                  2    4[BANK0 ] unsigned int 
 Registers used:
		wreg, status,2, status,0
 Tracked objects:
		On entry : 
		On exit  : 
		Unchanged: 
 Data sizes:     COMMON   BANK0   BANK1   BANK3   BANK2
      Params:         0       4       0       0       0
      Locals:         0       2       0       0       0
      Temps:          0       0       0       0       0
      Totals:         0       6       0       0       0
Total ram usage:        6 bytes
 Hardware stack levels used:    1
 Hardware stack levels required when called:    3
 This function calls:
		Nothing
 This function is called by:
		_map
 This function uses a non-reentrant model


 *************** function _luciSemaforo *****************
 Defined at:
		line 419 in file "main.c"
 Parameters:    Size  Location     Type
  index           1    wreg     unsigned char 
  lux             1    4[BANK0 ] unsigned char 
 Auto vars:     Size  Location     Type
  index           1    7[BANK0 ] unsigned char 
 Return value:  Size  Location     Type
                  1    wreg      void 
 Registers used:
		wreg, fsr0l, fsr0h, status,2, status,0
 Tracked objects:
		On entry : 
		On exit  : 
		Unchanged: 
 Data sizes:     COMMON   BANK0   BANK1   BANK3   BANK2
      Params:         0       1       0       0       0
      Locals:         0       1       0       0       0
      Temps:          0       2       0       0       0
      Totals:         0       4       0       0       0
Total ram usage:        4 bytes
 Hardware stack levels used:    1
 Hardware stack levels required when called:    3
 This function calls:
		Nothing
 This function is called by:
		_main
 This function uses a non-reentrant model


 *************** function _init_ADC *****************
 Defined at:
		line 330 in file "main.c"
 Parameters:    Size  Location     Type
		None
 Auto vars:     Size  Location     Type
		None
 Return value:  Size  Location     Type
                  1    wreg      void 
 Registers used:
		wreg, status,2
 Tracked objects:
		On entry : 
		On exit  : 
		Unchanged: 
 Data sizes:     COMMON   BANK0   BANK1   BANK3   BANK2
      Params:         0       0       0       0       0
      Locals:         0       0       0       0       0
      Temps:          0       1       0       0       0
      Totals:         0       1       0       0       0
Total ram usage:        1 bytes
 Hardware stack levels used:    1
 Hardware stack levels required when called:    3
 This function calls:
		Nothing
 This function is called by:
		_main
 This function uses a non-reentrant model


 *************** function _UpdateTimes *****************
 Defined at:
		line 4 in file "./CustomLib/TrafficLight.h"
 Parameters:    Size  Location     Type
  _semafori       1    wreg     PTR PTR struct .
		 -> Semafori(8), 
 Auto vars:     Size  Location     Type
  _semafori       1   23[BANK0 ] PTR PTR struct .
		 -> Semafori(8), 
  i               1   22[BANK0 ] unsigned char 
  l               1   24[BANK0 ] unsigned char 
 Return value:  Size  Location     Type
                  1    wreg      void 
 Registers used:
		wreg, fsr0l, fsr0h, status,2, status,0
 Tracked objects:
		On entry : 
		On exit  : 
		Unchanged: 
 Data sizes:     COMMON   BANK0   BANK1   BANK3   BANK2
      Params:         0       0       0       0       0
      Locals:         0       3       0       0       0
      Temps:          0      18       0       0       0
      Totals:         0      21       0       0       0
Total ram usage:       21 bytes
 Hardware stack levels used:    1
 Hardware stack levels required when called:    3
 This function calls:
		Nothing
 This function is called by:
		_main
 This function uses a non-reentrant model


 *************** function _UART_Init *****************
 Defined at:
		line 349 in file "main.c"
 Parameters:    Size  Location     Type
  baudrate        2   19[BANK0 ] int 
 Auto vars:     Size  Location     Type
		None
 Return value:  Size  Location     Type
                  1    wreg      void 
 Registers used:
		wreg, status,2, status,0, pclath, cstack
 Tracked objects:
		On entry : 
		On exit  : 
		Unchanged: 
 Data sizes:     COMMON   BANK0   BANK1   BANK3   BANK2
      Params:         0       2       0       0       0
      Locals:         0       0       0       0       0
      Temps:          0       4       0       0       0
      Totals:         0       6       0       0       0
Total ram usage:        6 bytes
 Hardware stack levels used:    1
 Hardware stack levels required when called:    4
 This function calls:
		___aldiv
 This function is called by:
		_main
 This function uses a non-reentrant model


 *************** function ___aldiv *****************
 Defined at:
		line 5 in file "C:\Program Files (x86)\Microchip\xc8\v2.10\pic\sources\c90\common\aldiv.c"
 Parameters:    Size  Location     Type
  divisor         4    4[BANK0 ] long 
  dividend        4    8[BANK0 ] long 
 Auto vars:     Size  Location     Type
  quotient        4   15[BANK0 ] long 
  sign            1   14[BANK0 ] unsigned char 
  counter         1   13[BANK0 ] unsigned char 
 Return value:  Size  Location     Type
                  4    4[BANK0 ] long 
 Registers used:
		wreg, status,2, status,0
 Tracked objects:
		On entry : 
		On exit  : 
		Unchanged: 
 Data sizes:     COMMON   BANK0   BANK1   BANK3   BANK2
      Params:         0       8       0       0       0
      Locals:         0       6       0       0       0
      Temps:          0       1       0       0       0
      Totals:         0      15       0       0       0
Total ram usage:       15 bytes
 Hardware stack levels used:    1
 Hardware stack levels required when called:    3
 This function calls:
		Nothing
 This function is called by:
		_UART_Init
 This function uses a non-reentrant model


 *************** function _ShowDigitsOnDisplay *****************
 Defined at:
		line 494 in file "main.c"
 Parameters:    Size  Location     Type
		None
 Auto vars:     Size  Location     Type
  display_inde    1   13[BANK0 ] unsigned char 
 Return value:  Size  Location     Type
                  1    wreg      void 
 Registers used:
		wreg, fsr0l, fsr0h, status,2, status,0, pclath, cstack
 Tracked objects:
		On entry : 
		On exit  : 
		Unchanged: 
 Data sizes:     COMMON   BANK0   BANK1   BANK3   BANK2
      Params:         0       0       0       0       0
      Locals:         0       1       0       0       0
      Temps:          0       2       0       0       0
      Totals:         0       3       0       0       0
Total ram usage:        3 bytes
 Hardware stack levels used:    1
 Hardware stack levels required when called:    4
 This function calls:
		_SetDisplay
		___awmod
 This function is called by:
		_main
 This function uses a non-reentrant model


 *************** function _SetDisplay *****************
 Defined at:
		line 468 in file "main.c"
 Parameters:    Size  Location     Type
  display_inde    1    wreg     unsigned char 
  d1              1    4[BANK0 ] unsigned char 
  d2              1    5[BANK0 ] unsigned char 
  d3              1    6[BANK0 ] unsigned char 
  value           1    7[BANK0 ] unsigned char 
 Auto vars:     Size  Location     Type
  display_inde    1   10[BANK0 ] unsigned char 
 Return value:  Size  Location     Type
                  1    wreg      void 
 Registers used:
		wreg, fsr0l, fsr0h, status,2, status,0
 Tracked objects:
		On entry : 
		On exit  : 
		Unchanged: 
 Data sizes:     COMMON   BANK0   BANK1   BANK3   BANK2
      Params:         0       4       0       0       0
      Locals:         0       1       0       0       0
      Temps:          0       2       0       0       0
      Totals:         0       7       0       0       0
Total ram usage:        7 bytes
 Hardware stack levels used:    1
 Hardware stack levels required when called:    3
 This function calls:
		Nothing
 This function is called by:
		_ShowDigitsOnDisplay
 This function uses a non-reentrant model


 *************** function _SetReceivedTimes *****************
 Defined at:
		line 90 in file "./CustomLib/TrafficLight.h"
 Parameters:    Size  Location     Type
  _dataFromGat    1    wreg     PTR unsigned char 
		 -> dataFromGateway(15), 
  _semafori       1   12[BANK0 ] PTR PTR struct .
		 -> Semafori(8), 
 Auto vars:     Size  Location     Type
  _dataFromGat    1   23[BANK0 ] PTR unsigned char 
		 -> dataFromGateway(15), 
  index           1   24[BANK0 ] unsigned char 
  colorId         1   22[BANK0 ] unsigned char 
  semaforoId      1   21[BANK0 ] unsigned char 
  i               1   25[BANK0 ] unsigned char 
 Return value:  Size  Location     Type
                  1    wreg      void 
 Registers used:
		wreg, fsr0l, fsr0h, status,2, status,0, btemp+1, pclath, cstack
 Tracked objects:
		On entry : 
		On exit  : 
		Unchanged: 
 Data sizes:     COMMON   BANK0   BANK1   BANK3   BANK2
      Params:         0       1       0       0       0
      Locals:         0       5       0       0       0
      Temps:          0       8       0       0       0
      Totals:         0      14       0       0       0
Total ram usage:       14 bytes
 Hardware stack levels used:    1
 Hardware stack levels required when called:    4
 This function calls:
		_GetTime
		___bmul
 This function is called by:
		_main
 This function uses a non-reentrant model


 *************** function _GetTime *****************
 Defined at:
		line 38 in file "./CustomLib/TrafficLight.h"
 Parameters:    Size  Location     Type
  index           1    wreg     unsigned char 
  _dataFromGat    1    4[BANK0 ] PTR unsigned char 
		 -> dataFromGateway(15), 
 Auto vars:     Size  Location     Type
  index           1    8[BANK0 ] unsigned char 
  tmp             2   10[BANK0 ] int 
  shortInt        1    9[BANK0 ] struct .
 Return value:  Size  Location     Type
                  2    4[BANK0 ] int 
 Registers used:
		wreg, fsr0l, fsr0h, status,2, status,0, btemp+1
 Tracked objects:
		On entry : 
		On exit  : 
		Unchanged: 
 Data sizes:     COMMON   BANK0   BANK1   BANK3   BANK2
      Params:         0       2       0       0       0
      Locals:         0       4       0       0       0
      Temps:          0       2       0       0       0
      Totals:         0       8       0       0       0
Total ram usage:        8 bytes
 Hardware stack levels used:    1
 Hardware stack levels required when called:    3
 This function calls:
		Nothing
 This function is called by:
		_SetReceivedTimes
 This function uses a non-reentrant model


 *************** function _SetDefaultTimers *****************
 Defined at:
		line 58 in file "./CustomLib/TrafficLight.h"
 Parameters:    Size  Location     Type
  rosso           2    4[BANK0 ] int 
  verde           2    6[BANK0 ] int 
  giallo          2    8[BANK0 ] int 
  _semafori       1   10[BANK0 ] PTR PTR struct .
		 -> Semafori(8), 
 Auto vars:     Size  Location     Type
  i               1   19[BANK0 ] unsigned char 
  l               1   18[BANK0 ] unsigned char 
 Return value:  Size  Location     Type
                  1    wreg      void 
 Registers used:
		wreg, fsr0l, fsr0h, status,2, status,0
 Tracked objects:
		On entry : 
		On exit  : 
		Unchanged: 
 Data sizes:     COMMON   BANK0   BANK1   BANK3   BANK2
      Params:         0       7       0       0       0
      Locals:         0       2       0       0       0
      Temps:          0       7       0       0       0
      Totals:         0      16       0       0       0
Total ram usage:       16 bytes
 Hardware stack levels used:    1
 Hardware stack levels required when called:    3
 This function calls:
		Nothing
 This function is called by:
		_main
 This function uses a non-reentrant model


 *************** function _GetDigits *****************
 Defined at:
		line 103 in file "./CustomLib/TrafficLight.h"
 Parameters:    Size  Location     Type
  _digits         1    wreg     PTR PTR struct .
		 -> DigitsArr(2), 
  index           1   20[BANK0 ] unsigned char 
  Time            2   21[BANK0 ] int 
 Auto vars:     Size  Location     Type
  _digits         1   28[BANK0 ] PTR PTR struct .
		 -> DigitsArr(2), 
 Return value:  Size  Location     Type
                  1    wreg      void 
 Registers used:
		wreg, fsr0l, fsr0h, status,2, status,0, btemp+1, pclath, cstack
 Tracked objects:
		On entry : 
		On exit  : 
		Unchanged: 
 Data sizes:     COMMON   BANK0   BANK1   BANK3   BANK2
      Params:         0       3       0       0       0
      Locals:         0       3       0       0       0
      Temps:          0       3       0       0       0
      Totals:         0       9       0       0       0
Total ram usage:        9 bytes
 Hardware stack levels used:    1
 Hardware stack levels required when called:    4
 This function calls:
		___awdiv
		___awmod
		___bmul
 This function is called by:
		_main
 This function uses a non-reentrant model


 *************** function ___bmul *****************
 Defined at:
		line 4 in file "C:\Program Files (x86)\Microchip\xc8\v2.10\pic\sources\c90\common\Umul8.c"
 Parameters:    Size  Location     Type
  multiplier      1    wreg     unsigned char 
  multiplicand    1    4[BANK0 ] unsigned char 
 Auto vars:     Size  Location     Type
  multiplier      1    7[BANK0 ] unsigned char 
  product         1    6[BANK0 ] unsigned char 
 Return value:  Size  Location     Type
                  1    wreg      unsigned char 
 Registers used:
		wreg, status,2, status,0
 Tracked objects:
		On entry : 
		On exit  : 
		Unchanged: 
 Data sizes:     COMMON   BANK0   BANK1   BANK3   BANK2
      Params:         0       1       0       0       0
      Locals:         0       2       0       0       0
      Temps:          0       1       0       0       0
      Totals:         0       4       0       0       0
Total ram usage:        4 bytes
 Hardware stack levels used:    1
 Hardware stack levels required when called:    3
 This function calls:
		Nothing
 This function is called by:
		_SetReceivedTimes
		_GetDigits
 This function uses a non-reentrant model


 *************** function ___awmod *****************
 Defined at:
		line 5 in file "C:\Program Files (x86)\Microchip\xc8\v2.10\pic\sources\c90\common\awmod.c"
 Parameters:    Size  Location     Type
  divisor         2    4[BANK0 ] int 
  dividend        2    6[BANK0 ] int 
 Auto vars:     Size  Location     Type
  sign            1   10[BANK0 ] unsigned char 
  counter         1    9[BANK0 ] unsigned char 
 Return value:  Size  Location     Type
                  2    4[BANK0 ] int 
 Registers used:
		wreg, status,2, status,0
 Tracked objects:
		On entry : 
		On exit  : 
		Unchanged: 
 Data sizes:     COMMON   BANK0   BANK1   BANK3   BANK2
      Params:         0       4       0       0       0
      Locals:         0       2       0       0       0
      Temps:          0       1       0       0       0
      Totals:         0       7       0       0       0
Total ram usage:        7 bytes
 Hardware stack levels used:    1
 Hardware stack levels required when called:    3
 This function calls:
		Nothing
 This function is called by:
		_GetDigits
		_ShowDigitsOnDisplay
		_ChangeTrafficLight
 This function uses a non-reentrant model


 *************** function ___awdiv *****************
 Defined at:
		line 5 in file "C:\Program Files (x86)\Microchip\xc8\v2.10\pic\sources\c90\common\awdiv.c"
 Parameters:    Size  Location     Type
  divisor         2   11[BANK0 ] int 
  dividend        2   13[BANK0 ] int 
 Auto vars:     Size  Location     Type
  quotient        2   18[BANK0 ] int 
  sign            1   17[BANK0 ] unsigned char 
  counter         1   16[BANK0 ] unsigned char 
 Return value:  Size  Location     Type
                  2   11[BANK0 ] int 
 Registers used:
		wreg, status,2, status,0
 Tracked objects:
		On entry : 
		On exit  : 
		Unchanged: 
 Data sizes:     COMMON   BANK0   BANK1   BANK3   BANK2
      Params:         0       4       0       0       0
      Locals:         0       4       0       0       0
      Temps:          0       1       0       0       0
      Totals:         0       9       0       0       0
Total ram usage:        9 bytes
 Hardware stack levels used:    1
 Hardware stack levels required when called:    3
 This function calls:
		Nothing
 This function is called by:
		_GetDigits
		_map
 This function uses a non-reentrant model


 *************** function _ADC_Read *****************
 Defined at:
		line 339 in file "main.c"
 Parameters:    Size  Location     Type
  canale          1    wreg     unsigned char 
 Auto vars:     Size  Location     Type
  canale          1    7[BANK0 ] unsigned char 
 Return value:  Size  Location     Type
                  2    4[BANK0 ] int 
 Registers used:
		wreg, status,2, status,0
 Tracked objects:
		On entry : 
		On exit  : 
		Unchanged: 
 Data sizes:     COMMON   BANK0   BANK1   BANK3   BANK2
      Params:         0       2       0       0       0
      Locals:         0       1       0       0       0
      Temps:          0       1       0       0       0
      Totals:         0       4       0       0       0
Total ram usage:        4 bytes
 Hardware stack levels used:    1
 Hardware stack levels required when called:    3
 This function calls:
		Nothing
 This function is called by:
		_main
 This function uses a non-reentrant model


 *************** function _ISR *****************
 Defined at:
		line 520 in file "main.c"
 Parameters:    Size  Location     Type
		None
 Auto vars:     Size  Location     Type
		None
 Return value:  Size  Location     Type
                  1    wreg      void 
 Registers used:
		wreg, fsr0l, fsr0h, status,2, status,0, pclath, cstack
 Tracked objects:
		On entry : 
		On exit  : 
		Unchanged: 
 Data sizes:     COMMON   BANK0   BANK1   BANK3   BANK2
      Params:         0       0       0       0       0
      Locals:         0       0       0       0       0
      Temps:          0       4       0       0       0
      Totals:         0       4       0       0       0
Total ram usage:        4 bytes
 Hardware stack levels used:    1
 Hardware stack levels required when called:    2
 This function calls:
		_UART_Read
		_conteggioVeicoli
 This function is called by:
		Interrupt level 1
 This function uses a non-reentrant model


 *************** function _conteggioVeicoli *****************
 Defined at:
		line 398 in file "main.c"
 Parameters:    Size  Location     Type
		None
 Auto vars:     Size  Location     Type
  i               1   13[COMMON] unsigned char 
 Return value:  Size  Location     Type
                  1    wreg      void 
 Registers used:
		wreg, fsr0l, fsr0h, status,2, status,0, pclath, cstack
 Tracked objects:
		On entry : 
		On exit  : 
		Unchanged: 
 Data sizes:     COMMON   BANK0   BANK1   BANK3   BANK2
      Params:         0       0       0       0       0
      Locals:         1       0       0       0       0
      Temps:          4       0       0       0       0
      Totals:         5       0       0       0       0
Total ram usage:        5 bytes
 Hardware stack levels used:    1
 Hardware stack levels required when called:    1
 This function calls:
		_Conteggio
 This function is called by:
		_ISR
 This function uses a non-reentrant model


 *************** function _Conteggio *****************
 Defined at:
		line 117 in file "./CustomLib/TrafficLight.h"
 Parameters:    Size  Location     Type
  _count          2    0[COMMON] unsigned int 
  _motorcycle     1    2[COMMON] PTR unsigned char 
		 -> motorcycle(4), 
  _car            1    3[COMMON] PTR unsigned char 
		 -> car(4), 
  _truck          1    4[COMMON] PTR unsigned char 
		 -> truck(4), 
  index           1    5[COMMON] unsigned char 
 Auto vars:     Size  Location     Type
		None
 Return value:  Size  Location     Type
                  1    wreg      void 
 Registers used:
		wreg, fsr0l, fsr0h, status,2, status,0
 Tracked objects:
		On entry : 
		On exit  : 
		Unchanged: 
 Data sizes:     COMMON   BANK0   BANK1   BANK3   BANK2
      Params:         6       0       0       0       0
      Locals:         0       0       0       0       0
      Temps:          3       0       0       0       0
      Totals:         9       0       0       0       0
Total ram usage:        9 bytes
 Hardware stack levels used:    1
 This function calls:
		Nothing
 This function is called by:
		_conteggioVeicoli
 This function uses a non-reentrant model


 *************** function _UART_Read *****************
 Defined at:
		line 378 in file "main.c"
 Parameters:    Size  Location     Type
		None
 Auto vars:     Size  Location     Type
		None
 Return value:  Size  Location     Type
                  1    wreg      unsigned char 
 Registers used:
		wreg
 Tracked objects:
		On entry : 
		On exit  : 
		Unchanged: 
 Data sizes:     COMMON   BANK0   BANK1   BANK3   BANK2
      Params:         0       0       0       0       0
      Locals:         0       0       0       0       0
      Temps:          0       0       0       0       0
      Totals:         0       0       0       0       0
Total ram usage:        0 bytes
 Hardware stack levels used:    1
 This function calls:
		Nothing
 This function is called by:
		_ISR
 This function uses a non-reentrant model



MODULE INFORMATION

Module		Function		Class		Link	Load	Size
C:\Program Files (x86)\Microchip\xc8\v2.10\pic\sources\c90\common\awdiv.c
		___awdiv       		CODE           	0CB8	0000	106

C:\Program Files (x86)\Microchip\xc8\v2.10\pic\sources\c90\common\awdiv.c estimated size: 106

C:\Program Files (x86)\Microchip\xc8\v2.10\pic\sources\c90\common\Umul16.c
		___wmul        		CODE           	07D8	0000	40

C:\Program Files (x86)\Microchip\xc8\v2.10\pic\sources\c90\common\Umul16.c estimated size: 40

C:\Program Files (x86)\Microchip\xc8\v2.10\pic\sources\c90\common\Umul8.c
		___bmul        		CODE           	0989	0000	24

C:\Program Files (x86)\Microchip\xc8\v2.10\pic\sources\c90\common\Umul8.c estimated size: 24

C:\Program Files (x86)\Microchip\xc8\v2.10\pic\sources\c90\common\aldiv.c
		___aldiv       		CODE           	0D21	0000	158

C:\Program Files (x86)\Microchip\xc8\v2.10\pic\sources\c90\common\aldiv.c estimated size: 158

./CustomLib/Serial.h
		_BuildByte     		CODE           	0E6B	0000	201

./CustomLib/Serial.h estimated size: 201

shared
		__stringtab    		STRING         	0800	0000	7
		_display       		STRING         	0806	0000	12
		_n_semafori    		STRING         	0000	0000	0
		__initialization		CODE           	0013	0000	41

shared estimated size: 60

./CustomLib/TrafficLight.h
		_map           		CODE           	09F7	0000	54
		_SetReceivedTimes		CODE           	076A	0000	111
		_GetTime       		CODE           	0A66	0000	71
		_SetDefaultTimers		CODE           	0501	0000	336
		_UpdateTimes   		CODE           	0650	0000	283
		_Conteggio     		CODE           	0AAC	0000	77
		_GetDigits     		CODE           	0F33	0000	206

./CustomLib/TrafficLight.h estimated size: 1138

C:\Program Files (x86)\Microchip\xc8\v2.10\pic\sources\c90\common\awmod.c
		___awmod       		CODE           	0BF8	0000	92

C:\Program Files (x86)\Microchip\xc8\v2.10\pic\sources\c90\common\awmod.c estimated size: 92

main.c
		_conteggioVeicoli		CODE           	0C53	0000	102
		_luciSemaforo  		CODE           	0AF8	0000	84
		_ISR           		CODE           	0BA0	0000	89
		_UART_Read     		CODE           	0945	0000	10
		_UART_Init     		CODE           	0A2C	0000	59
		_main          		CODE           	003F	0000	1219
		_ShowDigitsOnDisplay		CODE           	0DBE	0000	174
		_init_ADC      		CODE           	0963	0000	20
		_sendByte      		CODE           	09C6	0000	50
		_SetDisplay    		CODE           	0B4B	0000	86
		_ADC_Read      		CODE           	09A0	0000	39
		_UART_TxChar   		CODE           	0958	0000	12

main.c estimated size: 1944

