Microchip MPLAB XC8 Compiler V2.10 ()

Linker command line:

-W-3 --edf=C:\Program Files (x86)\Microchip\xc8\v2.10\pic\dat\en_msgs.txt \
  -cs -h+dist/default/production\Semaforo.X.production.sym \
  --cmf=dist/default/production\Semaforo.X.production.cmf -z -Q16F877A \
  -oC:\Users\Rigna\AppData\Local\Temp\saos.2 --defsym=__MPLAB_BUILD=1 \
  -Mdist/default/production/Semaforo.X.production.map -E1 -ver=XC8 \
  --acfsm=1493 -ASTACK=013Ah-016Fh -pstack=STACK -ACODE=00h-07FFhx4 \
  -ASTRCODE=00h-01FFFh -ASTRING=00h-0FFhx32 -ACONST=00h-0FFhx32 \
  -AENTRY=00h-0FFhx32 -ACOMMON=070h-07Fh -ABANK0=020h-06Fh \
  -ABANK1=0A0h-0EFh -ABANK2=0110h-016Fh -ABANK3=0190h-01EFh \
  -ARAM=020h-06Fh,0A0h-0EFh,0110h-016Fh,0190h-01EFh \
  -AABS1=020h-07Fh,0A0h-0EFh,0110h-016Fh,0190h-01EFh -ASFR0=00h-01Fh \
  -ASFR1=080h-09Fh -ASFR2=0100h-010Fh -ASFR3=0180h-018Fh \
  -preset_vec=00h,intentry=04h,init,end_init -ppowerup=CODE -pcinit=CODE \
  -pfunctab=ENTRY -ACONFIG=02007h-02007h -pconfig=CONFIG -DCONFIG=2 \
  -AIDLOC=02000h-02003h -pidloc=IDLOC -DIDLOC=2 -AEEDATA=00h-0FFh/02100h \
  -peeprom_data=EEDATA -DEEDATA=2 -DCODE=2 -DSTRCODE=2 -DSTRING=2 -DCONST=2 \
  -DENTRY=2 -k C:\Users\Rigna\AppData\Local\Temp\saos.o \
  dist/default/production\Semaforo.X.production.o 

Object code version is 3.11

Machine type is 16F877A



                Name                               Link     Load   Length Selector   Space Scale
C:\Users\Rigna\AppData\Local\Temp\saos.o
                end_init                             10       10        3        8       0
                reset_vec                             0        0        3        0       0
                config                             2007     2007        1     400E       0
dist/default/production\Semaforo.X.production.o
                cinit                                13       13       34        8       0
                intentry                              4        4        C        8       0
                text26                              9B1      9B1        9     1362       0
                text25                              B6F      B6F       4C     16DE       0
                text24                              D77      D77       65     1AEE       0
                text23                              C63      C63       58     18C6       0
                text22                              9F4      9F4       26     13E8       0
                text21                              DDC      DDC       69     1BB8       0
                text20                              CBB      CBB       5B     1976       0
                text19                              7DB      7DB       17        8       0
                text18                              5D4      5D4       CD        8       0
                text17                              507      507       CD        8       0
                text16                              AE1      AE1       46     15C2       0
                text15                              D16      D16       61     1A2C       0
                text14                              C0E      C0E       55     181C       0
                text13                              F53      F53       AD     1EA6       0
                text12                              EB6      EB6       9D     1D6C       0
                text11                              AA7      AA7       3A     154E       0
                text10                              769      769       72        8       0
                text9                               9BA      9BA       13     1374       0
                text8                               BBB      BBB       53     1776       0
                text7                               A1A      A1A       27     1434       0
                text6                               A72      A72       35     14E4       0
                text5                               B27      B27       48     164E       0
                text4                               E45      E45       71     1C8A       0
                text3                               6A1      6A1       C8        8       0
                text2                               7F2      7F2        B        8       0
                text1                               A41      A41       31     1482       0
                maintext                             47       47      4C0        8       0
                cstackBANK0                          20       20       3B       20       1
                cstackCOMMON                         70       70        E       70       1
                cstackBANK3                         1E5      1E5        B      190       1
                clrtext                             9A9      9A9        8     1352       0
                inittext                            9CD      9CD       13     139A       0
                bssBANK2                            110      110       2A      110       1
                bssBANK3                            190      190       55      190       1
                dataBANK1                            DB       DB       14       A0       1
                bssBANK1                             A0       A0       3B       A0       1
                bssBANK0                             5B       5B        A       20       1
                strings                             800      800       12     1000       0
                idataBANK1                          9E0      9E0       14     13C0       0

TOTAL           Name                               Link     Load   Length     Space
        CLASS   STACK          

        CLASS   CODE           
                end_init                             10       10        3         0
                cinit                                13       13       34         0
                intentry                              4        4        C         0
                reset_vec                             0        0        3         0
                text26                              9B1      9B1        9         0
                text25                              B6F      B6F       4C         0
                text24                              D77      D77       65         0
                text23                              C63      C63       58         0
                text22                              9F4      9F4       26         0
                text21                              DDC      DDC       69         0
                text20                              CBB      CBB       5B         0
                text19                              7DB      7DB       17         0
                text18                              5D4      5D4       CD         0
                text17                              507      507       CD         0
                text16                              AE1      AE1       46         0
                text15                              D16      D16       61         0
                text14                              C0E      C0E       55         0
                text13                              F53      F53       AD         0
                text12                              EB6      EB6       9D         0
                text11                              AA7      AA7       3A         0
                text10                              769      769       72         0
                text9                               9BA      9BA       13         0
                text8                               BBB      BBB       53         0
                text7                               A1A      A1A       27         0
                text6                               A72      A72       35         0
                text5                               B27      B27       48         0
                text4                               E45      E45       71         0
                text3                               6A1      6A1       C8         0
                text2                               7F2      7F2        B         0
                text1                               A41      A41       31         0
                maintext                             47       47      4C0         0
                clrtext                             9A9      9A9        8         0
                inittext                            9CD      9CD       13         0
                idataBANK1                          9E0      9E0       14         0

        CLASS   STRCODE        

        CLASS   STRING         
                strings                             800      800       12         0

        CLASS   CONST          

        CLASS   ENTRY          

        CLASS   COMMON         
                cstackCOMMON                         70       70        E         1

        CLASS   BANK0          
                cstackBANK0                          20       20       3B         1
                bssBANK0                             5B       5B        A         1

        CLASS   BANK1          
                dataBANK1                            DB       DB       14         1
                bssBANK1                             A0       A0       3B         1

        CLASS   BANK2          
                bssBANK2                            110      110       2A         1

        CLASS   BANK3          
                cstackBANK3                         1E5      1E5        B         1
                bssBANK3                            190      190       55         1

        CLASS   RAM            

        CLASS   ABS1           
                abs_s1                               7E       7E        2         1

        CLASS   SFR0           

        CLASS   SFR1           

        CLASS   SFR2           

        CLASS   SFR3           

        CLASS   CONFIG         
                config                             2007     2007        1         0

        CLASS   IDLOC          

        CLASS   EEDATA         



SEGMENTS        Name                           Load    Length   Top    Selector   Space  Class     Delta

                reset_vec                      000000  000003  000003         0       0  CODE        2
                intentry                       000004  0007F9  0007FD         8       0  CODE        2
                cstackBANK0                    000020  000045  000065        20       1  BANK0       1
                cstackCOMMON                   000070  00000E  00007E        70       1  COMMON      1
                bssBANK1                       0000A0  00004F  0000EF        A0       1  BANK1       1
                bssBANK2                       000110  00002A  00013A       110       1  BANK2       1
                bssBANK3                       000190  000060  0001F0       190       1  BANK3       1
                strings                        000800  000012  000812      1000       0  STRING      2
                clrtext                        0009A9  000008  0009B1      1352       0  CODE        2
                text26                         0009B1  000009  0009BA      1362       0  CODE        2
                text9                          0009BA  000013  0009CD      1374       0  CODE        2
                inittext                       0009CD  000013  0009E0      139A       0  CODE        2
                idataBANK1                     0009E0  000014  0009F4      13C0       0  CODE        2
                text22                         0009F4  000026  000A1A      13E8       0  CODE        2
                text7                          000A1A  000027  000A41      1434       0  CODE        2
                text1                          000A41  000031  000A72      1482       0  CODE        2
                text6                          000A72  000035  000AA7      14E4       0  CODE        2
                text11                         000AA7  00003A  000AE1      154E       0  CODE        2
                text16                         000AE1  000046  000B27      15C2       0  CODE        2
                text5                          000B27  000048  000B6F      164E       0  CODE        2
                text25                         000B6F  00004C  000BBB      16DE       0  CODE        2
                text8                          000BBB  000053  000C0E      1776       0  CODE        2
                text14                         000C0E  000055  000C63      181C       0  CODE        2
                text23                         000C63  000058  000CBB      18C6       0  CODE        2
                text20                         000CBB  00005B  000D16      1976       0  CODE        2
                text15                         000D16  000061  000D77      1A2C       0  CODE        2
                text24                         000D77  000065  000DDC      1AEE       0  CODE        2
                text21                         000DDC  000069  000E45      1BB8       0  CODE        2
                text4                          000E45  000071  000EB6      1C8A       0  CODE        2
                text12                         000EB6  00009D  000F53      1D6C       0  CODE        2
                text13                         000F53  0000AD  001000      1EA6       0  CODE        2
                config                         002007  000001  002008      400E       0  CONFIG      2


UNUSED ADDRESS RANGES

        Name                Unused          Largest block    Delta
        BANK0            0065-006F              B           1
        BANK1            00EF-00EF              1           1
        BANK2            013A-016F             36           1
        CODE             0003-0003              1           2
                         07FD-07FF              3
                         0812-09A8            197
                         1000-1FFF            800
        CONST            0003-0003              1           2
                         07FD-07FF              3
                         0812-09A8             EE
                         1000-1FFF            100
        EEDATA           2100-21FF            100           2
        ENTRY            0003-0003              1           2
                         07FD-07FF              3
                         0812-09A8             EE
                         1000-1FFF            100
        IDLOC            2000-2003              4           2
        RAM              0065-006F              B           1
                         00EF-00EF              1
                         013A-016F             36
        SFR0             0000-001F             20           1
        SFR1             0080-009F             20           1
        SFR2             0100-010F             10           1
        SFR3             0180-018F             10           1
        STACK            013A-016F             36           1
        STRCODE          0003-0003              1           2
                         07FD-07FF              3
                         0812-09A8            197
                         1000-1FFF           1000
        STRING           0003-0003              1           2
                         07FD-07FF              3
                         0812-09A8             EE
                         1000-1FFF            100

                                  Symbol Table

?_ADC_Read                        cstackBANK0  0024
?_GetTime                         cstackBANK0  0024
?___aldiv                         cstackBANK0  0024
?___awdiv                         cstackBANK0  003F
?___awmod                         cstackBANK0  0038
?___lmul                          cstackBANK0  0024
?___wmul                          cstackBANK0  0024
?_map                             cstackBANK0  0048
?_rand                            cstackBANK0  0031
ADC_Read@canale                   cstackBANK0  0027
BuildByte@byte0                   cstackBANK0  0028
BuildByte@byte1                   cstackBANK0  0024
BuildByte@i                       cstackBANK0  0034
BuildByte@i_341                   cstackBANK0  0036
BuildByte@sommaColumn             cstackBANK0  002F
BuildByte@sommaRow                cstackBANK0  002E
BuildByte@txByte                  cstackBANK0  0029
BuildByte@valore                  cstackBANK0  0025
BuildByte@y                       cstackBANK0  0030
BuildByte@y_342                   cstackBANK0  0032
Conteggio@_car                    cstackCOMMON 0073
Conteggio@_count                  cstackCOMMON 0070
Conteggio@_motorcycle             cstackCOMMON 0072
Conteggio@_truck                  cstackCOMMON 0074
Conteggio@index                   cstackCOMMON 0075
GetDigits@Time                    cstackBANK0  0049
GetDigits@_digits                 cstackBANK0  0050
GetDigits@index                   cstackBANK0  0048
GetTime@_dataFromGateway          cstackBANK0  0024
GetTime@index                     cstackBANK0  0028
GetTime@shortInt                  cstackBANK0  0029
GetTime@tmp                       cstackBANK0  002A
SetDefaultTimers@_semafori        cstackBANK0  002A
SetDefaultTimers@giallo           cstackBANK0  0028
SetDefaultTimers@i                cstackBANK0  002E
SetDefaultTimers@l                cstackBANK0  002F
SetDefaultTimers@rosso            cstackBANK0  0024
SetDefaultTimers@verde            cstackBANK0  0026
SetDisplay@d1                     cstackBANK0  0024
SetDisplay@d2                     cstackBANK0  0025
SetDisplay@d3                     cstackBANK0  0026
SetDisplay@display_index          cstackBANK0  002A
SetDisplay@value                  cstackBANK0  0027
SetReceivedTimes@_dataFromGateway cstackBANK0  0033
SetReceivedTimes@_semafori        cstackBANK0  002C
SetReceivedTimes@colorId          cstackBANK0  0032
SetReceivedTimes@i                cstackBANK0  0035
SetReceivedTimes@index            cstackBANK0  0034
SetReceivedTimes@semaforoId       cstackBANK0  0031
ShowDigitsOnDisplay@display_index cstackBANK0  0041
UART_Init@baudrate                cstackBANK0  0033
UART_TxChar@ch                    cstackBANK0  0024
UpdateTimes@_semafori             cstackBANK0  002E
UpdateTimes@i                     cstackBANK0  002F
UpdateTimes@l                     cstackBANK0  0030
_ADCON0                           (abs)        001F
_ADCON1                           (abs)        009F
_ADC_Read                         text22       09F4
_ADRESH                           (abs)        001E
_ADRESL                           (abs)        009E
_BuildByte                        text3        06A1
_Conteggio                        text25       0B6F
_DigitsArr                        dataBANK1    00DF
_GO_nDONE                         (abs)        00FA
_GetDigits                        text18       05D4
_GetDigits$1248                   cstackBANK0  004E
_GetTime                          text16       0AE1
_INTCON                           (abs)        000B
_INTCONbits                       (abs)        000B
_ISR                              text23       0C63
_OPTION_REG                       (abs)        0081
_PIE1bits                         (abs)        008C
_PORTAbits                        (abs)        0005
_PORTBbits                        (abs)        0006
_PORTCbits                        (abs)        0007
_PORTD                            (abs)        0008
_RCIF                             (abs)        0065
_RCREG                            (abs)        001A
_RCSTAbits                        (abs)        0018
_RoadsSensors                     bssBANK1     00B0
_SPBRG                            (abs)        0099
_Semafori                         dataBANK1    00E7
_SetDefaultTimers                 text17       0507
_SetDisplay                       text14       0C0E
_SetReceivedTimes                 text15       0D16
_ShowDigitsOnDisplay              text13       0F53
_T1CON                            (abs)        0010
_TMR0                             (abs)        0001
_TMR0IF                           (abs)        005A
_TMR1H                            (abs)        000F
_TMR1IF                           (abs)        0060
_TMR1L                            (abs)        000E
_TRISA                            (abs)        0085
_TRISB                            (abs)        0086
_TRISC                            (abs)        0087
_TRISCbits                        (abs)        0087
_TRISD                            (abs)        0088
_TRISE                            (abs)        0089
_TXIF                             (abs)        0064
_TXREG                            (abs)        0019
_TXSTAbits                        (abs)        0098
_UART_Init                        text11       0AA7
_UART_Read                        text26       09B1
_UART_TxChar                      text2        07F2
_UpdateTimes                      text10       0769
__CFG_BOREN$ON                    (abs)        0000
__CFG_CP$OFF                      (abs)        0000
__CFG_CPD$OFF                     (abs)        0000
__CFG_FOSC$HS                     (abs)        0000
__CFG_LVP$ON                      (abs)        0000
__CFG_PWRTE$ON                    (abs)        0000
__CFG_WDTE$OFF                    (abs)        0000
__CFG_WRT$OFF                     (abs)        0000
__Habs1                           abs1         0000
__Hbank0                          bank0        0000
__Hbank1                          bank1        0000
__Hbank2                          bank2        0000
__Hbank3                          bank3        0000
__HbssBANK0                       bssBANK0     0000
__HbssBANK1                       bssBANK1     0000
__HbssBANK2                       bssBANK2     0000
__HbssBANK3                       bssBANK3     0000
__Hcinit                          cinit        0047
__Hclrtext                        clrtext      0000
__Hcode                           code         0000
__Hcommon                         common       0000
__Hconfig                         config       2008
__HcstackBANK0                    cstackBANK0  0000
__HcstackBANK3                    cstackBANK3  0000
__HcstackCOMMON                   cstackCOMMON 0000
__HdataBANK1                      dataBANK1    0000
__Heeprom_data                    eeprom_data  0000
__Hend_init                       end_init     0013
__Hfunctab                        functab      0000
__HidataBANK1                     idataBANK1   0000
__Hidloc                          idloc        0000
__Hinit                           init         0010
__Hinittext                       inittext     0000
__Hintentry                       intentry     0010
__Hmaintext                       maintext     0000
__Hpowerup                        powerup      0000
__Hram                            ram          0000
__Hreset_vec                      reset_vec    0003
__Hsfr0                           sfr0         0000
__Hsfr1                           sfr1         0000
__Hsfr2                           sfr2         0000
__Hsfr3                           sfr3         0000
__Hspace_0                        (abs)        2008
__Hspace_1                        (abs)        01F0
__Hspace_2                        (abs)        0000
__Hspace_3                        (abs)        0000
__Hstack                          stack        0000
__Hstrings                        strings      0000
__Htext                           text         0000
__Labs1                           abs1         0000
__Lbank0                          bank0        0000
__Lbank1                          bank1        0000
__Lbank2                          bank2        0000
__Lbank3                          bank3        0000
__LbssBANK0                       bssBANK0     0000
__LbssBANK1                       bssBANK1     0000
__LbssBANK2                       bssBANK2     0000
__LbssBANK3                       bssBANK3     0000
__Lcinit                          cinit        0013
__Lclrtext                        clrtext      0000
__Lcode                           code         0000
__Lcommon                         common       0000
__Lconfig                         config       2007
__LcstackBANK0                    cstackBANK0  0000
__LcstackBANK3                    cstackBANK3  0000
__LcstackCOMMON                   cstackCOMMON 0000
__LdataBANK1                      dataBANK1    0000
__Leeprom_data                    eeprom_data  0000
__Lend_init                       end_init     0010
__Lfunctab                        functab      0000
__LidataBANK1                     idataBANK1   0000
__Lidloc                          idloc        0000
__Linit                           init         0010
__Linittext                       inittext     0000
__Lintentry                       intentry     0004
__Lmaintext                       maintext     0000
__Lpowerup                        powerup      0000
__Lram                            ram          0000
__Lreset_vec                      reset_vec    0000
__Lsfr0                           sfr0         0000
__Lsfr1                           sfr1         0000
__Lsfr2                           sfr2         0000
__Lsfr3                           sfr3         0000
__Lspace_0                        (abs)        0000
__Lspace_1                        (abs)        0000
__Lspace_2                        (abs)        0000
__Lspace_3                        (abs)        0000
__Lstack                          stack        0000
__Lstrings                        strings      0000
__Ltext                           text         0000
__S0                              (abs)        2008
__S1                              (abs)        01F0
__S2                              (abs)        0000
__S3                              (abs)        0000
___aldiv                          text12       0EB6
___aldiv@counter                  cstackBANK0  002D
___aldiv@dividend                 cstackBANK0  0028
___aldiv@divisor                  cstackBANK0  0024
___aldiv@quotient                 cstackBANK0  002F
___aldiv@sign                     cstackBANK0  002E
___awdiv                          text21       0DDC
___awdiv@counter                  cstackBANK0  0044
___awdiv@dividend                 cstackBANK0  0041
___awdiv@divisor                  cstackBANK0  003F
___awdiv@quotient                 cstackBANK0  0046
___awdiv@sign                     cstackBANK0  0045
___awmod                          text20       0CBB
___awmod@counter                  cstackBANK0  003D
___awmod@dividend                 cstackBANK0  003A
___awmod@divisor                  cstackBANK0  0038
___awmod@sign                     cstackBANK0  003E
___bmul                           text19       07DB
___bmul@multiplicand              cstackBANK0  0024
___bmul@multiplier                cstackBANK0  0027
___bmul@product                   cstackBANK0  0026
___int_sp                         stack        0000
___latbits                        (abs)        0002
___lmul                           text5        0B27
___lmul@multiplicand              cstackBANK0  0028
___lmul@multiplier                cstackBANK0  0024
___lmul@product                   cstackBANK0  002D
___sp                             stack        0000
___stackhi                        (abs)        0000
___stacklo                        (abs)        0000
___wmul                           text7        0A1A
___wmul@multiplicand              cstackBANK0  0026
___wmul@multiplier                cstackBANK0  0024
___wmul@product                   cstackBANK0  0028
__end_of_ADC_Read                 text22       0A1A
__end_of_BuildByte                text3        0769
__end_of_Conteggio                text25       0BBB
__end_of_GetDigits                text18       06A1
__end_of_GetTime                  text16       0B27
__end_of_ISR                      text23       0CBB
__end_of_SetDefaultTimers         text17       05D4
__end_of_SetDisplay               text14       0C63
__end_of_SetReceivedTimes         text15       0D77
__end_of_ShowDigitsOnDisplay      text13       1000
__end_of_UART_Init                text11       0AE1
__end_of_UART_Read                text26       09BA
__end_of_UART_TxChar              text2        07FD
__end_of_UpdateTimes              text10       07DB
__end_of___aldiv                  text12       0F53
__end_of___awdiv                  text21       0E45
__end_of___awmod                  text20       0D16
__end_of___bmul                   text19       07F2
__end_of___lmul                   text5        0B6F
__end_of___wmul                   text7        0A41
__end_of__initialization          cinit        0043
__end_of__stringtab               strings      0806
__end_of_conteggioVeicoli         text24       0DDC
__end_of_display                  strings      0811
__end_of_init_ADC                 text9        09CD
__end_of_luciSemaforo             text8        0C0E
__end_of_main                     maintext     0507
__end_of_map                      text6        0AA7
__end_of_n_semafori               strings      0812
__end_of_rand                     text4        0EB6
__end_of_sendByte                 text1        0A72
__initialization                  cinit        0013
__pbssBANK0                       bssBANK0     005B
__pbssBANK1                       bssBANK1     00A0
__pbssBANK2                       bssBANK2     0110
__pbssBANK3                       bssBANK3     0190
__pcstackBANK0                    cstackBANK0  0020
__pcstackBANK3                    cstackBANK3  01E5
__pcstackCOMMON                   cstackCOMMON 0070
__pdataBANK1                      dataBANK1    00DB
__pidataBANK1                     idataBANK1   09E0
__pintentry                       intentry     0004
__pmaintext                       maintext     0047
__pstrings                        strings      0800
__ptext1                          text1        0A41
__ptext10                         text10       0769
__ptext11                         text11       0AA7
__ptext12                         text12       0EB6
__ptext13                         text13       0F53
__ptext14                         text14       0C0E
__ptext15                         text15       0D16
__ptext16                         text16       0AE1
__ptext17                         text17       0507
__ptext18                         text18       05D4
__ptext19                         text19       07DB
__ptext2                          text2        07F2
__ptext20                         text20       0CBB
__ptext21                         text21       0DDC
__ptext22                         text22       09F4
__ptext23                         text23       0C63
__ptext24                         text24       0D77
__ptext25                         text25       0B6F
__ptext26                         text26       09B1
__ptext3                          text3        06A1
__ptext4                          text4        0E45
__ptext5                          text5        0B27
__ptext6                          text6        0A72
__ptext7                          text7        0A1A
__ptext8                          text8        0BBB
__ptext9                          text9        09BA
__size_of_ADC_Read                (abs)        0000
__size_of_BuildByte               (abs)        0000
__size_of_Conteggio               (abs)        0000
__size_of_GetDigits               (abs)        0000
__size_of_GetTime                 (abs)        0000
__size_of_ISR                     (abs)        0000
__size_of_SetDefaultTimers        (abs)        0000
__size_of_SetDisplay              (abs)        0000
__size_of_SetReceivedTimes        (abs)        0000
__size_of_ShowDigitsOnDisplay     (abs)        0000
__size_of_UART_Init               (abs)        0000
__size_of_UART_Read               (abs)        0000
__size_of_UART_TxChar             (abs)        0000
__size_of_UpdateTimes             (abs)        0000
__size_of___aldiv                 (abs)        0000
__size_of___awdiv                 (abs)        0000
__size_of___awmod                 (abs)        0000
__size_of___bmul                  (abs)        0000
__size_of___lmul                  (abs)        0000
__size_of___wmul                  (abs)        0000
__size_of_conteggioVeicoli        (abs)        0000
__size_of_init_ADC                (abs)        0000
__size_of_luciSemaforo            (abs)        0000
__size_of_main                    (abs)        0000
__size_of_map                     (abs)        0000
__size_of_rand                    (abs)        0000
__size_of_sendByte                (abs)        0000
__stringbase                      strings      0805
__stringtab                       strings      0800
_car                              bssBANK1     00BB
_conteggioVeicoli                 text24       0D77
_count                            bssBANK1     00B4
_count_lux                        bssBANK0     005F
_cycled                           bssBANK0     0061
_dataFromGateway                  bssBANK3     0190
_dataFromGatewayIndex             bssBANK0     005E
_digits0                          bssBANK1     00D8
_digits1                          bssBANK1     00D5
_digits2                          bssBANK1     00D2
_digits3                          bssBANK1     00CF
_digits4                          bssBANK1     00CC
_digits5                          bssBANK1     00C9
_digits6                          bssBANK1     00C6
_digits7                          bssBANK1     00C3
_disp                             bssBANK0     0060
_display                          strings      0806
_init_ADC                         text9        09BA
_luciSemaforo                     text8        0BBB
_main                             maintext     0047
_map                              text6        0A72
_motorcycle                       bssBANK1     00BF
_pressione                        bssBANK1     00B6
_rand                             text4        0E45
_randx                            dataBANK1    00DB
_readGateway                      bssBANK0     0063
_readGatewayDone                  bssBANK0     0064
_s0                               bssBANK3     01D7
_s1                               bssBANK3     01C9
_s2                               bssBANK3     01BB
_s3                               bssBANK3     01AD
_s4                               bssBANK3     019F
_s5                               bssBANK2     012C
_s6                               bssBANK2     011E
_s7                               bssBANK2     0110
_secondPassed                     bssBANK0     0062
_sendByte                         text1        0A41
_temp                             bssBANK0     005C
_time                             bssBANK1     00A0
_timerReadFromGateway             bssBANK0     005D
_truck                            bssBANK1     00B7
_umidita                          bssBANK0     005B
btemp                             (abs)        007E
clear_ram0                        clrtext      09A9
conteggioVeicoli@i                cstackCOMMON 007D
end_of_initialization             cinit        0043
init_fetch0                       inittext     09CD
init_ram0                         inittext     09D1
interrupt_function                intentry     0004
intlevel0                         functab      0000
intlevel1                         functab      0000
intlevel2                         functab      0000
intlevel3                         functab      0000
intlevel4                         functab      0000
intlevel5                         functab      0000
luciSemaforo@index                cstackBANK0  0027
luciSemaforo@lux                  cstackBANK0  0024
main@i                            cstackBANK3  01EF
main@i_527                        cstackBANK3  01EB
main@i_528                        cstackBANK3  01E8
main@i_530                        cstackBANK3  01E9
main@i_532                        cstackBANK3  01EE
main@l                            cstackBANK3  01EA
main@lux_select                   cstackBANK3  01ED
main@randomCar                    cstackBANK3  01E6
main@randomMoto                   cstackBANK3  01E5
main@randomTruck                  cstackBANK3  01E7
map@in_max                        cstackBANK0  004C
map@in_min                        cstackBANK0  004A
map@out_max                       cstackBANK0  0050
map@out_min                       cstackBANK0  004E
map@x                             cstackBANK0  0048
reset_vec                         reset_vec    0000
saved_w                           (abs)        007E
sendByte@byte0                    cstackBANK0  003D
sendByte@byte1                    cstackBANK0  0038
sendByte@i                        cstackBANK0  003F
sendByte@txByte                   cstackBANK0  003E
sendByte@valore                   cstackBANK0  0039
start                             init         0010
start_initialization              cinit        0013
wtemp0                            (abs)        007E


FUNCTION INFORMATION:

 *************** function _main *****************
 Defined at:
		line 136 in file "main.c"
 Parameters:    Size  Location     Type
		None
 Auto vars:     Size  Location     Type
  l               1    5[BANK3 ] unsigned char 
  lux_select      1    8[BANK3 ] unsigned char 
  randomTruck     1    2[BANK3 ] unsigned char 
  randomCar       1    1[BANK3 ] unsigned char 
  randomMoto      1    0[BANK3 ] unsigned char 
  i               1    4[BANK3 ] unsigned char 
  i               1    3[BANK3 ] unsigned char 
  i               2    6[BANK3 ] int 
  i               1   10[BANK3 ] unsigned char 
  i               1    9[BANK3 ] unsigned char 
 Return value:  Size  Location     Type
                  1    wreg      void 
 Registers used:
		wreg, fsr0l, fsr0h, status,2, status,0, btemp+1, pclath, cstack
 Tracked objects:
		On entry : 
		On exit  : 
		Unchanged: 
 Data sizes:     COMMON   BANK0   BANK1   BANK3   BANK2
      Params:         0       0       0       0       0
      Locals:         0       0       0      11       0
      Temps:          0       9       0       0       0
      Totals:         0       9       0      11       0
Total ram usage:       20 bytes
 Hardware stack levels required when called:    5
 This function calls:
		_ADC_Read
		_GetDigits
		_SetDefaultTimers
		_SetReceivedTimes
		_ShowDigitsOnDisplay
		_UART_Init
		_UpdateTimes
		___awmod
		_init_ADC
		_luciSemaforo
		_map
		_rand
		_sendByte
 This function is called by:
		Startup code after reset
 This function uses a non-reentrant model


 *************** function _sendByte *****************
 Defined at:
		line 395 in file "main.c"
 Parameters:    Size  Location     Type
  byte0           1    wreg     unsigned char 
  byte1           1   24[BANK0 ] unsigned char 
  valore          1   25[BANK0 ] unsigned char 
 Auto vars:     Size  Location     Type
  byte0           1   29[BANK0 ] unsigned char 
  i               1   31[BANK0 ] unsigned char 
  txByte          1   30[BANK0 ] PTR unsigned char 
		 -> BuildByte@txByte(5), 
 Return value:  Size  Location     Type
                  1    wreg      void 
 Registers used:
		wreg, fsr0l, fsr0h, status,2, status,0, btemp+1, pclath, cstack
 Tracked objects:
		On entry : 
		On exit  : 
		Unchanged: 
 Data sizes:     COMMON   BANK0   BANK1   BANK3   BANK2
      Params:         0       2       0       0       0
      Locals:         0       3       0       0       0
      Temps:          0       3       0       0       0
      Totals:         0       8       0       0       0
Total ram usage:        8 bytes
 Hardware stack levels used:    1
 Hardware stack levels required when called:    4
 This function calls:
		_BuildByte
		_UART_TxChar
 This function is called by:
		_main
 This function uses a non-reentrant model


 *************** function _UART_TxChar *****************
 Defined at:
		line 370 in file "main.c"
 Parameters:    Size  Location     Type
  ch              1    wreg     unsigned char 
 Auto vars:     Size  Location     Type
  ch              1    4[BANK0 ] unsigned char 
 Return value:  Size  Location     Type
                  1    wreg      void 
 Registers used:
		wreg
 Tracked objects:
		On entry : 
		On exit  : 
		Unchanged: 
 Data sizes:     COMMON   BANK0   BANK1   BANK3   BANK2
      Params:         0       0       0       0       0
      Locals:         0       1       0       0       0
      Temps:          0       0       0       0       0
      Totals:         0       1       0       0       0
Total ram usage:        1 bytes
 Hardware stack levels used:    1
 Hardware stack levels required when called:    3
 This function calls:
		Nothing
 This function is called by:
		_sendByte
		_UART_Write_Text
 This function uses a non-reentrant model


 *************** function _BuildByte *****************
 Defined at:
		line 2 in file "./CustomLib/Serial.h"
 Parameters:    Size  Location     Type
  byte0           1    wreg     unsigned char 
  byte1           1    4[BANK0 ] unsigned char 
  valore          1    5[BANK0 ] unsigned char 
 Auto vars:     Size  Location     Type
  byte0           1    8[BANK0 ] unsigned char 
  y               2   18[BANK0 ] int 
  y               2   16[BANK0 ] int 
  i               2   22[BANK0 ] int 
  i               2   20[BANK0 ] int 
  txByte          5    9[BANK0 ] unsigned char [5]
  sommaColumn     1   15[BANK0 ] unsigned char 
  sommaRow        1   14[BANK0 ] unsigned char 
 Return value:  Size  Location     Type
                  1    wreg      PTR unsigned char 
 Registers used:
		wreg, fsr0l, fsr0h, status,2, status,0, btemp+1
 Tracked objects:
		On entry : 
		On exit  : 
		Unchanged: 
 Data sizes:     COMMON   BANK0   BANK1   BANK3   BANK2
      Params:         0       2       0       0       0
      Locals:         0      16       0       0       0
      Temps:          0       2       0       0       0
      Totals:         0      20       0       0       0
Total ram usage:       20 bytes
 Hardware stack levels used:    1
 Hardware stack levels required when called:    3
 This function calls:
		Nothing
 This function is called by:
		_sendByte
 This function uses a non-reentrant model


 *************** function _rand *****************
 Defined at:
		line 12 in file "C:\Program Files (x86)\Microchip\xc8\v2.10\pic\sources\c90\common\rand.c"
 Parameters:    Size  Location     Type
		None
 Auto vars:     Size  Location     Type
		None
 Return value:  Size  Location     Type
                  2   17[BANK0 ] int 
 Registers used:
		wreg, status,2, status,0, pclath, cstack
 Tracked objects:
		On entry : 
		On exit  : 
		Unchanged: 
 Data sizes:     COMMON   BANK0   BANK1   BANK3   BANK2
      Params:         0       2       0       0       0
      Locals:         0       0       0       0       0
      Temps:          0       5       0       0       0
      Totals:         0       7       0       0       0
Total ram usage:        7 bytes
 Hardware stack levels used:    1
 Hardware stack levels required when called:    4
 This function calls:
		___lmul
 This function is called by:
		_main
 This function uses a non-reentrant model


 *************** function ___lmul *****************
 Defined at:
		line 15 in file "C:\Program Files (x86)\Microchip\xc8\v2.10\pic\sources\c90\common\Umul32.c"
 Parameters:    Size  Location     Type
  multiplier      4    4[BANK0 ] unsigned long 
  multiplicand    4    8[BANK0 ] unsigned long 
 Auto vars:     Size  Location     Type
  product         4   13[BANK0 ] unsigned long 
 Return value:  Size  Location     Type
                  4    4[BANK0 ] unsigned long 
 Registers used:
		wreg, status,2, status,0
 Tracked objects:
		On entry : 
		On exit  : 
		Unchanged: 
 Data sizes:     COMMON   BANK0   BANK1   BANK3   BANK2
      Params:         0       8       0       0       0
      Locals:         0       4       0       0       0
      Temps:          0       1       0       0       0
      Totals:         0      13       0       0       0
Total ram usage:       13 bytes
 Hardware stack levels used:    1
 Hardware stack levels required when called:    3
 This function calls:
		Nothing
 This function is called by:
		_rand
 This function uses a non-reentrant model


 *************** function _map *****************
 Defined at:
		line 115 in file "./CustomLib/TrafficLight.h"
 Parameters:    Size  Location     Type
  x               2   40[BANK0 ] int 
  in_min          2   42[BANK0 ] int 
  in_max          2   44[BANK0 ] int 
  out_min         2   46[BANK0 ] int 
  out_max         2   48[BANK0 ] int 
 Auto vars:     Size  Location     Type
		None
 Return value:  Size  Location     Type
                  2   40[BANK0 ] int 
 Registers used:
		wreg, status,2, status,0, pclath, cstack
 Tracked objects:
		On entry : 
		On exit  : 
		Unchanged: 
 Data sizes:     COMMON   BANK0   BANK1   BANK3   BANK2
      Params:         0      10       0       0       0
      Locals:         0       0       0       0       0
      Temps:          0       0       0       0       0
      Totals:         0      10       0       0       0
Total ram usage:       10 bytes
 Hardware stack levels used:    1
 Hardware stack levels required when called:    4
 This function calls:
		___awdiv
		___wmul
 This function is called by:
		_main
 This function uses a non-reentrant model


 *************** function ___wmul *****************
 Defined at:
		line 15 in file "C:\Program Files (x86)\Microchip\xc8\v2.10\pic\sources\c90\common\Umul16.c"
 Parameters:    Size  Location     Type
  multiplier      2    4[BANK0 ] unsigned int 
  multiplicand    2    6[BANK0 ] unsigned int 
 Auto vars:     Size  Location     Type
  product         2    8[BANK0 ] unsigned int 
 Return value:  Size  Location     Type
                  2    4[BANK0 ] unsigned int 
 Registers used:
		wreg, status,2, status,0
 Tracked objects:
		On entry : 
		On exit  : 
		Unchanged: 
 Data sizes:     COMMON   BANK0   BANK1   BANK3   BANK2
      Params:         0       4       0       0       0
      Locals:         0       2       0       0       0
      Temps:          0       0       0       0       0
      Totals:         0       6       0       0       0
Total ram usage:        6 bytes
 Hardware stack levels used:    1
 Hardware stack levels required when called:    3
 This function calls:
		Nothing
 This function is called by:
		_map
 This function uses a non-reentrant model


 *************** function _luciSemaforo *****************
 Defined at:
		line 427 in file "main.c"
 Parameters:    Size  Location     Type
  index           1    wreg     unsigned char 
  lux             1    4[BANK0 ] unsigned char 
 Auto vars:     Size  Location     Type
  index           1    7[BANK0 ] unsigned char 
 Return value:  Size  Location     Type
                  1    wreg      void 
 Registers used:
		wreg, fsr0l, fsr0h, status,2, status,0
 Tracked objects:
		On entry : 
		On exit  : 
		Unchanged: 
 Data sizes:     COMMON   BANK0   BANK1   BANK3   BANK2
      Params:         0       1       0       0       0
      Locals:         0       1       0       0       0
      Temps:          0       2       0       0       0
      Totals:         0       4       0       0       0
Total ram usage:        4 bytes
 Hardware stack levels used:    1
 Hardware stack levels required when called:    3
 This function calls:
		Nothing
 This function is called by:
		_main
 This function uses a non-reentrant model


 *************** function _init_ADC *****************
 Defined at:
		line 339 in file "main.c"
 Parameters:    Size  Location     Type
		None
 Auto vars:     Size  Location     Type
		None
 Return value:  Size  Location     Type
                  1    wreg      void 
 Registers used:
		wreg, status,2
 Tracked objects:
		On entry : 
		On exit  : 
		Unchanged: 
 Data sizes:     COMMON   BANK0   BANK1   BANK3   BANK2
      Params:         0       0       0       0       0
      Locals:         0       0       0       0       0
      Temps:          0       1       0       0       0
      Totals:         0       1       0       0       0
Total ram usage:        1 bytes
 Hardware stack levels used:    1
 Hardware stack levels required when called:    3
 This function calls:
		Nothing
 This function is called by:
		_main
 This function uses a non-reentrant model


 *************** function _UpdateTimes *****************
 Defined at:
		line 4 in file "./CustomLib/TrafficLight.h"
 Parameters:    Size  Location     Type
  _semafori       1    wreg     PTR PTR struct .
		 -> Semafori(8), 
 Auto vars:     Size  Location     Type
  _semafori       1   14[BANK0 ] PTR PTR struct .
		 -> Semafori(8), 
  i               1   15[BANK0 ] unsigned char 
  l               1   16[BANK0 ] unsigned char 
 Return value:  Size  Location     Type
                  1    wreg      void 
 Registers used:
		wreg, fsr0l, fsr0h, status,2, status,0
 Tracked objects:
		On entry : 
		On exit  : 
		Unchanged: 
 Data sizes:     COMMON   BANK0   BANK1   BANK3   BANK2
      Params:         0       0       0       0       0
      Locals:         0       3       0       0       0
      Temps:          0      10       0       0       0
      Totals:         0      13       0       0       0
Total ram usage:       13 bytes
 Hardware stack levels used:    1
 Hardware stack levels required when called:    3
 This function calls:
		Nothing
 This function is called by:
		_main
 This function uses a non-reentrant model


 *************** function _UART_Init *****************
 Defined at:
		line 358 in file "main.c"
 Parameters:    Size  Location     Type
  baudrate        2   19[BANK0 ] int 
 Auto vars:     Size  Location     Type
		None
 Return value:  Size  Location     Type
                  1    wreg      void 
 Registers used:
		wreg, status,2, status,0, pclath, cstack
 Tracked objects:
		On entry : 
		On exit  : 
		Unchanged: 
 Data sizes:     COMMON   BANK0   BANK1   BANK3   BANK2
      Params:         0       2       0       0       0
      Locals:         0       0       0       0       0
      Temps:          0       4       0       0       0
      Totals:         0       6       0       0       0
Total ram usage:        6 bytes
 Hardware stack levels used:    1
 Hardware stack levels required when called:    4
 This function calls:
		___aldiv
 This function is called by:
		_main
 This function uses a non-reentrant model


 *************** function ___aldiv *****************
 Defined at:
		line 5 in file "C:\Program Files (x86)\Microchip\xc8\v2.10\pic\sources\c90\common\aldiv.c"
 Parameters:    Size  Location     Type
  divisor         4    4[BANK0 ] long 
  dividend        4    8[BANK0 ] long 
 Auto vars:     Size  Location     Type
  quotient        4   15[BANK0 ] long 
  sign            1   14[BANK0 ] unsigned char 
  counter         1   13[BANK0 ] unsigned char 
 Return value:  Size  Location     Type
                  4    4[BANK0 ] long 
 Registers used:
		wreg, status,2, status,0
 Tracked objects:
		On entry : 
		On exit  : 
		Unchanged: 
 Data sizes:     COMMON   BANK0   BANK1   BANK3   BANK2
      Params:         0       8       0       0       0
      Locals:         0       6       0       0       0
      Temps:          0       1       0       0       0
      Totals:         0      15       0       0       0
Total ram usage:       15 bytes
 Hardware stack levels used:    1
 Hardware stack levels required when called:    3
 This function calls:
		Nothing
 This function is called by:
		_UART_Init
 This function uses a non-reentrant model


 *************** function _ShowDigitsOnDisplay *****************
 Defined at:
		line 500 in file "main.c"
 Parameters:    Size  Location     Type
		None
 Auto vars:     Size  Location     Type
  display_inde    1   33[BANK0 ] unsigned char 
 Return value:  Size  Location     Type
                  1    wreg      void 
 Registers used:
		wreg, fsr0l, fsr0h, status,2, status,0, pclath, cstack
 Tracked objects:
		On entry : 
		On exit  : 
		Unchanged: 
 Data sizes:     COMMON   BANK0   BANK1   BANK3   BANK2
      Params:         0       0       0       0       0
      Locals:         0       1       0       0       0
      Temps:          0       2       0       0       0
      Totals:         0       3       0       0       0
Total ram usage:        3 bytes
 Hardware stack levels used:    1
 Hardware stack levels required when called:    4
 This function calls:
		_SetDisplay
		___awmod
 This function is called by:
		_main
 This function uses a non-reentrant model


 *************** function _SetDisplay *****************
 Defined at:
		line 475 in file "main.c"
 Parameters:    Size  Location     Type
  display_inde    1    wreg     unsigned char 
  d1              1    4[BANK0 ] unsigned char 
  d2              1    5[BANK0 ] unsigned char 
  d3              1    6[BANK0 ] unsigned char 
  value           1    7[BANK0 ] unsigned char 
 Auto vars:     Size  Location     Type
  display_inde    1   10[BANK0 ] unsigned char 
 Return value:  Size  Location     Type
                  1    wreg      void 
 Registers used:
		wreg, fsr0l, fsr0h, status,2, status,0
 Tracked objects:
		On entry : 
		On exit  : 
		Unchanged: 
 Data sizes:     COMMON   BANK0   BANK1   BANK3   BANK2
      Params:         0       4       0       0       0
      Locals:         0       1       0       0       0
      Temps:          0       2       0       0       0
      Totals:         0       7       0       0       0
Total ram usage:        7 bytes
 Hardware stack levels used:    1
 Hardware stack levels required when called:    3
 This function calls:
		Nothing
 This function is called by:
		_ShowDigitsOnDisplay
 This function uses a non-reentrant model


 *************** function _SetReceivedTimes *****************
 Defined at:
		line 74 in file "./CustomLib/TrafficLight.h"
 Parameters:    Size  Location     Type
  _dataFromGat    1    wreg     PTR unsigned char 
		 -> dataFromGateway(15), 
  _semafori       1   12[BANK0 ] PTR PTR struct .
		 -> Semafori(8), 
 Auto vars:     Size  Location     Type
  _dataFromGat    1   19[BANK0 ] PTR unsigned char 
		 -> dataFromGateway(15), 
  index           1   20[BANK0 ] unsigned char 
  colorId         1   18[BANK0 ] unsigned char 
  semaforoId      1   17[BANK0 ] unsigned char 
  i               1   21[BANK0 ] unsigned char 
 Return value:  Size  Location     Type
                  1    wreg      void 
 Registers used:
		wreg, fsr0l, fsr0h, status,2, status,0, btemp+1, pclath, cstack
 Tracked objects:
		On entry : 
		On exit  : 
		Unchanged: 
 Data sizes:     COMMON   BANK0   BANK1   BANK3   BANK2
      Params:         0       1       0       0       0
      Locals:         0       5       0       0       0
      Temps:          0       4       0       0       0
      Totals:         0      10       0       0       0
Total ram usage:       10 bytes
 Hardware stack levels used:    1
 Hardware stack levels required when called:    4
 This function calls:
		_GetTime
		___bmul
 This function is called by:
		_main
 This function uses a non-reentrant model


 *************** function _GetTime *****************
 Defined at:
		line 25 in file "./CustomLib/TrafficLight.h"
 Parameters:    Size  Location     Type
  index           1    wreg     unsigned char 
  _dataFromGat    1    4[BANK0 ] PTR unsigned char 
		 -> dataFromGateway(15), 
 Auto vars:     Size  Location     Type
  index           1    8[BANK0 ] unsigned char 
  tmp             2   10[BANK0 ] int 
  shortInt        1    9[BANK0 ] struct .
 Return value:  Size  Location     Type
                  2    4[BANK0 ] int 
 Registers used:
		wreg, fsr0l, fsr0h, status,2, status,0, btemp+1
 Tracked objects:
		On entry : 
		On exit  : 
		Unchanged: 
 Data sizes:     COMMON   BANK0   BANK1   BANK3   BANK2
      Params:         0       2       0       0       0
      Locals:         0       4       0       0       0
      Temps:          0       2       0       0       0
      Totals:         0       8       0       0       0
Total ram usage:        8 bytes
 Hardware stack levels used:    1
 Hardware stack levels required when called:    3
 This function calls:
		Nothing
 This function is called by:
		_SetReceivedTimes
 This function uses a non-reentrant model


 *************** function _SetDefaultTimers *****************
 Defined at:
		line 44 in file "./CustomLib/TrafficLight.h"
 Parameters:    Size  Location     Type
  rosso           2    4[BANK0 ] int 
  verde           2    6[BANK0 ] int 
  giallo          2    8[BANK0 ] int 
  _semafori       1   10[BANK0 ] PTR PTR struct .
		 -> Semafori(8), 
 Auto vars:     Size  Location     Type
  i               1   14[BANK0 ] unsigned char 
  l               1   15[BANK0 ] unsigned char 
 Return value:  Size  Location     Type
                  1    wreg      void 
 Registers used:
		wreg, fsr0l, fsr0h, status,2, status,0
 Tracked objects:
		On entry : 
		On exit  : 
		Unchanged: 
 Data sizes:     COMMON   BANK0   BANK1   BANK3   BANK2
      Params:         0       7       0       0       0
      Locals:         0       2       0       0       0
      Temps:          0       3       0       0       0
      Totals:         0      12       0       0       0
Total ram usage:       12 bytes
 Hardware stack levels used:    1
 Hardware stack levels required when called:    3
 This function calls:
		Nothing
 This function is called by:
		_main
 This function uses a non-reentrant model


 *************** function _GetDigits *****************
 Defined at:
		line 86 in file "./CustomLib/TrafficLight.h"
 Parameters:    Size  Location     Type
  _digits         1    wreg     PTR PTR struct .
		 -> DigitsArr(8), 
  index           1   40[BANK0 ] unsigned char 
  Time            2   41[BANK0 ] int 
 Auto vars:     Size  Location     Type
  _digits         1   48[BANK0 ] PTR PTR struct .
		 -> DigitsArr(8), 
 Return value:  Size  Location     Type
                  1    wreg      void 
 Registers used:
		wreg, fsr0l, fsr0h, status,2, status,0, btemp+1, pclath, cstack
 Tracked objects:
		On entry : 
		On exit  : 
		Unchanged: 
 Data sizes:     COMMON   BANK0   BANK1   BANK3   BANK2
      Params:         0       3       0       0       0
      Locals:         0       3       0       0       0
      Temps:          0       3       0       0       0
      Totals:         0       9       0       0       0
Total ram usage:        9 bytes
 Hardware stack levels used:    1
 Hardware stack levels required when called:    4
 This function calls:
		___awdiv
		___awmod
		___bmul
 This function is called by:
		_main
 This function uses a non-reentrant model


 *************** function ___bmul *****************
 Defined at:
		line 4 in file "C:\Program Files (x86)\Microchip\xc8\v2.10\pic\sources\c90\common\Umul8.c"
 Parameters:    Size  Location     Type
  multiplier      1    wreg     unsigned char 
  multiplicand    1    4[BANK0 ] unsigned char 
 Auto vars:     Size  Location     Type
  multiplier      1    7[BANK0 ] unsigned char 
  product         1    6[BANK0 ] unsigned char 
 Return value:  Size  Location     Type
                  1    wreg      unsigned char 
 Registers used:
		wreg, status,2, status,0
 Tracked objects:
		On entry : 
		On exit  : 
		Unchanged: 
 Data sizes:     COMMON   BANK0   BANK1   BANK3   BANK2
      Params:         0       1       0       0       0
      Locals:         0       2       0       0       0
      Temps:          0       1       0       0       0
      Totals:         0       4       0       0       0
Total ram usage:        4 bytes
 Hardware stack levels used:    1
 Hardware stack levels required when called:    3
 This function calls:
		Nothing
 This function is called by:
		_SetReceivedTimes
		_GetDigits
 This function uses a non-reentrant model


 *************** function ___awmod *****************
 Defined at:
		line 5 in file "C:\Program Files (x86)\Microchip\xc8\v2.10\pic\sources\c90\common\awmod.c"
 Parameters:    Size  Location     Type
  divisor         2   24[BANK0 ] int 
  dividend        2   26[BANK0 ] int 
 Auto vars:     Size  Location     Type
  sign            1   30[BANK0 ] unsigned char 
  counter         1   29[BANK0 ] unsigned char 
 Return value:  Size  Location     Type
                  2   24[BANK0 ] int 
 Registers used:
		wreg, status,2, status,0
 Tracked objects:
		On entry : 
		On exit  : 
		Unchanged: 
 Data sizes:     COMMON   BANK0   BANK1   BANK3   BANK2
      Params:         0       4       0       0       0
      Locals:         0       2       0       0       0
      Temps:          0       1       0       0       0
      Totals:         0       7       0       0       0
Total ram usage:        7 bytes
 Hardware stack levels used:    1
 Hardware stack levels required when called:    3
 This function calls:
		Nothing
 This function is called by:
		_GetDigits
		_main
		_ShowDigitsOnDisplay
 This function uses a non-reentrant model


 *************** function ___awdiv *****************
 Defined at:
		line 5 in file "C:\Program Files (x86)\Microchip\xc8\v2.10\pic\sources\c90\common\awdiv.c"
 Parameters:    Size  Location     Type
  divisor         2   31[BANK0 ] int 
  dividend        2   33[BANK0 ] int 
 Auto vars:     Size  Location     Type
  quotient        2   38[BANK0 ] int 
  sign            1   37[BANK0 ] unsigned char 
  counter         1   36[BANK0 ] unsigned char 
 Return value:  Size  Location     Type
                  2   31[BANK0 ] int 
 Registers used:
		wreg, status,2, status,0
 Tracked objects:
		On entry : 
		On exit  : 
		Unchanged: 
 Data sizes:     COMMON   BANK0   BANK1   BANK3   BANK2
      Params:         0       4       0       0       0
      Locals:         0       4       0       0       0
      Temps:          0       1       0       0       0
      Totals:         0       9       0       0       0
Total ram usage:        9 bytes
 Hardware stack levels used:    1
 Hardware stack levels required when called:    3
 This function calls:
		Nothing
 This function is called by:
		_GetDigits
		_map
 This function uses a non-reentrant model


 *************** function _ADC_Read *****************
 Defined at:
		line 348 in file "main.c"
 Parameters:    Size  Location     Type
  canale          1    wreg     unsigned char 
 Auto vars:     Size  Location     Type
  canale          1    7[BANK0 ] unsigned char 
 Return value:  Size  Location     Type
                  2    4[BANK0 ] int 
 Registers used:
		wreg, status,2, status,0
 Tracked objects:
		On entry : 
		On exit  : 
		Unchanged: 
 Data sizes:     COMMON   BANK0   BANK1   BANK3   BANK2
      Params:         0       2       0       0       0
      Locals:         0       1       0       0       0
      Temps:          0       1       0       0       0
      Totals:         0       4       0       0       0
Total ram usage:        4 bytes
 Hardware stack levels used:    1
 Hardware stack levels required when called:    3
 This function calls:
		Nothing
 This function is called by:
		_main
 This function uses a non-reentrant model


 *************** function _ISR *****************
 Defined at:
		line 526 in file "main.c"
 Parameters:    Size  Location     Type
		None
 Auto vars:     Size  Location     Type
		None
 Return value:  Size  Location     Type
                  1    wreg      void 
 Registers used:
		wreg, fsr0l, fsr0h, status,2, status,0, pclath, cstack
 Tracked objects:
		On entry : 
		On exit  : 
		Unchanged: 
 Data sizes:     COMMON   BANK0   BANK1   BANK3   BANK2
      Params:         0       0       0       0       0
      Locals:         0       0       0       0       0
      Temps:          0       4       0       0       0
      Totals:         0       4       0       0       0
Total ram usage:        4 bytes
 Hardware stack levels used:    1
 Hardware stack levels required when called:    2
 This function calls:
		_UART_Read
		_conteggioVeicoli
 This function is called by:
		Interrupt level 1
 This function uses a non-reentrant model


 *************** function _conteggioVeicoli *****************
 Defined at:
		line 406 in file "main.c"
 Parameters:    Size  Location     Type
		None
 Auto vars:     Size  Location     Type
  i               1   13[COMMON] unsigned char 
 Return value:  Size  Location     Type
                  1    wreg      void 
 Registers used:
		wreg, fsr0l, fsr0h, status,2, status,0, pclath, cstack
 Tracked objects:
		On entry : 
		On exit  : 
		Unchanged: 
 Data sizes:     COMMON   BANK0   BANK1   BANK3   BANK2
      Params:         0       0       0       0       0
      Locals:         1       0       0       0       0
      Temps:          4       0       0       0       0
      Totals:         5       0       0       0       0
Total ram usage:        5 bytes
 Hardware stack levels used:    1
 Hardware stack levels required when called:    1
 This function calls:
		_Conteggio
 This function is called by:
		_ISR
 This function uses a non-reentrant model


 *************** function _Conteggio *****************
 Defined at:
		line 99 in file "./CustomLib/TrafficLight.h"
 Parameters:    Size  Location     Type
  _count          2    0[COMMON] unsigned int 
  _motorcycle     1    2[COMMON] PTR unsigned char 
		 -> motorcycle(4), 
  _car            1    3[COMMON] PTR unsigned char 
		 -> car(4), 
  _truck          1    4[COMMON] PTR unsigned char 
		 -> truck(4), 
  index           1    5[COMMON] unsigned char 
 Auto vars:     Size  Location     Type
		None
 Return value:  Size  Location     Type
                  1    wreg      void 
 Registers used:
		wreg, fsr0l, fsr0h, status,2, status,0
 Tracked objects:
		On entry : 
		On exit  : 
		Unchanged: 
 Data sizes:     COMMON   BANK0   BANK1   BANK3   BANK2
      Params:         6       0       0       0       0
      Locals:         0       0       0       0       0
      Temps:          3       0       0       0       0
      Totals:         9       0       0       0       0
Total ram usage:        9 bytes
 Hardware stack levels used:    1
 This function calls:
		Nothing
 This function is called by:
		_conteggioVeicoli
 This function uses a non-reentrant model


 *************** function _UART_Read *****************
 Defined at:
		line 387 in file "main.c"
 Parameters:    Size  Location     Type
		None
 Auto vars:     Size  Location     Type
		None
 Return value:  Size  Location     Type
                  1    wreg      unsigned char 
 Registers used:
		wreg
 Tracked objects:
		On entry : 
		On exit  : 
		Unchanged: 
 Data sizes:     COMMON   BANK0   BANK1   BANK3   BANK2
      Params:         0       0       0       0       0
      Locals:         0       0       0       0       0
      Temps:          0       0       0       0       0
      Totals:         0       0       0       0       0
Total ram usage:        0 bytes
 Hardware stack levels used:    1
 This function calls:
		Nothing
 This function is called by:
		_ISR
 This function uses a non-reentrant model



MODULE INFORMATION

Module		Function		Class		Link	Load	Size
C:\Program Files (x86)\Microchip\xc8\v2.10\pic\sources\c90\common\awdiv.c
		___awdiv       		CODE           	0DDC	0000	106

C:\Program Files (x86)\Microchip\xc8\v2.10\pic\sources\c90\common\awdiv.c estimated size: 106

C:\Program Files (x86)\Microchip\xc8\v2.10\pic\sources\c90\common\Umul16.c
		___wmul        		CODE           	0A1A	0000	40

C:\Program Files (x86)\Microchip\xc8\v2.10\pic\sources\c90\common\Umul16.c estimated size: 40

C:\Program Files (x86)\Microchip\xc8\v2.10\pic\sources\c90\common\Umul8.c
		___bmul        		CODE           	07DB	0000	24

C:\Program Files (x86)\Microchip\xc8\v2.10\pic\sources\c90\common\Umul8.c estimated size: 24

C:\Program Files (x86)\Microchip\xc8\v2.10\pic\sources\c90\common\aldiv.c
		___aldiv       		CODE           	0EB6	0000	158

C:\Program Files (x86)\Microchip\xc8\v2.10\pic\sources\c90\common\aldiv.c estimated size: 158

C:\Program Files (x86)\Microchip\xc8\v2.10\pic\sources\c90\common\Umul32.c
		___lmul        		CODE           	0B27	0000	73

C:\Program Files (x86)\Microchip\xc8\v2.10\pic\sources\c90\common\Umul32.c estimated size: 73

./CustomLib/Serial.h
		_BuildByte     		CODE           	06A1	0000	201

./CustomLib/Serial.h estimated size: 201

shared
		__stringtab    		STRING         	0800	0000	7
		_display       		STRING         	0806	0000	12
		_n_semafori    		STRING         	0000	0000	0
		__initialization		CODE           	0013	0000	49

shared estimated size: 68

./CustomLib/TrafficLight.h
		_map           		CODE           	0A72	0000	54
		_SetReceivedTimes		CODE           	0D16	0000	98
		_GetTime       		CODE           	0AE1	0000	71
		_SetDefaultTimers		CODE           	0507	0000	206
		_UpdateTimes   		CODE           	0769	0000	115
		_Conteggio     		CODE           	0B6F	0000	77
		_GetDigits     		CODE           	05D4	0000	206

./CustomLib/TrafficLight.h estimated size: 827

C:\Program Files (x86)\Microchip\xc8\v2.10\pic\sources\c90\common\awmod.c
		___awmod       		CODE           	0CBB	0000	92

C:\Program Files (x86)\Microchip\xc8\v2.10\pic\sources\c90\common\awmod.c estimated size: 92

main.c
		_conteggioVeicoli		CODE           	0D77	0000	102
		_luciSemaforo  		CODE           	0BBB	0000	84
		_ISR           		CODE           	0C63	0000	89
		_UART_Read     		CODE           	09B1	0000	10
		_UART_Init     		CODE           	0AA7	0000	59
		_main          		CODE           	0047	0000	1217
		_ShowDigitsOnDisplay		CODE           	0F53	0000	174
		_init_ADC      		CODE           	09BA	0000	20
		_sendByte      		CODE           	0A41	0000	50
		_SetDisplay    		CODE           	0C0E	0000	86
		_ADC_Read      		CODE           	09F4	0000	39
		_UART_TxChar   		CODE           	07F2	0000	12

main.c estimated size: 1942

C:\Program Files (x86)\Microchip\xc8\v2.10\pic\sources\c90\common\rand.c
		_rand          		CODE           	0E45	0000	114

C:\Program Files (x86)\Microchip\xc8\v2.10\pic\sources\c90\common\rand.c estimated size: 114

